06-14 23:10:22.334  3729  3729 D DNC-1   : isValidForEpdg: retValue=false
06-14 23:10:22.344  2523  2847 I am_freeze: [8107,com.samsung.cmh]
06-14 23:10:22.375  3729  3729 E DNC-1   : DataAllowPopup, necessary? apnType=17, disallowed_reason=true, home_disabled=true, roam_disabled=false
06-14 23:10:22.384  3729  3729 D DNC-1   : DataTariff - Not Supoort TSS 2.0
06-14 23:10:22.401  3729  3729 D DNC-1   : Data evaluation: evaluation reason:NEW_REQUEST, Data disallowed reasons: RADIO_POWER_OFF NOT_IN_SERVICE DATA_DISABLED, candidate profile=null, time=23:10:22.362, network type=UNKNOWN, reg state=UNKNOWN, [NetworkRequest [ REQUEST id=227, [ Capabilities: INTERNET&NOT_RESTRICTED&TRUSTED&NOT_VCN_MANAGED&NOT_BANDWIDTH_CONSTRAINED Uid: 10191 RequestorUid: 10191 RequestorPkg: com.android.vending UnderlyingNetworks: Null] ], mPriority=20, state=UNSATISFIED, mAttachedDataNetwork=null, isMetered=true, created time=23:10:22.306, evaluation result=Data evaluation: evaluation reason:NEW_REQUEST, Data disallowed reasons: RADIO_POWER_OFF NOT_IN_SERVICE DATA_DISABLED, candidate profile=null, time=23:10:22.362]
06-14 23:10:22.508  2523  3784 I power_partial_wake_state: [REL,150,SyncLoopWakeLock:android]
06-14 23:10:22.543  2523  3784 I power_partial_wake_state: [REL,29,SyncLoopWakeLock:android]
06-14 23:10:22.562  3729  3729 D TelephonyNetworkFactory[1]: got request NetworkRequest [ REQUEST id=231, [ Transports: SATELLITE Capabilities: INTERNET&NOT_RESTRICTED&TRUSTED&NOT_VCN_MANAGED Uid: 10193 RequestorUid: 10193 RequestorPkg: com.google.android.gms UnderlyingNetworks: Null] ]
06-14 23:10:22.562  3729  3729 D TelephonyNetworkFactory[1]: handleMessage msg={ when=0 what=3 obj=NetworkRequest [ REQUEST id=231, [ Transports: SATELLITE Capabilities: INTERNET&NOT_RESTRICTED&TRUSTED&NOT_VCN_MANAGED Uid: 10193 RequestorUid: 10193 RequestorPkg: com.google.android.gms UnderlyingNetworks: Null] ] target=com.android.internal.telephony.data.TelephonyNetworkFactory$InternalHandler }
06-14 23:10:22.566  3729  3729 D TelephonyNetworkFactory[1]: onNeedNetworkFor [NetworkRequest [ REQUEST id=231, [ Transports: SATELLITE Capabilities: INTERNET&NOT_RESTRICTED&TRUSTED&NOT_VCN_MANAGED Uid: 10193 RequestorUid: 10193 RequestorPkg: com.google.android.gms UnderlyingNetworks: Null] ], mPriority=20, state=UNSATISFIED, mAttachedDataNetwork=null, isMetered=true, created time=23:10:22.563, evaluation result=null] shouldApply true
06-14 23:10:22.567  3729  3729 D TelephonyNetworkFactory[0]: got request NetworkRequest [ REQUEST id=231, [ Transports: SATELLITE Capabilities: INTERNET&NOT_RESTRICTED&TRUSTED&NOT_VCN_MANAGED Uid: 10193 RequestorUid: 10193 RequestorPkg: com.google.android.gms UnderlyingNetworks: Null] ]
06-14 23:10:22.568  3729  3729 D DNC-1   : onAddNetworkRequest: added [NetworkRequest [ REQUEST id=231, [ Transports: SATELLITE Capabilities: INTERNET&NOT_RESTRICTED&TRUSTED&NOT_VCN_MANAGED Uid: 10193 RequestorUid: 10193 RequestorPkg: com.google.android.gms UnderlyingNetworks: Null] ], mPriority=20, state=UNSATISFIED, mAttachedDataNetwork=null, isMetered=true, created time=23:10:22.563, evaluation result=null]
06-14 23:10:22.582  3729  3729 D DNC-1   : isValidForEpdg: retValue=false
06-14 23:10:22.584  3729  3729 E DNC-1   : DataAllowPopup, necessary? apnType=17, disallowed_reason=true, home_disabled=true, roam_disabled=false
06-14 23:10:22.585  3729  3729 D DNC-1   : DataTariff - Not Supoort TSS 2.0
06-14 23:10:22.596  3729  3729 D DNC-1   : Data evaluation: evaluation reason:NEW_REQUEST, Data disallowed reasons: RADIO_POWER_OFF NOT_IN_SERVICE DATA_NETWORK_TRANSPORT_NOT_ALLOWED DATA_DISABLED, candidate profile=null, time=23:10:22.583, network type=UNKNOWN, reg state=UNKNOWN, [NetworkRequest [ REQUEST id=231, [ Transports: SATELLITE Capabilities: INTERNET&NOT_RESTRICTED&TRUSTED&NOT_VCN_MANAGED Uid: 10193 RequestorUid: 10193 RequestorPkg: com.google.android.gms UnderlyingNetworks: Null] ], mPriority=20, state=UNSATISFIED, mAttachedDataNetwork=null, isMetered=true, created time=23:10:22.562, evaluation result=Data evaluation: evaluation reason:NEW_REQUEST, Data disallowed reasons: RADIO_POWER_OFF NOT_IN_SERVICE DATA_NETWORK_TRANSPORT_NOT_ALLOWED DATA_DISABLED, candidate profile=null, time=23:10:22.583]
06-14 23:10:22.597  3729  3729 D TelephonyNetworkFactory[0]: handleMessage msg={ when=-29ms what=3 obj=NetworkRequest [ REQUEST id=231, [ Transports: SATELLITE Capabilities: INTERNET&NOT_RESTRICTED&TRUSTED&NOT_VCN_MANAGED Uid: 10193 RequestorUid: 10193 RequestorPkg: com.google.android.gms UnderlyingNetworks: Null] ] target=com.android.internal.telephony.data.TelephonyNetworkFactory$InternalHandler }
06-14 23:10:22.598  3729  3729 D TelephonyNetworkFactory[0]: onNeedNetworkFor: preferredDataPhoneId isn't update. networkCapability : 12, wait onActivePhoneSwitch, needDdsChange : false
06-14 23:10:22.599  3729  3729 D TelephonyNetworkFactory[0]: onNeedNetworkFor [NetworkRequest [ REQUEST id=231, [ Transports: SATELLITE Capabilities: INTERNET&NOT_RESTRICTED&TRUSTED&NOT_VCN_MANAGED Uid: 10193 RequestorUid: 10193 RequestorPkg: com.google.android.gms UnderlyingNetworks: Null] ], mPriority=20, state=UNSATISFIED, mAttachedDataNetwork=null, isMetered=true, created time=23:10:22.597, evaluation result=null] shouldApply false
06-14 23:10:22.600  2523  5227 I am_uid_active: 10240
06-14 23:10:22.724  2523  3784 I power_partial_wake_state: [REL,163,SyncLoopWakeLock:android]
06-14 23:10:23.012  2523  5227 I am_kill : [0,7857,com.sec.modem.settings,999,empty #31,81080]
06-14 23:10:23.015  2523  5227 I am_kill : [0,7797,com.sec.android.app.SecSetupWizard,999,empty #32,91244]
06-14 23:10:23.016  2523  5227 I am_uid_active: 10211
06-14 23:10:23.049  2523  5227 I power_partial_wake_state: [REL,962,*job*/com.android.vending/com.google.android.finsky.scheduler.process.mainimpl.PhoneskyJobServiceMain:android]
06-14 23:10:23.064  2523  2640 I am_proc_start: [0,8959,10211,com.google.android.apps.maps:server_recovery_process,broadcast,{com.google.android.apps.maps/com.google.android.apps.gmm.plugins.serverrecovery.PhenotypeServerRecoveryHandlerImpl}]
06-14 23:10:23.066  2523  2952 I storage_state: [41217664-9172-527a-b3d5-edabb50a7d69,0,0,23740878848,116599373824]
06-14 23:10:23.070  2523  6261 I am_kill : [0,7896,com.sec.android.app.myfiles,975,empty #31,106572]
06-14 23:10:23.131  2523  4664 I am_proc_died: [0,7896,com.sec.android.app.myfiles,975,19,68,2264]
06-14 23:10:23.132  2523  4664 I am_uid_stopped: 10099
06-14 23:10:23.150  4515  4588 I dvm_lock_sample: [com.google.android.gms.persisten,0,lowpool[2],74,:com.google.android.gms@262031035@26.20.31 (260400-919905943),1,void hnnc.b(hnmp, java.lang.Class),-,20,hmyx hnnc.a(hmzq, java.lang.Integer),14]
06-14 23:10:23.152  2523  5904 I am_proc_died: [0,7797,com.sec.android.app.SecSetupWizard,999,19,72,2265]
06-14 23:10:23.217  2523  5227 I am_proc_bound: [0,8959,com.google.android.apps.maps:server_recovery_process]
06-14 23:10:23.228  2523  5893 I am_proc_died: [0,7857,com.sec.modem.settings,999,19,70,2269]
06-14 23:10:23.449  2523  2627 I commit_sys_config_file: [notification-policy,63]
06-14 23:10:23.466  2523  2639 I am_uid_running: 10195
06-14 23:10:23.488  2523  2640 I am_proc_start: [0,8980,10195,com.google.android.apps.tachyon,broadcast,{com.google.android.apps.tachyon/com.google.android.apps.tachyon.common.applifecycle.BootReceiver}]
06-14 23:10:23.498  4515  4531 I dvm_lock_sample: [com.google.android.gms.persisten,1,binder:4515_1,195,:com.google.android.gms@262031035@26.20.31 (260400-919905943),1,void hnnc.b(hnmp, java.lang.Class),-,20,hmyx hnnc.a(hmzq, java.lang.Integer),39]
06-14 23:10:23.630  2523  5904 I am_kill : [0,7992,com.sec.phone,975,empty #31,82712]
06-14 23:10:23.671  2523  4437 I am_proc_bound: [0,8980,com.google.android.apps.tachyon]
06-14 23:10:23.722  2523  5904 I am_proc_died: [0,7992,com.sec.phone,975,19,62,2300]
06-14 23:10:23.810  4515  4531 I dvm_lock_sample: [com.google.android.gms.persisten,1,binder:4515_1,61,:com.google.android.gms@262031035@26.20.31 (260400-919905943),1,void hnnc.b(hnmp, java.lang.Class),-,20,hmyx hnnc.a(hmzq, java.lang.Integer),12]
06-14 23:10:23.874  4515  4533 I dvm_lock_sample: [com.google.android.gms.persisten,1,binder:4515_3,34,:com.google.android.gms@262031035@26.20.31 (260400-919905943),1,void hnnc.b(hnmp, java.lang.Class),-,20,hmyx hnnc.a(hmzq, java.lang.Integer),6]
06-14 23:10:23.904  2523  2596 I dvm_lock_sample: [system_server,1,binder:2523_3,86,qb/98211615 cf7b145fa1f6b8b22d4aca2ef97f52f62898cf97fb81fa54f2fbee984401cde3,13,int com.android.server.am.ActivityManagerService.bindServiceInstance(android.app.IApplicationThread, android.os.IBinder, android.content.Intent, java.lang.String, android.app.IServiceConnection, long, java.lang.String, boolean, int, java.lang.String, android.app.IApplicationThread, java.lang.String, int),-,28,int com.android.server.am.ActivityManagerService.bindServiceInstance(android.app.IApplicationThread, android.os.IBinder, android.content.Intent, java.lang.String, android.app.IServiceConnection, long, java.lang.String, boolean, int, java.lang.String, android.app.IApplicationThread, java.lang.String, int),17]
06-14 23:10:24.009  2523  2827 I dvm_lock_sample: [system_server,0,appscheduling.default,99,qb/98211615 cf7b145fa1f6b8b22d4aca2ef97f52f62898cf97fb81fa54f2fbee984401cde3,12,int com.android.server.am.ActivityManagerService.broadcastIntentWithFeature(android.app.IApplicationThread, java.lang.String, android.content.Intent, java.lang.String, android.content.IIntentReceiver, int, java.lang.String, android.os.Bundle, java.lang.String[], java.lang.String[], java.lang.String[], int, android.os.Bundle, boolean, boolean, int),-,236,android.app.ContentProviderHolder com.android.server.am.ContentProviderHelper.getContentProviderImpl(android.app.IApplicationThread, java.lang.String, android.os.IBinder, int, java.lang.String, java.lang.String, boolean, int, int),19]
06-14 23:10:24.015  2523  2596 I dvm_lock_sample: [system_server,1,binder:2523_3,111,qb/98211615 cf7b145fa1f6b8b22d4aca2ef97f52f62898cf97fb81fa54f2fbee984401cde3,27,int com.android.server.am.ActivityManagerService.bindServiceInstance(android.app.IApplicationThread, android.os.IBinder, android.content.Intent, java.lang.String, android.app.IServiceConnection, long, java.lang.String, boolean, int, java.lang.String, android.app.IApplicationThread, java.lang.String, int),-,236,android.app.ContentProviderHolder com.android.server.am.ContentProviderHelper.getContentProviderImpl(android.app.IApplicationThread, java.lang.String, android.os.IBinder, int, java.lang.String, java.lang.String, boolean, int, int),22]
06-14 23:10:24.055  2523  2596 I am_proc_start: [0,8994,10191,com.android.vending:background,service,{com.android.vending/com.google.frameworks.client.data.android.server.play.BackgroundProcessEndpointService}]
06-14 23:10:24.069  2523  2596 I am_proc_bound: [0,8994,com.android.vending:background]
06-14 23:10:24.265  2523  2639 I power_partial_wake_state: [REL,77,NotificationManagerService:post:james.dsp:android]
06-14 23:10:24.381  2523  2627 I commit_sys_config_file: [jobs,15]
06-14 23:10:24.541  2523  2640 I am_proc_start: [0,9025,10183,com.google.android.projection.gearhead:car,service,{com.google.android.projection.gearhead/com.google.android.apps.auto.carservice.service.impl.GearheadCarStartupService}]
06-14 23:10:24.627  2523  2523 I notification_cancel: [10191,8745,com.android.vending,951340667,NULL,0,0,33856,8,NULL]
06-14 23:10:24.643  2523  5893 I am_proc_bound: [0,9025,com.google.android.projection.gearhead:car]
06-14 23:10:24.693  2523  2523 I power_partial_wake_state: [REL,500,Prevent Sleep by AssistantDelay:android]
06-14 23:10:24.756  2523  2807 I power_partial_wake_state: [REL,20,Icing:com.google.android.gms]
06-14 23:10:24.812  8801  8948 I dvm_lock_sample: [com.google.android.apps.maps,0,Background_1,104,PG,3,com.google.android.gms.common.ConnectionResult bhoc.c(bhob, android.content.ServiceConnection, java.lang.String, java.util.concurrent.Executor),-,74,com.google.android.gms.common.ConnectionResult bhoc.c(bhob, android.content.ServiceConnection, java.lang.String, java.util.concurrent.Executor),20]
06-14 23:10:24.951  2523  5965 I power_partial_wake_state: [REL,4847,CryptauthEnroller:com.google.android.gms]
06-14 23:10:25.179  4515  7124 I dvm_lock_sample: [com.google.android.gms.persisten,1,binder:4515_7,221,:com.google.android.gms@262031035@26.20.31 (260400-919905943),1,void hnnc.b(hnmp, java.lang.Class),-,20,hmyx hnnc.a(hmzq, java.lang.Integer),44]
06-14 23:10:25.184  2523  5986 I dvm_lock_sample: [system_server,1,binder:2523_1A,16,qb/98211615 cf7b145fa1f6b8b22d4aca2ef97f52f62898cf97fb81fa54f2fbee984401cde3,22,void com.android.server.am.ActivityManagerService.publishService(android.os.IBinder, android.content.Intent, android.os.IBinder),-,72,void com.android.server.am.ActiveServices.updateNumForegroundServicesLocked(),3]
06-14 23:10:25.189  4515  4588 I service_manager_slow: [64,android.system.keystore2.IKeystoreService/default]
06-14 23:10:25.249  2523  4437 I service_manager_slow: [30,application_policy]
06-14 23:10:25.296  2523  4664 I power_partial_wake_state: [DIS,0,Application creation -> Application.onCreate -> Startup Listeners -> CrashStartupListener:com.google.android.apps.tachyon(disabled: nocached)]
06-14 23:10:25.312  2523  4437 I am_kill : [0,8080,com.samsung.android.providers.trash,975,empty #31,90400]
06-14 23:10:25.338  2523  2807 I power_partial_wake_state: [DIS,0,Application creation -> Application.onCreate -> Startup Listeners -> CrashStartupListener:com.google.android.apps.tachyon(disabled: nocached)]
06-14 23:10:25.344  2523  4664 I power_partial_wake_state: [DIS,0,Application creation -> Application.onCreate -> Startup Listeners -> CrashStartupListener:com.google.android.apps.tachyon(disabled: nocached)]
06-14 23:10:25.358  2523  4437 I power_partial_wake_state: [DIS,0,Application creation -> Application.onCreate -> Startup Listeners -> CrashStartupListener:com.google.android.apps.tachyon(disabled: nocached)]
06-14 23:10:25.388  2523  4437 I dvm_lock_sample: [system_server,1,binder:2523_B,6,r8-map-id-bd8a188c72dcb420b3bf2c8bb5c3bcde85b40b6a76b9f502e6132e524d661836,-2,java.lang.Object[][] org.matrix.vector.nativebridge.HookBridge.callbackSnapshot(java.lang.Class, java.lang.reflect.Executable),,0,null,1]
06-14 23:10:25.388  2523  5965 I power_partial_wake_state: [REL,38,CallbackRunner:com.google.android.gms]
06-14 23:10:25.395  2523  4437 I am_proc_died: [0,8080,com.samsung.android.providers.trash,975,19,99,2273]
06-14 23:10:25.397  2523  2639 I am_wtf  : [0,2523,system_server,-1,SystemServiceRegistry,Unknown manager requested: desktopmode]
06-14 23:10:25.419  8980  9099 I dvm_lock_sample: [com.google.android.apps.tachyon,0,Primes-nativecrash-sidecar,340,Runtime.java,-1,void java.lang.Runtime.loadLibrary0(java.lang.ClassLoader, java.lang.Class, java.lang.String),-,1083,void java.lang.Runtime.loadLibrary0(java.lang.ClassLoader, java.lang.Class, java.lang.String),68]
06-14 23:10:25.503  3729  4470 D Phone-0 : isImsCapabilityAvailable, capability=1, regTech=0, isAvailable=false
06-14 23:10:25.548  8801  8977 I dvm_lock_sample: [com.google.android.apps.maps,0,Background_8,328,PG,1,java.lang.Object crmn.d(),-,42,java.lang.Object crmn.d(),65]
06-14 23:10:25.551  3729  4470 D Phone-1 : isImsCapabilityAvailable, capability=1, regTech=0, isAvailable=false
06-14 23:10:25.581  3729  3729 D TelephonyNetworkFactory[1]: got request NetworkRequest [ REQUEST id=235, [ Capabilities: INTERNET&NOT_RESTRICTED&TRUSTED&NOT_VCN_MANAGED&NOT_BANDWIDTH_CONSTRAINED Uid: 10195 RequestorUid: 10195 RequestorPkg: com.google.android.apps.tachyon UnderlyingNetworks: Null] ]
06-14 23:10:25.581  3729  3729 D TelephonyNetworkFactory[0]: got request NetworkRequest [ REQUEST id=235, [ Capabilities: INTERNET&NOT_RESTRICTED&TRUSTED&NOT_VCN_MANAGED&NOT_BANDWIDTH_CONSTRAINED Uid: 10195 RequestorUid: 10195 RequestorPkg: com.google.android.apps.tachyon UnderlyingNetworks: Null] ]
06-14 23:10:25.581  3729  3729 D TelephonyNetworkFactory[1]: handleMessage msg={ when=-1ms what=3 obj=NetworkRequest [ REQUEST id=235, [ Capabilities: INTERNET&NOT_RESTRICTED&TRUSTED&NOT_VCN_MANAGED&NOT_BANDWIDTH_CONSTRAINED Uid: 10195 RequestorUid: 10195 RequestorPkg: com.google.android.apps.tachyon UnderlyingNetworks: Null] ] target=com.android.internal.telephony.data.TelephonyNetworkFactory$InternalHandler }
06-14 23:10:25.603  4515  4533 I dvm_lock_sample: [com.google.android.gms.persisten,0,binder:4515_3,94,:com.google.android.gms@262031035@26.20.31 (260400-919905943),1,void hnnc.b(hnmp, java.lang.Class),-,20,hmyx hnnc.a(hmzq, java.lang.Integer),18]
06-14 23:10:25.608  3729  3729 D TelephonyNetworkFactory[1]: onNeedNetworkFor [NetworkRequest [ REQUEST id=235, [ Capabilities: INTERNET&NOT_RESTRICTED&TRUSTED&NOT_VCN_MANAGED&NOT_BANDWIDTH_CONSTRAINED Uid: 10195 RequestorUid: 10195 RequestorPkg: com.google.android.apps.tachyon UnderlyingNetworks: Null] ], mPriority=20, state=UNSATISFIED, mAttachedDataNetwork=null, isMetered=true, created time=23:10:25.581, evaluation result=null] shouldApply true
06-14 23:10:25.608  3729  3729 D TelephonyNetworkFactory[0]: handleMessage msg={ when=-27ms what=3 obj=NetworkRequest [ REQUEST id=235, [ Capabilities: INTERNET&NOT_RESTRICTED&TRUSTED&NOT_VCN_MANAGED&NOT_BANDWIDTH_CONSTRAINED Uid: 10195 RequestorUid: 10195 RequestorPkg: com.google.android.apps.tachyon UnderlyingNetworks: Null] ] target=com.android.internal.telephony.data.TelephonyNetworkFactory$InternalHandler }
06-14 23:10:25.611  3729  3729 D TelephonyNetworkFactory[0]: onNeedNetworkFor: preferredDataPhoneId isn't update. networkCapability : 12, wait onActivePhoneSwitch, needDdsChange : false
06-14 23:10:25.612  3729  3729 D TelephonyNetworkFactory[0]: onNeedNetworkFor [NetworkRequest [ REQUEST id=235, [ Capabilities: INTERNET&NOT_RESTRICTED&TRUSTED&NOT_VCN_MANAGED&NOT_BANDWIDTH_CONSTRAINED Uid: 10195 RequestorUid: 10195 RequestorPkg: com.google.android.apps.tachyon UnderlyingNetworks: Null] ], mPriority=20, state=UNSATISFIED, mAttachedDataNetwork=null, isMetered=true, created time=23:10:25.609, evaluation result=null] shouldApply false
06-14 23:10:25.613  3729  3729 D DNC-1   : onAddNetworkRequest: added [NetworkRequest [ REQUEST id=235, [ Capabilities: INTERNET&NOT_RESTRICTED&TRUSTED&NOT_VCN_MANAGED&NOT_BANDWIDTH_CONSTRAINED Uid: 10195 RequestorUid: 10195 RequestorPkg: com.google.android.apps.tachyon UnderlyingNetworks: Null] ], mPriority=20, state=UNSATISFIED, mAttachedDataNetwork=null, isMetered=true, created time=23:10:25.581, evaluation result=null]
06-14 23:10:25.638  3729  3729 D DNC-1   : isValidForEpdg: retValue=false
06-14 23:10:25.677  3729  3729 E DNC-1   : DataAllowPopup, necessary? apnType=17, disallowed_reason=true, home_disabled=true, roam_disabled=false
06-14 23:10:25.677  3729  3729 D DNC-1   : DataTariff - Not Supoort TSS 2.0
06-14 23:10:25.705  4515  7124 I dvm_lock_sample: [com.google.android.gms.persisten,1,binder:4515_7,34,:com.google.android.gms@262031035@26.20.31 (260400-919905943),1,void hnnc.b(hnmp, java.lang.Class),-,20,hmyx hnnc.a(hmzq, java.lang.Integer),6]
06-14 23:10:25.725  3729  3729 D DNC-1   : Data evaluation: evaluation reason:NEW_REQUEST, Data disallowed reasons: RADIO_POWER_OFF NOT_IN_SERVICE DATA_DISABLED, candidate profile=null, time=23:10:25.668, network type=UNKNOWN, reg state=UNKNOWN, [NetworkRequest [ REQUEST id=235, [ Capabilities: INTERNET&NOT_RESTRICTED&TRUSTED&NOT_VCN_MANAGED&NOT_BANDWIDTH_CONSTRAINED Uid: 10195 RequestorUid: 10195 RequestorPkg: com.google.android.apps.tachyon UnderlyingNetworks: Null] ], mPriority=20, state=UNSATISFIED, mAttachedDataNetwork=null, isMetered=true, created time=23:10:25.581, evaluation result=Data evaluation: evaluation reason:NEW_REQUEST, Data disallowed reasons: RADIO_POWER_OFF NOT_IN_SERVICE DATA_DISABLED, candidate profile=null, time=23:10:25.668]
06-14 23:10:25.725  3729  3729 D TelephonyNetworkFactory[1]: got request NetworkRequest [ REQUEST id=238, [ Capabilities: INTERNET&NOT_RESTRICTED&TRUSTED&NOT_VCN_MANAGED&NOT_BANDWIDTH_CONSTRAINED Uid: 10191 RequestorUid: 10191 RequestorPkg: com.android.vending UnderlyingNetworks: Null] ]
06-14 23:10:25.726  3729  3729 D TelephonyNetworkFactory[0]: got request NetworkRequest [ REQUEST id=238, [ Capabilities: INTERNET&NOT_RESTRICTED&TRUSTED&NOT_VCN_MANAGED&NOT_BANDWIDTH_CONSTRAINED Uid: 10191 RequestorUid: 10191 RequestorPkg: com.android.vending UnderlyingNetworks: Null] ]
06-14 23:10:25.756  2523  5965 I power_partial_wake_state: [REL,10712,*job*/com.google.android.apps.photos/com.google.android.libraries.social.async.BackgroundTaskJobService:android]
06-14 23:10:25.800  3729  3729 D TelephonyNetworkFactory[1]: handleMessage msg={ when=-74ms what=3 obj=NetworkRequest [ REQUEST id=238, [ Capabilities: INTERNET&NOT_RESTRICTED&TRUSTED&NOT_VCN_MANAGED&NOT_BANDWIDTH_CONSTRAINED Uid: 10191 RequestorUid: 10191 RequestorPkg: com.android.vending UnderlyingNetworks: Null] ] target=com.android.internal.telephony.data.TelephonyNetworkFactory$InternalHandler }
06-14 23:10:25.801  3729  3729 D TelephonyNetworkFactory[1]: onNeedNetworkFor [NetworkRequest [ REQUEST id=238, [ Capabilities: INTERNET&NOT_RESTRICTED&TRUSTED&NOT_VCN_MANAGED&NOT_BANDWIDTH_CONSTRAINED Uid: 10191 RequestorUid: 10191 RequestorPkg: com.android.vending UnderlyingNetworks: Null] ], mPriority=20, state=UNSATISFIED, mAttachedDataNetwork=null, isMetered=true, created time=23:10:25.800, evaluation result=null] shouldApply true
06-14 23:10:25.802  3729  3729 D TelephonyNetworkFactory[0]: handleMessage msg={ when=-2ms what=3 obj=NetworkRequest [ REQUEST id=238, [ Capabilities: INTERNET&NOT_RESTRICTED&TRUSTED&NOT_VCN_MANAGED&NOT_BANDWIDTH_CONSTRAINED Uid: 10191 RequestorUid: 10191 RequestorPkg: com.android.vending UnderlyingNetworks: Null] ] target=com.android.internal.telephony.data.TelephonyNetworkFactory$InternalHandler }
06-14 23:10:25.807  3729  3729 D TelephonyNetworkFactory[0]: onNeedNetworkFor: preferredDataPhoneId isn't update. networkCapability : 12, wait onActivePhoneSwitch, needDdsChange : false
06-14 23:10:25.808  2523  5965 I am_kill : [0,7875,com.sidia.suframa.notification,975,empty #31,118864]
06-14 23:10:25.812  4515  7124 I dvm_lock_sample: [com.google.android.gms.persisten,1,binder:4515_7,32,:com.google.android.gms@262031035@26.20.31 (260400-919905943),1,void hnnl.h(hnnq),-,78,void hnnl.g(hnno),6]
06-14 23:10:25.861  3729  3729 D TelephonyNetworkFactory[0]: onNeedNetworkFor [NetworkRequest [ REQUEST id=238, [ Capabilities: INTERNET&NOT_RESTRICTED&TRUSTED&NOT_VCN_MANAGED&NOT_BANDWIDTH_CONSTRAINED Uid: 10191 RequestorUid: 10191 RequestorPkg: com.android.vending UnderlyingNetworks: Null] ], mPriority=20, state=UNSATISFIED, mAttachedDataNetwork=null, isMetered=true, created time=23:10:25.802, evaluation result=null] shouldApply false
06-14 23:10:25.863  2523  2807 I am_uid_active: 10195
06-14 23:10:25.921  3729  3729 D DNC-1   : onAddNetworkRequest: added [NetworkRequest [ REQUEST id=238, [ Capabilities: INTERNET&NOT_RESTRICTED&TRUSTED&NOT_VCN_MANAGED&NOT_BANDWIDTH_CONSTRAINED Uid: 10191 RequestorUid: 10191 RequestorPkg: com.android.vending UnderlyingNetworks: Null] ], mPriority=20, state=UNSATISFIED, mAttachedDataNetwork=null, isMetered=true, created time=23:10:25.799, evaluation result=null]
06-14 23:10:25.928  2523  2640 I am_proc_start: [0,9151,10189,com.google.android.apps.turbo:aab,broadcast,{com.google.android.apps.turbo/com.google.android.libraries.smartbattery.appusage.library.BootReceiver}]
06-14 23:10:25.959  2523  4044 I power_partial_wake_state: [REL,3,*job*/@androidx.work.systemjobscheduler@com.google.android.googlequicksearchbox/androidx.work.impl.background.systemjob.SystemJobService:android]
06-14 23:10:25.970  2523  5904 I am_proc_bound: [0,9151,com.google.android.apps.turbo:aab]
06-14 23:10:26.042  3729  3729 D DNC-1   : isValidForEpdg: retValue=false
06-14 23:10:26.046  3729  3729 E DNC-1   : DataAllowPopup, necessary? apnType=17, disallowed_reason=true, home_disabled=true, roam_disabled=false
06-14 23:10:26.046  3729  3729 D DNC-1   : DataTariff - Not Supoort TSS 2.0
06-14 23:10:26.049  3729  3729 D DNC-1   : Data evaluation: evaluation reason:NEW_REQUEST, Data disallowed reasons: RADIO_POWER_OFF NOT_IN_SERVICE DATA_DISABLED, candidate profile=null, time=23:10:26.044, network type=UNKNOWN, reg state=UNKNOWN, [NetworkRequest [ REQUEST id=238, [ Capabilities: INTERNET&NOT_RESTRICTED&TRUSTED&NOT_VCN_MANAGED&NOT_BANDWIDTH_CONSTRAINED Uid: 10191 RequestorUid: 10191 RequestorPkg: com.android.vending UnderlyingNetworks: Null] ], mPriority=20, state=UNSATISFIED, mAttachedDataNetwork=null, isMetered=true, created time=23:10:25.800, evaluation result=Data evaluation: evaluation reason:NEW_REQUEST, Data disallowed reasons: RADIO_POWER_OFF NOT_IN_SERVICE DATA_DISABLED, candidate profile=null, time=23:10:26.044]
06-14 23:10:26.075  3729  3729 D TelephonyNetworkFactory[1]: got request NetworkRequest [ REQUEST id=241, [ Transports: SATELLITE Capabilities: INTERNET&NOT_RESTRICTED&TRUSTED&NOT_VCN_MANAGED Uid: 10211 RequestorUid: 10211 RequestorPkg: com.google.android.apps.maps UnderlyingNetworks: Null] ]
06-14 23:10:26.075  3729  3729 D TelephonyNetworkFactory[1]: handleMessage msg={ when=0 what=3 obj=NetworkRequest [ REQUEST id=241, [ Transports: SATELLITE Capabilities: INTERNET&NOT_RESTRICTED&TRUSTED&NOT_VCN_MANAGED Uid: 10211 RequestorUid: 10211 RequestorPkg: com.google.android.apps.maps UnderlyingNetworks: Null] ] target=com.android.internal.telephony.data.TelephonyNetworkFactory$InternalHandler }
06-14 23:10:26.084  3729  3729 D TelephonyNetworkFactory[1]: onNeedNetworkFor [NetworkRequest [ REQUEST id=241, [ Transports: SATELLITE Capabilities: INTERNET&NOT_RESTRICTED&TRUSTED&NOT_VCN_MANAGED Uid: 10211 RequestorUid: 10211 RequestorPkg: com.google.android.apps.maps UnderlyingNetworks: Null] ], mPriority=20, state=UNSATISFIED, mAttachedDataNetwork=null, isMetered=true, created time=23:10:26.075, evaluation result=null] shouldApply true
06-14 23:10:26.087  3729  3729 D TelephonyNetworkFactory[0]: got request NetworkRequest [ REQUEST id=241, [ Transports: SATELLITE Capabilities: INTERNET&NOT_RESTRICTED&TRUSTED&NOT_VCN_MANAGED Uid: 10211 RequestorUid: 10211 RequestorPkg: com.google.android.apps.maps UnderlyingNetworks: Null] ]
06-14 23:10:26.094  3729  3729 D DNC-1   : onAddNetworkRequest: added [NetworkRequest [ REQUEST id=241, [ Transports: SATELLITE Capabilities: INTERNET&NOT_RESTRICTED&TRUSTED&NOT_VCN_MANAGED Uid: 10211 RequestorUid: 10211 RequestorPkg: com.google.android.apps.maps UnderlyingNetworks: Null] ], mPriority=20, state=UNSATISFIED, mAttachedDataNetwork=null, isMetered=true, created time=23:10:26.075, evaluation result=null]
06-14 23:10:26.101  3729  3729 D DNC-1   : isValidForEpdg: retValue=false
06-14 23:10:26.104  3729  3729 E DNC-1   : DataAllowPopup, necessary? apnType=17, disallowed_reason=true, home_disabled=true, roam_disabled=false
06-14 23:10:26.104  3729  3729 D DNC-1   : DataTariff - Not Supoort TSS 2.0
06-14 23:10:26.106  3729  3729 D DNC-1   : Data evaluation: evaluation reason:NEW_REQUEST, Data disallowed reasons: RADIO_POWER_OFF NOT_IN_SERVICE DATA_NETWORK_TRANSPORT_NOT_ALLOWED DATA_DISABLED, candidate profile=null, time=23:10:26.102, network type=UNKNOWN, reg state=UNKNOWN, [NetworkRequest [ REQUEST id=241, [ Transports: SATELLITE Capabilities: INTERNET&NOT_RESTRICTED&TRUSTED&NOT_VCN_MANAGED Uid: 10211 RequestorUid: 10211 RequestorPkg: com.google.android.apps.maps UnderlyingNetworks: Null] ], mPriority=20, state=UNSATISFIED, mAttachedDataNetwork=null, isMetered=true, created time=23:10:26.075, evaluation result=Data evaluation: evaluation reason:NEW_REQUEST, Data disallowed reasons: RADIO_POWER_OFF NOT_IN_SERVICE DATA_NETWORK_TRANSPORT_NOT_ALLOWED DATA_DISABLED, candidate profile=null, time=23:10:26.102]
06-14 23:10:26.106  3729  3729 D TelephonyNetworkFactory[0]: handleMessage msg={ when=-20ms what=3 obj=NetworkRequest [ REQUEST id=241, [ Transports: SATELLITE Capabilities: INTERNET&NOT_RESTRICTED&TRUSTED&NOT_VCN_MANAGED Uid: 10211 RequestorUid: 10211 RequestorPkg: com.google.android.apps.maps UnderlyingNetworks: Null] ] target=com.android.internal.telephony.data.TelephonyNetworkFactory$InternalHandler }
06-14 23:10:26.110  3729  3729 D TelephonyNetworkFactory[0]: onNeedNetworkFor: preferredDataPhoneId isn't update. networkCapability : 12, wait onActivePhoneSwitch, needDdsChange : false
06-14 23:10:26.116  3729  3729 D TelephonyNetworkFactory[0]: onNeedNetworkFor [NetworkRequest [ REQUEST id=241, [ Transports: SATELLITE Capabilities: INTERNET&NOT_RESTRICTED&TRUSTED&NOT_VCN_MANAGED Uid: 10211 RequestorUid: 10211 RequestorPkg: com.google.android.apps.maps UnderlyingNetworks: Null] ], mPriority=20, state=UNSATISFIED, mAttachedDataNetwork=null, isMetered=true, created time=23:10:26.106, evaluation result=null] shouldApply false
06-14 23:10:26.123  2523  2640 I am_proc_start: [0,9167,10189,com.google.android.apps.turbo:ssb,broadcast,{com.google.android.apps.turbo/com.google.android.libraries.smartbattery.brightness.library.BootReceiver}]
06-14 23:10:26.125  4515  8473 I dvm_lock_sample: [com.google.android.gms.persisten,0,highpool[13],291,:com.google.android.gms@262031035@26.20.31 (260400-919905943),1,void hnnc.b(hnmp, java.lang.Class),-,20,hmyx hnnc.a(hmzq, java.lang.Integer),58]
06-14 23:10:26.127  2523  6261 I am_kill : [0,8153,com.google.android.projection.gearhead:shared,975,empty #31,111596]
06-14 23:10:26.180  3729  3729 D TelephonyNetworkFactory[1]: got request NetworkRequest [ REQUEST id=244, [ Transports: SATELLITE Capabilities: INTERNET&NOT_RESTRICTED&TRUSTED&NOT_VCN_MANAGED Uid: 10193 RequestorUid: 10193 RequestorPkg: com.google.android.gms UnderlyingNetworks: Null] ]
06-14 23:10:26.180  3729  3729 D TelephonyNetworkFactory[1]: handleMessage msg={ when=0 what=3 obj=NetworkRequest [ REQUEST id=244, [ Transports: SATELLITE Capabilities: INTERNET&NOT_RESTRICTED&TRUSTED&NOT_VCN_MANAGED Uid: 10193 RequestorUid: 10193 RequestorPkg: com.google.android.gms UnderlyingNetworks: Null] ] target=com.android.internal.telephony.data.TelephonyNetworkFactory$InternalHandler }
06-14 23:10:26.181  3729  3729 D TelephonyNetworkFactory[1]: onNeedNetworkFor [NetworkRequest [ REQUEST id=244, [ Transports: SATELLITE Capabilities: INTERNET&NOT_RESTRICTED&TRUSTED&NOT_VCN_MANAGED Uid: 10193 RequestorUid: 10193 RequestorPkg: com.google.android.gms UnderlyingNetworks: Null] ], mPriority=20, state=UNSATISFIED, mAttachedDataNetwork=null, isMetered=true, created time=23:10:26.180, evaluation result=null] shouldApply true
06-14 23:10:26.182  3729  3729 D TelephonyNetworkFactory[0]: got request NetworkRequest [ REQUEST id=244, [ Transports: SATELLITE Capabilities: INTERNET&NOT_RESTRICTED&TRUSTED&NOT_VCN_MANAGED Uid: 10193 RequestorUid: 10193 RequestorPkg: com.google.android.gms UnderlyingNetworks: Null] ]
06-14 23:10:26.184  3729  3729 D DNC-1   : onAddNetworkRequest: added [NetworkRequest [ REQUEST id=244, [ Transports: SATELLITE Capabilities: INTERNET&NOT_RESTRICTED&TRUSTED&NOT_VCN_MANAGED Uid: 10193 RequestorUid: 10193 RequestorPkg: com.google.android.gms UnderlyingNetworks: Null] ], mPriority=20, state=UNSATISFIED, mAttachedDataNetwork=null, isMetered=true, created time=23:10:26.180, evaluation result=null]
06-14 23:10:26.196  3729  3729 D DNC-1   : isValidForEpdg: retValue=false
06-14 23:10:26.203  2523  5886 I am_proc_bound: [0,9167,com.google.android.apps.turbo:ssb]
06-14 23:10:26.208  3729  3729 E DNC-1   : DataAllowPopup, necessary? apnType=17, disallowed_reason=true, home_disabled=true, roam_disabled=false
06-14 23:10:26.209  3729  3729 D DNC-1   : DataTariff - Not Supoort TSS 2.0
06-14 23:10:26.233  3729  3729 D DNC-1   : Data evaluation: evaluation reason:NEW_REQUEST, Data disallowed reasons: RADIO_POWER_OFF NOT_IN_SERVICE DATA_NETWORK_TRANSPORT_NOT_ALLOWED DATA_DISABLED, candidate profile=null, time=23:10:26.197, network type=UNKNOWN, reg state=UNKNOWN, [NetworkRequest [ REQUEST id=244, [ Transports: SATELLITE Capabilities: INTERNET&NOT_RESTRICTED&TRUSTED&NOT_VCN_MANAGED Uid: 10193 RequestorUid: 10193 RequestorPkg: com.google.android.gms UnderlyingNetworks: Null] ], mPriority=20, state=UNSATISFIED, mAttachedDataNetwork=null, isMetered=true, created time=23:10:26.181, evaluation result=Data evaluation: evaluation reason:NEW_REQUEST, Data disallowed reasons: RADIO_POWER_OFF NOT_IN_SERVICE DATA_NETWORK_TRANSPORT_NOT_ALLOWED DATA_DISABLED, candidate profile=null, time=23:10:26.197]
06-14 23:10:26.234  3729  3729 D TelephonyNetworkFactory[0]: handleMessage msg={ when=-51ms what=3 obj=NetworkRequest [ REQUEST id=244, [ Transports: SATELLITE Capabilities: INTERNET&NOT_RESTRICTED&TRUSTED&NOT_VCN_MANAGED Uid: 10193 RequestorUid: 10193 RequestorPkg: com.google.android.gms UnderlyingNetworks: Null] ] target=com.android.internal.telephony.data.TelephonyNetworkFactory$InternalHandler }
06-14 23:10:26.236  3729  3729 D TelephonyNetworkFactory[0]: onNeedNetworkFor: preferredDataPhoneId isn't update. networkCapability : 12, wait onActivePhoneSwitch, needDdsChange : false
06-14 23:10:26.237  3729  3729 D TelephonyNetworkFactory[0]: onNeedNetworkFor [NetworkRequest [ REQUEST id=244, [ Transports: SATELLITE Capabilities: INTERNET&NOT_RESTRICTED&TRUSTED&NOT_VCN_MANAGED Uid: 10193 RequestorUid: 10193 RequestorPkg: com.google.android.gms UnderlyingNetworks: Null] ], mPriority=20, state=UNSATISFIED, mAttachedDataNetwork=null, isMetered=true, created time=23:10:26.235, evaluation result=null] shouldApply false
06-14 23:10:26.242  4515  8472 I dvm_lock_sample: [com.google.android.gms.persisten,0,highpool[12],9250,:com.google.android.gms@262031035@26.20.31 (260400-919905943),1,dsyo dxsu.b(dtub),-,30,void dxsu.Q(android.accounts.Account, java.lang.String),100]
06-14 23:10:26.331  2523  6290 I power_partial_wake_state: [REL,374,*job*/@androidx.work.systemjobscheduler@com.google.android.googlequicksearchbox/androidx.work.impl.background.systemjob.SystemJobService:android]
06-14 23:10:26.345  4515  8473 I dvm_lock_sample: [com.google.android.gms.persisten,0,highpool[13],209,:com.google.android.gms@262031035@26.20.31 (260400-919905943),1,void hnnc.b(hnmp, java.lang.Class),-,20,hmyx hnnc.a(hmzq, java.lang.Integer),41]
06-14 23:10:26.346  2523  2639 I am_uid_running: 10188
06-14 23:10:26.354  2523  5904 I am_kill : [0,6433,com.google.android.apps.restore,975,empty #31,107916]
06-14 23:10:26.373  2523  2640 I am_proc_start: [0,9193,10188,com.google.android.as.oss,broadcast,{com.google.android.as.oss/com.google.android.apps.miphone.astrea.common.broadcastreceivers.BootCompletedBroadcastReceiver}]
06-14 23:10:26.442  2523  5904 I am_proc_died: [0,8153,com.google.android.projection.gearhead:shared,975,19,173,2176]
06-14 23:10:26.450  2523  5904 I am_kill : [0,8199,com.sec.android.gallery3d,975,empty #31,123984]
06-14 23:10:26.467  2523  5904 I am_kill : [0,6076,com.samsung.android.sm.provider,985,empty #32,95212]
06-14 23:10:26.472  2523  5904 I am_kill : [0,6342,com.samsung.android.app.clockpack:provider,985,empty #33,101672]
06-14 23:10:26.543  2523  2627 I commit_sys_config_file: [notification-policy,105]
06-14 23:10:26.556  2523  6168 I am_proc_died: [0,6076,com.samsung.android.sm.provider,985,19,173,2181]
06-14 23:10:26.568  2523  6168 I am_proc_bound: [0,9193,com.google.android.as.oss]
06-14 23:10:26.580  2523  2596 I am_proc_died: [0,7875,com.sidia.suframa.notification,975,19,175,2178]
06-14 23:10:26.580  2523  2596 I am_uid_stopped: 10218
06-14 23:10:26.648  4515  4578 I dvm_lock_sample: [com.google.android.gms.persisten,0,actvpool[2],299,:com.google.android.gms@262031035@26.20.31 (260400-919905943),1,void hnnc.b(hnmp, java.lang.Class),-,20,hmyx hnnc.a(hmzq, java.lang.Integer),59]
06-14 23:10:26.671  3729  3729 D TelephonyNetworkFactory[1]: got request NetworkRequest [ REQUEST id=246, [ Capabilities: INTERNET&NOT_RESTRICTED&TRUSTED&NOT_VCN_MANAGED&NOT_BANDWIDTH_CONSTRAINED Uid: 10191 RequestorUid: 10191 RequestorPkg: com.android.vending UnderlyingNetworks: Null] ]
06-14 23:10:26.672  3729  3729 D TelephonyNetworkFactory[1]: handleMessage msg={ when=0 what=3 obj=NetworkRequest [ REQUEST id=246, [ Capabilities: INTERNET&NOT_RESTRICTED&TRUSTED&NOT_VCN_MANAGED&NOT_BANDWIDTH_CONSTRAINED Uid: 10191 RequestorUid: 10191 RequestorPkg: com.android.vending UnderlyingNetworks: Null] ] target=com.android.internal.telephony.data.TelephonyNetworkFactory$InternalHandler }
06-14 23:10:26.673  3729  3729 D TelephonyNetworkFactory[1]: onNeedNetworkFor [NetworkRequest [ REQUEST id=246, [ Capabilities: INTERNET&NOT_RESTRICTED&TRUSTED&NOT_VCN_MANAGED&NOT_BANDWIDTH_CONSTRAINED Uid: 10191 RequestorUid: 10191 RequestorPkg: com.android.vending UnderlyingNetworks: Null] ], mPriority=20, state=UNSATISFIED, mAttachedDataNetwork=null, isMetered=true, created time=23:10:26.672, evaluation result=null] shouldApply true
06-14 23:10:26.674  3729  3729 D DNC-1   : onAddNetworkRequest: added [NetworkRequest [ REQUEST id=246, [ Capabilities: INTERNET&NOT_RESTRICTED&TRUSTED&NOT_VCN_MANAGED&NOT_BANDWIDTH_CONSTRAINED Uid: 10191 RequestorUid: 10191 RequestorPkg: com.android.vending UnderlyingNetworks: Null] ], mPriority=20, state=UNSATISFIED, mAttachedDataNetwork=null, isMetered=true, created time=23:10:26.671, evaluation result=null]
06-14 23:10:26.680  2523  2596 I dvm_lock_sample: [system_server,1,binder:2523_3,35,qb/98211615 cf7b145fa1f6b8b22d4aca2ef97f52f62898cf97fb81fa54f2fbee984401cde3,15,android.content.ComponentName com.android.server.am.ActivityManagerService.startService(android.app.IApplicationThread, android.content.Intent, java.lang.String, boolean, java.lang.String, java.lang.String, int, boolean, int, java.lang.String, java.lang.String),-,10,void com.android.server.am.BroadcastQueueModernImpl.updateRunningList(),7]
06-14 23:10:26.693  3729  3729 D DNC-1   : isValidForEpdg: retValue=false
06-14 23:10:26.695  3729  3729 E DNC-1   : DataAllowPopup, necessary? apnType=17, disallowed_reason=true, home_disabled=true, roam_disabled=false
06-14 23:10:26.695  3729  3729 D DNC-1   : DataTariff - Not Supoort TSS 2.0
06-14 23:10:26.696  3729  3729 D DNC-1   : Data evaluation: evaluation reason:NEW_REQUEST, Data disallowed reasons: RADIO_POWER_OFF NOT_IN_SERVICE DATA_DISABLED, candidate profile=null, time=23:10:26.694, network type=UNKNOWN, reg state=UNKNOWN, [NetworkRequest [ REQUEST id=246, [ Capabilities: INTERNET&NOT_RESTRICTED&TRUSTED&NOT_VCN_MANAGED&NOT_BANDWIDTH_CONSTRAINED Uid: 10191 RequestorUid: 10191 RequestorPkg: com.android.vending UnderlyingNetworks: Null] ], mPriority=20, state=UNSATISFIED, mAttachedDataNetwork=null, isMetered=true, created time=23:10:26.671, evaluation result=Data evaluation: evaluation reason:NEW_REQUEST, Data disallowed reasons: RADIO_POWER_OFF NOT_IN_SERVICE DATA_DISABLED, candidate profile=null, time=23:10:26.694]
06-14 23:10:26.696  3729  3729 D TelephonyNetworkFactory[0]: got request NetworkRequest [ REQUEST id=246, [ Capabilities: INTERNET&NOT_RESTRICTED&TRUSTED&NOT_VCN_MANAGED&NOT_BANDWIDTH_CONSTRAINED Uid: 10191 RequestorUid: 10191 RequestorPkg: com.android.vending UnderlyingNetworks: Null] ]
06-14 23:10:26.696  3729  3729 D TelephonyNetworkFactory[0]: handleMessage msg={ when=0 what=3 obj=NetworkRequest [ REQUEST id=246, [ Capabilities: INTERNET&NOT_RESTRICTED&TRUSTED&NOT_VCN_MANAGED&NOT_BANDWIDTH_CONSTRAINED Uid: 10191 RequestorUid: 10191 RequestorPkg: com.android.vending UnderlyingNetworks: Null] ] target=com.android.internal.telephony.data.TelephonyNetworkFactory$InternalHandler }
06-14 23:10:26.697  3729  3729 D TelephonyNetworkFactory[0]: onNeedNetworkFor: preferredDataPhoneId isn't update. networkCapability : 12, wait onActivePhoneSwitch, needDdsChange : false
06-14 23:10:26.697  3729  3729 D TelephonyNetworkFactory[0]: onNeedNetworkFor [NetworkRequest [ REQUEST id=246, [ Capabilities: INTERNET&NOT_RESTRICTED&TRUSTED&NOT_VCN_MANAGED&NOT_BANDWIDTH_CONSTRAINED Uid: 10191 RequestorUid: 10191 RequestorPkg: com.android.vending UnderlyingNetworks: Null] ], mPriority=20, state=UNSATISFIED, mAttachedDataNetwork=null, isMetered=true, created time=23:10:26.696, evaluation result=null] shouldApply false
06-14 23:10:26.795  3729  3729 D TelephonyNetworkFactory[1]: got request NetworkRequest [ REQUEST id=250, [ Transports: SATELLITE Capabilities: INTERNET&NOT_RESTRICTED&TRUSTED&NOT_VCN_MANAGED Uid: 10211 RequestorUid: 10211 RequestorPkg: com.google.android.apps.maps UnderlyingNetworks: Null] ]
06-14 23:10:26.795  3729  3729 D TelephonyNetworkFactory[0]: got request NetworkRequest [ REQUEST id=250, [ Transports: SATELLITE Capabilities: INTERNET&NOT_RESTRICTED&TRUSTED&NOT_VCN_MANAGED Uid: 10211 RequestorUid: 10211 RequestorPkg: com.google.android.apps.maps UnderlyingNetworks: Null] ]
06-14 23:10:26.795  3729  3729 D TelephonyNetworkFactory[1]: handleMessage msg={ when=-1ms what=3 obj=NetworkRequest [ REQUEST id=250, [ Transports: SATELLITE Capabilities: INTERNET&NOT_RESTRICTED&TRUSTED&NOT_VCN_MANAGED Uid: 10211 RequestorUid: 10211 RequestorPkg: com.google.android.apps.maps UnderlyingNetworks: Null] ] target=com.android.internal.telephony.data.TelephonyNetworkFactory$InternalHandler }
06-14 23:10:26.796  3729  3729 D TelephonyNetworkFactory[1]: onNeedNetworkFor [NetworkRequest [ REQUEST id=250, [ Transports: SATELLITE Capabilities: INTERNET&NOT_RESTRICTED&TRUSTED&NOT_VCN_MANAGED Uid: 10211 RequestorUid: 10211 RequestorPkg: com.google.android.apps.maps UnderlyingNetworks: Null] ], mPriority=20, state=UNSATISFIED, mAttachedDataNetwork=null, isMetered=true, created time=23:10:26.796, evaluation result=null] shouldApply true
06-14 23:10:26.796  3729  3729 D TelephonyNetworkFactory[0]: handleMessage msg={ when=-1ms what=3 obj=NetworkRequest [ REQUEST id=250, [ Transports: SATELLITE Capabilities: INTERNET&NOT_RESTRICTED&TRUSTED&NOT_VCN_MANAGED Uid: 10211 RequestorUid: 10211 RequestorPkg: com.google.android.apps.maps UnderlyingNetworks: Null] ] target=com.android.internal.telephony.data.TelephonyNetworkFactory$InternalHandler }
06-14 23:10:26.796  3729  3729 D TelephonyNetworkFactory[0]: onNeedNetworkFor: preferredDataPhoneId isn't update. networkCapability : 12, wait onActivePhoneSwitch, needDdsChange : false
06-14 23:10:26.797  3729  3729 D TelephonyNetworkFactory[0]: onNeedNetworkFor [NetworkRequest [ REQUEST id=250, [ Transports: SATELLITE Capabilities: INTERNET&NOT_RESTRICTED&TRUSTED&NOT_VCN_MANAGED Uid: 10211 RequestorUid: 10211 RequestorPkg: com.google.android.apps.maps UnderlyingNetworks: Null] ], mPriority=20, state=UNSATISFIED, mAttachedDataNetwork=null, isMetered=true, created time=23:10:26.797, evaluation result=null] shouldApply false
06-14 23:10:26.797  3729  3729 D DNC-1   : onAddNetworkRequest: added [NetworkRequest [ REQUEST id=250, [ Transports: SATELLITE Capabilities: INTERNET&NOT_RESTRICTED&TRUSTED&NOT_VCN_MANAGED Uid: 10211 RequestorUid: 10211 RequestorPkg: com.google.android.apps.maps UnderlyingNetworks: Null] ], mPriority=20, state=UNSATISFIED, mAttachedDataNetwork=null, isMetered=true, created time=23:10:26.795, evaluation result=null]
06-14 23:10:26.798  3729  3729 D DNC-1   : isValidForEpdg: retValue=false
06-14 23:10:26.799  3729  3729 E DNC-1   : DataAllowPopup, necessary? apnType=17, disallowed_reason=true, home_disabled=true, roam_disabled=false
06-14 23:10:26.800  3729  3729 D DNC-1   : DataTariff - Not Supoort TSS 2.0
06-14 23:10:26.800  3729  3729 D DNC-1   : Data evaluation: evaluation reason:NEW_REQUEST, Data disallowed reasons: RADIO_POWER_OFF NOT_IN_SERVICE DATA_NETWORK_TRANSPORT_NOT_ALLOWED DATA_DISABLED, candidate profile=null, time=23:10:26.799, network type=UNKNOWN, reg state=UNKNOWN, [NetworkRequest [ REQUEST id=250, [ Transports: SATELLITE Capabilities: INTERNET&NOT_RESTRICTED&TRUSTED&NOT_VCN_MANAGED Uid: 10211 RequestorUid: 10211 RequestorPkg: com.google.android.apps.maps UnderlyingNetworks: Null] ], mPriority=20, state=UNSATISFIED, mAttachedDataNetwork=null, isMetered=true, created time=23:10:26.795, evaluation result=Data evaluation: evaluation reason:NEW_REQUEST, Data disallowed reasons: RADIO_POWER_OFF NOT_IN_SERVICE DATA_NETWORK_TRANSPORT_NOT_ALLOWED DATA_DISABLED, candidate profile=null, time=23:10:26.799]
06-14 23:10:26.939  2523  6080 I am_proc_died: [0,6342,com.samsung.android.app.clockpack:provider,985,19,147,2189]
06-14 23:10:26.994  2523  2802 I am_proc_died: [0,6433,com.google.android.apps.restore,975,19,142,2191]
06-14 23:10:26.996  2523  2802 I am_uid_stopped: 10187
06-14 23:10:27.008  2523  5904 I dvm_lock_sample: [system_server,0,binder:2523_16,69,qb/98211615 cf7b145fa1f6b8b22d4aca2ef97f52f62898cf97fb81fa54f2fbee984401cde3,7,void com.android.server.am.ActivityManagerService.serviceDoneExecuting(android.os.IBinder, int, int, int, android.content.Intent),,0,null,13]
06-14 23:10:27.009  2523  2805 I dvm_lock_sample: [system_server,1,binder:2523_6,93,qb/98211615 cf7b145fa1f6b8b22d4aca2ef97f52f62898cf97fb81fa54f2fbee984401cde3,13,int com.android.server.am.ActivityManagerService.bindServiceInstance(android.app.IApplicationThread, android.os.IBinder, android.content.Intent, java.lang.String, android.app.IServiceConnection, long, java.lang.String, boolean, int, java.lang.String, android.app.IApplicationThread, java.lang.String, int),,0,null,18]
06-14 23:10:27.011  2523  4664 I dvm_lock_sample: [system_server,1,binder:2523_D,106,qb/98211615 cf7b145fa1f6b8b22d4aca2ef97f52f62898cf97fb81fa54f2fbee984401cde3,13,int com.android.server.am.ActivityManagerService.bindServiceInstance(android.app.IApplicationThread, android.os.IBinder, android.content.Intent, java.lang.String, android.app.IServiceConnection, long, java.lang.String, boolean, int, java.lang.String, android.app.IApplicationThread, java.lang.String, int),,0,null,21]
06-14 23:10:27.025  2523  5231 I dvm_lock_sample: [system_server,1,binder:2523_12,42,qb/98211615 cf7b145fa1f6b8b22d4aca2ef97f52f62898cf97fb81fa54f2fbee984401cde3,700,android.content.Intent com.android.server.am.ActivityManagerService.registerReceiverWithFeatureTraced(android.app.IApplicationThread, java.lang.String, java.lang.String, java.lang.String, android.content.IIntentReceiver, android.content.IntentFilter, java.lang.String, int, int),,0,null,8]
06-14 23:10:27.035  2523  6168 I am_proc_died: [0,8199,com.sec.android.gallery3d,975,19,145,2193]
06-14 23:10:27.036  2523  6168 I am_uid_stopped: 10096
06-14 23:10:27.059  8801  8977 I dvm_lock_sample: [com.google.android.apps.maps,0,Background_8,534,PG,1,java.lang.Long aovn.g(),-,40,void aovn.h(),100]
06-14 23:10:27.073  2523  4664 I dvm_lock_sample: [system_server,1,binder:2523_D,48,qb/98211615 cf7b145fa1f6b8b22d4aca2ef97f52f62898cf97fb81fa54f2fbee984401cde3,27,int com.android.server.am.ActivityManagerService.bindServiceInstance(android.app.IApplicationThread, android.os.IBinder, android.content.Intent, java.lang.String, android.app.IServiceConnection, long, java.lang.String, boolean, int, java.lang.String, android.app.IApplicationThread, java.lang.String, int),,0,null,9]
06-14 23:10:27.110  2523  4664 I power_partial_wake_state: [REL,219,*job*/com.android.vending/com.google.android.finsky.scheduler.process.backgroundimpl.PhoneskyJobServiceBackground:android]
06-14 23:10:27.138  2523  6168 I power_partial_wake_state: [REL,8,*job*/com.google.android.apps.turbo/com.google.android.libraries.smartbattery.common.phenotype.UpdatePhenotypeFlagsJob:android]
06-14 23:10:27.285  2523  4664 I power_partial_wake_state: [REL,958,tachyon:BootReceiver:com.google.android.apps.tachyon]
06-14 23:10:27.327  4515  8473 I dvm_lock_sample: [com.google.android.gms.persisten,0,highpool[13],204,:com.google.android.gms@262031035@26.20.31 (260400-919905943),1,void hnnc.b(hnmp, java.lang.Class),-,20,hmyx hnnc.a(hmzq, java.lang.Integer),40]
06-14 23:10:27.329  4515  8474 I dvm_lock_sample: [com.google.android.gms.persisten,0,highpool[14],163,:com.google.android.gms@262031035@26.20.31 (260400-919905943),1,void hnnc.b(hnmp, java.lang.Class),-,20,hmyx hnnc.a(hmzq, java.lang.Integer),32]
06-14 23:10:27.402  2523  5893 I am_uid_active: 10188
06-14 23:10:27.419  2523  2523 I notification_cancel: [10211,8801,com.google.android.apps.maps,225554803,NULL,0,0,33856,8,NULL]
06-14 23:10:27.424  3729  3933 E SatelliteModemInterface: requestIsSatelliteSupported: Satellite service is unavailable.
06-14 23:10:27.424  3729  3933 E SatelliteServiceUtils: isSatelliteSupported SatelliteException: android.telephony.satellite.SatelliteManager$SatelliteException
06-14 23:10:27.424  3729  3933 D SatelliteServiceUtils: isSatelliteSupported error: 10
06-14 23:10:27.425  2523  2523 I notification_cancel: [10211,8801,com.google.android.apps.maps,225554804,NULL,0,0,33856,8,NULL]
06-14 23:10:27.427  2523  2523 I notification_cancel: [10211,8801,com.google.android.apps.maps,6,NULL,0,0,33856,8,NULL]
06-14 23:10:27.433  2523  2523 I notification_cancel: [10193,5354,com.google.android.gms,1,NULL,0,0,33856,8,NULL]
06-14 23:10:27.475  2523  2639 I am_uid_running: 10180
06-14 23:10:27.493  2523  6290 I power_partial_wake_state: [REL,1064,CryptauthEnroller:com.google.android.gms]
06-14 23:10:27.512  2523  2640 I am_proc_start: [0,9258,10180,com.google.android.configupdater,broadcast,{com.google.android.configupdater/com.google.android.configupdater.MainReceiver}]
06-14 23:10:27.583  3729  3729 D TelephonyNetworkFactory[1]: got request NetworkRequest [ REQUEST id=254, [ Transports: SATELLITE Capabilities: INTERNET&NOT_RESTRICTED&TRUSTED&NOT_VCN_MANAGED Uid: 10211 RequestorUid: 10211 RequestorPkg: com.google.android.apps.maps UnderlyingNetworks: Null] ]
06-14 23:10:27.584  3729  3729 D TelephonyNetworkFactory[0]: got request NetworkRequest [ REQUEST id=254, [ Transports: SATELLITE Capabilities: INTERNET&NOT_RESTRICTED&TRUSTED&NOT_VCN_MANAGED Uid: 10211 RequestorUid: 10211 RequestorPkg: com.google.android.apps.maps UnderlyingNetworks: Null] ]
