06-14 23:09:43.852  3729  3729 D TelephonyNetworkFactory[0]: onNeedNetworkFor [NetworkRequest [ REQUEST id=144, [ Transports: SATELLITE Capabilities: INTERNET&NOT_RESTRICTED&TRUSTED&NOT_VCN_MANAGED Uid: 10193 RequestorUid: 10193 RequestorPkg: com.google.android.gms UnderlyingNetworks: Null] ], mPriority=20, state=UNSATISFIED, mAttachedDataNetwork=null, isMetered=true, created time=23:09:43.852, evaluation result=null] shouldApply false
06-14 23:09:43.976  3729  3729 D SEM_RILJ: [0344]> OEM_HOOK_RAW[1182000D010000000010000000] [PHONE0]
06-14 23:09:43.977  3729  3933 D SatelliteController: handleCmdUpdateNtnSignalStrengthReporting: ignore request, satellite is disabled
06-14 23:09:43.978  3729  4508 D SEM_RILJ: [0344]< OEM_HOOK_RAW error 38 [PHONE0]
06-14 23:09:43.979  3729  4508 D RilRequest: [0344]< OEM_HOOK_RAW error: com.android.internal.telephony.CommandException: INTERNAL_ERR ret=[] [convertToString] result=null
06-14 23:09:43.982  3729  3729 D SEM_RILJ: [0345]> OEM_HOOK_RAW[1182000D010000000010000000] [PHONE1]
06-14 23:09:43.983  3729  3729 D DRM-0   : RemoveLastRetryEntry: from device screen-on
06-14 23:09:43.983  3729  3729 D DRM-1   : RemoveLastRetryEntry: from device screen-on
06-14 23:09:43.984  3729  4508 D SEM_RILJ: [0345]< OEM_HOOK_RAW error 38 [PHONE1]
06-14 23:09:43.985  3729  4508 D RilRequest: [0345]< OEM_HOOK_RAW error: com.android.internal.telephony.CommandException: INTERNAL_ERR ret=[] [convertToString] result=null
06-14 23:09:44.248  3729  3729 D SEM_RILJ: [0346]> OEM_HOOK_RAW[1182000D000000000010000000] [PHONE0]
06-14 23:09:44.250  3729  4508 D SEM_RILJ: [0346]< OEM_HOOK_RAW error 38 [PHONE0]
06-14 23:09:44.250  3729  4508 D RilRequest: [0346]< OEM_HOOK_RAW error: com.android.internal.telephony.CommandException: INTERNAL_ERR ret=[] [convertToString] result=null
06-14 23:09:44.250  3729  3933 D SatelliteController: handleCmdUpdateNtnSignalStrengthReporting: ignore request, satellite is disabled
06-14 23:09:44.259  3729  3729 D SEM_RILJ: [0347]> OEM_HOOK_RAW[1182000D000000000010000000] [PHONE1]
06-14 23:09:44.260  3729  4508 D SEM_RILJ: [0347]< OEM_HOOK_RAW error 38 [PHONE1]
06-14 23:09:44.260  3729  4508 D RilRequest: [0347]< OEM_HOOK_RAW error: com.android.internal.telephony.CommandException: INTERNAL_ERR ret=[] [convertToString] result=null
06-14 23:09:44.966  3729  3729 D SEM_RILJ: [0348]> OEM_HOOK_RAW[1182000D010000000010000000] [PHONE0]
06-14 23:09:44.968  3729  3933 D SatelliteController: handleCmdUpdateNtnSignalStrengthReporting: ignore request, satellite is disabled
06-14 23:09:44.969  3729  4506 D SEM_RILJ: [0348]< OEM_HOOK_RAW error 38 [PHONE0]
06-14 23:09:44.969  3729  4506 D RilRequest: [0348]< OEM_HOOK_RAW error: com.android.internal.telephony.CommandException: INTERNAL_ERR ret=[] [convertToString] result=null
06-14 23:09:44.979  3729  3729 D SEM_RILJ: [0349]> OEM_HOOK_RAW[1182000D010000000010000000] [PHONE1]
06-14 23:09:44.980  3729  3729 D DRM-0   : RemoveLastRetryEntry: from device screen-on
06-14 23:09:44.980  3729  3729 D DRM-1   : RemoveLastRetryEntry: from device screen-on
06-14 23:09:44.983  3729  4506 D SEM_RILJ: [0349]< OEM_HOOK_RAW error 38 [PHONE1]
06-14 23:09:44.984  3729  4506 D RilRequest: [0349]< OEM_HOOK_RAW error: com.android.internal.telephony.CommandException: INTERNAL_ERR ret=[] [convertToString] result=null
06-14 23:09:49.785  3729  3729 D SmsBroadcastUndelivered: Received broadcast android.intent.action.USER_UNLOCKED
06-14 23:09:49.786  3729  3729 D SmsDispatchersController: Received broadcast android.intent.action.USER_UNLOCKED
06-14 23:09:49.787  3729  3729 D SmsBroadcastUndelivered: Received broadcast android.intent.action.USER_UNLOCKED
06-14 23:09:49.788  3729  3729 D SmsDispatchersController: Received broadcast android.intent.action.USER_UNLOCKED
06-14 23:09:49.834  3729  5951 D SmsBroadcastUndelivered: scanning raw table for undelivered messages
06-14 23:09:49.843  3729  5951 D SmsBroadcastUndelivered: scanRawTable:
06-14 23:09:49.844  3729  5951 D SmsBroadcastUndelivered: scanRawTable:sim_slot = 1 AND deleted = 0
06-14 23:09:49.847  3729  5949 D SmsBroadcastUndelivered: scanning raw table for undelivered messages
06-14 23:09:49.847  3729  5949 D SmsBroadcastUndelivered: scanRawTable:
06-14 23:09:49.847  3729  5949 D SmsBroadcastUndelivered: scanRawTable:sim_slot = 0 AND deleted = 0
06-14 23:09:50.077  2523  2637 W TelephonyRegistry: Pid 2523 has exceeded half the number of permissible registered listeners. Now at 58
06-14 23:09:50.214  3729  3729 D PinStorage: onUserUnlocked - Device is unlocked
06-14 23:09:50.226  3729  3729 D PinStorage: KeyStore: alias PinStorage_longTerm_ua_key exists
06-14 23:09:50.226  3729  3729 D PinStorage: onDeviceReady
06-14 23:09:50.245  3729  3729 D PinStorage: KeyStore: alias PinStorage_shortTerm_key does not exist - Nothing to do
06-14 23:09:50.261  3729  5949 D SmsBroadcastUndelivered: finished scanning raw table in 414 ms
06-14 23:09:50.283  3729  5951 D SmsBroadcastUndelivered: finished scanning raw table in 439 ms
06-14 23:09:50.286  3729  3729 D UiccHqmController: Intent : android.intent.action.SIM_STATE_CHANGED
06-14 23:09:50.286  3729  3729 D UiccHqmController: feature : 0
06-14 23:09:50.287  3729  3729 D UiccHqmController: pbstate[0] 2
06-14 23:09:50.287  3729  3729 D UiccHqmController: pbstate[1] 2
06-14 23:09:50.287  3729  3729 D SMSDispatcher: Received broadcast android.intent.action.SIM_STATE_CHANGED
06-14 23:09:50.287  3729  3729 D SMSDispatcher: SIM_STATE_CHANGED : SIM_LOADED
06-14 23:09:50.287  3729  3729 D SMSDispatcher: Received broadcast android.intent.action.SIM_STATE_CHANGED
06-14 23:09:50.287  3729  3729 D SMSDispatcher: SIM_STATE_CHANGED : SIM_LOADED
06-14 23:09:50.287  3729  3729 D SMSDispatcher: Received broadcast android.intent.action.SIM_STATE_CHANGED
06-14 23:09:50.287  3729  3729 D SMSDispatcher: SIM_STATE_CHANGED : SIM_LOADED
06-14 23:09:50.287  3729  3729 D SmsDispatchersController: [CB]  sBootCompleted: false
06-14 23:09:50.287  3729  3729 D SmsDispatchersController: [CB] SimState is on
06-14 23:09:50.287  3729  3729 D SmsDispatchersController: [CB] MultiSIM device broadcastCbSettingsAvailable in SIM state-loaded
06-14 23:09:50.287  3729  3729 D SmsDispatchersController: [CB] broadcastCbSettingsAvailable method
06-14 23:09:50.287  3729  3729 D SmsDispatchersController: [CB] broadcastCbSettingsAvailable method with phoneId = 0
06-14 23:09:50.288  3729  3729 D SST-SEM : [0] onReceive - action: android.intent.action.SIM_STATE_CHANGED
06-14 23:09:50.288  3729  3729 D SemEmergencyNumberTracker: [0] ACTION_SIM_STATE_CHANGED - Update EmergencyNumberList when SIM state is changed. phoneId: 0, subId: 1, state: LOADED
06-14 23:09:50.288  3729  3729 D SemEmergencyNumberTracker: [0] updateEmergencyNumberListVendorDatabaseAndNotify
06-14 23:09:50.289  3729  3729 D SemEmergencyNumberTracker: [0] isWithSim - result: true, phone[0]: SimPresent(subId: 1) phone[1]: SimPresent(subId: 2) 
06-14 23:09:50.289  3729  3729 D SemEmergencyNumberTracker: [0] isLatinAllowedFB - true
06-14 23:09:50.289  3729  3729 D SemEmergencyNumberTracker: [0] cacheVendorEmergencyDatabase - Use default operatorNumeric for 72405
06-14 23:09:50.289  3729  3729 D SemEmergencyNumberTracker: [0] cacheVendorEmergencyDatabase - withSim: true, Network: 72405, SIM: 72405, ecclistFromDatabase: 112,911,190
06-14 23:09:50.291  3729  3729 D SemEmergencyNumberTracker: [0] notifyEmergencyNumberList - notified. VDB: 3, DB: 4, RADIO: 1, HIGH: 0, ALL: 190/0(oSD), 112/0(oD), 911/0(oD)
06-14 23:09:50.291  3729  3729 D SMSDispatcher: Received broadcast android.intent.action.SIM_STATE_CHANGED
06-14 23:09:50.291  3729  3729 D SMSDispatcher: SIM_STATE_CHANGED : SIM_LOADED
06-14 23:09:50.291  3729  3729 D SMSDispatcher: Received broadcast android.intent.action.SIM_STATE_CHANGED
06-14 23:09:50.291  3729  3729 D SMSDispatcher: SIM_STATE_CHANGED : SIM_LOADED
06-14 23:09:50.291  3729  3729 D SMSDispatcher: Received broadcast android.intent.action.SIM_STATE_CHANGED
06-14 23:09:50.291  3729  3729 D SMSDispatcher: SIM_STATE_CHANGED : SIM_LOADED
06-14 23:09:50.291  3729  3729 D SmsDispatchersController: [CB]  sBootCompleted: false
06-14 23:09:50.291  3729  3729 D SST-SEM : [1] onReceive - action: android.intent.action.SIM_STATE_CHANGED
06-14 23:09:50.291  3729  3729 D SemEmergencyNumberTracker: [1] ACTION_SIM_STATE_CHANGED - Update EmergencyNumberList when SIM state is changed. phoneId: 0, subId: 1, state: LOADED
06-14 23:09:50.292  3729  3729 D SemEmergencyNumberTracker: [1] updateEmergencyNumberListVendorDatabaseAndNotify
06-14 23:09:50.292  3729  3729 D SemEmergencyNumberTracker: [1] isWithSim - result: true, phone[0]: SimPresent(subId: 1) phone[1]: SimPresent(subId: 2) 
06-14 23:09:50.292  3729  3729 D SemEmergencyNumberTracker: [1] isLatinAllowedFB - true
06-14 23:09:50.292  3729  3729 D SemEmergencyNumberTracker: [1] cacheVendorEmergencyDatabase - Use default operatorNumeric for 72404
06-14 23:09:50.292  3729  3729 D SemEmergencyNumberTracker: [1] cacheVendorEmergencyDatabase - withSim: true, Network: 72404, SIM: 72404, ecclistFromDatabase: 112,911,190
06-14 23:09:50.361  3729  3729 D SemEmergencyNumberTracker: [1] notifyEmergencyNumberList - notified. VDB: 3, DB: 4, RADIO: 0, HIGH: 0, ALL: 112/0(oD), 190/0(oD), 911/0(oD)
06-14 23:09:50.384  3729  5158 D ONS     : SIM state changed
06-14 23:09:50.459  3729  4506 D SMSVC   : isSubscriptionEnabled: true subInfo = true
06-14 23:09:50.462  3729  4506 D SMSVC   : isSubscriptionEnabled: true subInfo = true
06-14 23:09:50.464  3729  4506 D SMSVC   : isSubscriptionEnabled: true subInfo = true
06-14 23:09:50.467  3729  4506 D SMSVC   : isSubscriptionEnabled: true subInfo = true
06-14 23:09:50.807  5831  6071 E SignalStrength: getDbm - Invalid radio technology: 0
06-14 23:09:51.171  3729  4571 D CAT     : StkAppService: handleMessage opcode[12], sim id[0]
06-14 23:09:51.179  3729  4512 D CAT     : StkAppService: Stopped to observe the foreground activity
06-14 23:09:51.179  3729  4571 D CAT     : StkAppService: Event :5
06-14 23:09:51.179  3729  4571 D CAT     : StkAppService:  Event 5exists in the EventList
06-14 23:09:51.179  3729  4571 D CAT     : StkAppService: sendSetUpEventResponse: event : 5
06-14 23:09:51.180  3729  4571 D CAT     : StkAppService: Remove Event :5
06-14 23:09:51.180  3729  3729 D CAT     : CatService: handleMessage[6]
06-14 23:09:51.180  3729  3729 D CAT     : CatService: CmdType: 5
06-14 23:09:51.180  3729  3729 D CAT     : CatService;:  Sending Idle Screen Available event download to ICC
06-14 23:09:51.180  3729  3729 D CAT     : CatService: ENVELOPE COMMAND: D60799010582020281
06-14 23:09:51.185  3729  3729 D RILJ    : [0350]> STK_SEND_ENVELOPE_COMMAND contents = D60799010582020281 [PHONE0]
06-14 23:09:51.195  3729  3729 D UiccHqmController: Intent : android.intent.action.SIM_STATE_CHANGED
06-14 23:09:51.195  3729  3729 D UiccHqmController: feature : 0
06-14 23:09:51.195  3729  3729 D UiccHqmController: pbstate[0] 2
06-14 23:09:51.195  3729  3729 D UiccHqmController: pbstate[1] 2
06-14 23:09:51.198  3729  4512 D RILJ    : [0350]< STK_SEND_ENVELOPE_COMMAND  [PHONE0]
06-14 23:09:51.208  3729  3729 D SMSDispatcher: Received broadcast android.intent.action.SIM_STATE_CHANGED
06-14 23:09:51.208  3729  3729 D SMSDispatcher: SIM_STATE_CHANGED : SIM_LOADED
06-14 23:09:51.208  3729  3729 D SMSDispatcher: Received broadcast android.intent.action.SIM_STATE_CHANGED
06-14 23:09:51.208  3729  3729 D SMSDispatcher: SIM_STATE_CHANGED : SIM_LOADED
06-14 23:09:51.208  3729  3729 D SMSDispatcher: Received broadcast android.intent.action.SIM_STATE_CHANGED
06-14 23:09:51.208  3729  3729 D SMSDispatcher: SIM_STATE_CHANGED : SIM_LOADED
06-14 23:09:51.210  3729  3729 D SmsDispatchersController: [CB]  sBootCompleted: false
06-14 23:09:51.254  3729  3729 D SST-SEM : [0] onReceive - action: android.intent.action.SIM_STATE_CHANGED
06-14 23:09:51.264  3729  3729 D SemEmergencyNumberTracker: [0] ACTION_SIM_STATE_CHANGED - Update EmergencyNumberList when SIM state is changed. phoneId: 1, subId: 2, state: LOADED
06-14 23:09:51.264  3729  3729 D SemEmergencyNumberTracker: [0] updateEmergencyNumberListVendorDatabaseAndNotify
06-14 23:09:51.265  3729  3729 D SemEmergencyNumberTracker: [0] isWithSim - result: true, phone[0]: SimPresent(subId: 1) phone[1]: SimPresent(subId: 2) 
06-14 23:09:51.266  3729  3729 D SemEmergencyNumberTracker: [0] isLatinAllowedFB - true
06-14 23:09:51.267  3729  3729 D SemEmergencyNumberTracker: [0] cacheVendorEmergencyDatabase - Use default operatorNumeric for 72405
06-14 23:09:51.267  3729  3729 D SemEmergencyNumberTracker: [0] cacheVendorEmergencyDatabase - withSim: true, Network: 72405, SIM: 72405, ecclistFromDatabase: 112,911,190
06-14 23:09:51.272  3729  3729 D SemEmergencyNumberTracker: [0] notifyEmergencyNumberList - notified. VDB: 3, DB: 4, RADIO: 1, HIGH: 0, ALL: 190/0(oSD), 112/0(oD), 911/0(oD)
06-14 23:09:51.272  3729  3729 D SMSDispatcher: Received broadcast android.intent.action.SIM_STATE_CHANGED
06-14 23:09:51.272  3729  3729 D SMSDispatcher: SIM_STATE_CHANGED : SIM_LOADED
06-14 23:09:51.272  3729  3729 D SMSDispatcher: Received broadcast android.intent.action.SIM_STATE_CHANGED
06-14 23:09:51.272  3729  3729 D SMSDispatcher: SIM_STATE_CHANGED : SIM_LOADED
06-14 23:09:51.272  3729  3729 D SMSDispatcher: Received broadcast android.intent.action.SIM_STATE_CHANGED
06-14 23:09:51.272  3729  3729 D SMSDispatcher: SIM_STATE_CHANGED : SIM_LOADED
06-14 23:09:51.272  3729  3729 D SmsDispatchersController: [CB]  sBootCompleted: false
06-14 23:09:51.272  3729  3729 D SmsDispatchersController: [CB] SimState is on
06-14 23:09:51.272  3729  3729 D SmsDispatchersController: [CB] MultiSIM device broadcastCbSettingsAvailable in SIM state-loaded
06-14 23:09:51.272  3729  3729 D SmsDispatchersController: [CB] broadcastCbSettingsAvailable method
06-14 23:09:51.272  3729  3729 D SmsDispatchersController: [CB] broadcastCbSettingsAvailable method with phoneId = 1
06-14 23:09:51.375  3729  3729 D SST-SEM : [1] onReceive - action: android.intent.action.SIM_STATE_CHANGED
06-14 23:09:51.376  3729  3729 D SemEmergencyNumberTracker: [1] ACTION_SIM_STATE_CHANGED - Update EmergencyNumberList when SIM state is changed. phoneId: 1, subId: 2, state: LOADED
06-14 23:09:51.376  3729  3729 D SemEmergencyNumberTracker: [1] updateEmergencyNumberListVendorDatabaseAndNotify
06-14 23:09:51.376  3729  3729 D SemEmergencyNumberTracker: [1] isWithSim - result: true, phone[0]: SimPresent(subId: 1) phone[1]: SimPresent(subId: 2) 
06-14 23:09:51.381  3729  3729 D SemEmergencyNumberTracker: [1] isLatinAllowedFB - true
06-14 23:09:51.381  3729  3729 D SemEmergencyNumberTracker: [1] cacheVendorEmergencyDatabase - Use default operatorNumeric for 72404
06-14 23:09:51.383  3729  3729 D SemEmergencyNumberTracker: [1] cacheVendorEmergencyDatabase - withSim: true, Network: 72404, SIM: 72404, ecclistFromDatabase: 112,911,190
06-14 23:09:51.392  3729  3729 D SemEmergencyNumberTracker: [1] notifyEmergencyNumberList - notified. VDB: 3, DB: 4, RADIO: 0, HIGH: 0, ALL: 112/0(oD), 190/0(oD), 911/0(oD)
06-14 23:09:51.406  3729  5158 D ONS     : SIM state changed
06-14 23:09:51.492  3729  4506 D SMSVC   : isSubscriptionEnabled: true subInfo = true
06-14 23:09:51.496  3729  4506 D SMSVC   : isSubscriptionEnabled: true subInfo = true
06-14 23:09:51.500  3729  4506 D SMSVC   : isSubscriptionEnabled: true subInfo = true
06-14 23:09:51.552  3729  4506 D SMSVC   : isSubscriptionEnabled: true subInfo = true
06-14 23:09:53.178  3729  3729 D TelephonyNetworkFactory[1]: got request NetworkRequest [ REQUEST id=147, [ Transports: SATELLITE Capabilities: INTERNET&NOT_RESTRICTED&TRUSTED&NOT_VCN_MANAGED Uid: 10193 RequestorUid: 10193 RequestorPkg: com.google.android.gms UnderlyingNetworks: Null] ]
06-14 23:09:53.178  3729  3729 D TelephonyNetworkFactory[0]: got request NetworkRequest [ REQUEST id=147, [ Transports: SATELLITE Capabilities: INTERNET&NOT_RESTRICTED&TRUSTED&NOT_VCN_MANAGED Uid: 10193 RequestorUid: 10193 RequestorPkg: com.google.android.gms UnderlyingNetworks: Null] ]
06-14 23:09:53.178  3729  3729 D TelephonyNetworkFactory[1]: handleMessage msg={ when=-1ms what=3 obj=NetworkRequest [ REQUEST id=147, [ Transports: SATELLITE Capabilities: INTERNET&NOT_RESTRICTED&TRUSTED&NOT_VCN_MANAGED Uid: 10193 RequestorUid: 10193 RequestorPkg: com.google.android.gms UnderlyingNetworks: Null] ] target=com.android.internal.telephony.data.TelephonyNetworkFactory$InternalHandler }
06-14 23:09:53.186  3729  3729 D TelephonyNetworkFactory[1]: onNeedNetworkFor [NetworkRequest [ REQUEST id=147, [ Transports: SATELLITE Capabilities: INTERNET&NOT_RESTRICTED&TRUSTED&NOT_VCN_MANAGED Uid: 10193 RequestorUid: 10193 RequestorPkg: com.google.android.gms UnderlyingNetworks: Null] ], mPriority=20, state=UNSATISFIED, mAttachedDataNetwork=null, isMetered=true, created time=23:09:53.178, evaluation result=null] shouldApply true
06-14 23:09:53.186  3729  3729 D TelephonyNetworkFactory[0]: handleMessage msg={ when=-8ms what=3 obj=NetworkRequest [ REQUEST id=147, [ Transports: SATELLITE Capabilities: INTERNET&NOT_RESTRICTED&TRUSTED&NOT_VCN_MANAGED Uid: 10193 RequestorUid: 10193 RequestorPkg: com.google.android.gms UnderlyingNetworks: Null] ] target=com.android.internal.telephony.data.TelephonyNetworkFactory$InternalHandler }
06-14 23:09:53.186  3729  3729 D TelephonyNetworkFactory[0]: onNeedNetworkFor: preferredDataPhoneId isn't update. networkCapability : 12, wait onActivePhoneSwitch, needDdsChange : false
06-14 23:09:53.187  3729  3729 D TelephonyNetworkFactory[0]: onNeedNetworkFor [NetworkRequest [ REQUEST id=147, [ Transports: SATELLITE Capabilities: INTERNET&NOT_RESTRICTED&TRUSTED&NOT_VCN_MANAGED Uid: 10193 RequestorUid: 10193 RequestorPkg: com.google.android.gms UnderlyingNetworks: Null] ], mPriority=20, state=UNSATISFIED, mAttachedDataNetwork=null, isMetered=true, created time=23:09:53.187, evaluation result=null] shouldApply false
06-14 23:09:53.187  3729  3729 D DNC-1   : onAddNetworkRequest: added [NetworkRequest [ REQUEST id=147, [ Transports: SATELLITE Capabilities: INTERNET&NOT_RESTRICTED&TRUSTED&NOT_VCN_MANAGED Uid: 10193 RequestorUid: 10193 RequestorPkg: com.google.android.gms UnderlyingNetworks: Null] ], mPriority=20, state=UNSATISFIED, mAttachedDataNetwork=null, isMetered=true, created time=23:09:53.178, evaluation result=null]
06-14 23:09:53.360  3729  3729 D DNC-1   : isValidForEpdg: retValue=false
06-14 23:09:53.362  3729  3729 E DNC-1   : DataAllowPopup, necessary? apnType=17, disallowed_reason=true, home_disabled=true, roam_disabled=false
06-14 23:09:53.362  3729  3729 D DNC-1   : DataTariff - Not Supoort TSS 2.0
06-14 23:09:53.363  3729  3729 D DNC-1   : Data evaluation: evaluation reason:NEW_REQUEST, Data disallowed reasons: RADIO_POWER_OFF NOT_IN_SERVICE DATA_NETWORK_TRANSPORT_NOT_ALLOWED DATA_DISABLED, candidate profile=null, time=23:09:53.361, network type=UNKNOWN, reg state=UNKNOWN, [NetworkRequest [ REQUEST id=147, [ Transports: SATELLITE Capabilities: INTERNET&NOT_RESTRICTED&TRUSTED&NOT_VCN_MANAGED Uid: 10193 RequestorUid: 10193 RequestorPkg: com.google.android.gms UnderlyingNetworks: Null] ], mPriority=20, state=UNSATISFIED, mAttachedDataNetwork=null, isMetered=true, created time=23:09:53.179, evaluation result=Data evaluation: evaluation reason:NEW_REQUEST, Data disallowed reasons: RADIO_POWER_OFF NOT_IN_SERVICE DATA_NETWORK_TRANSPORT_NOT_ALLOWED DATA_DISABLED, candidate profile=null, time=23:09:53.361]
06-14 23:09:53.363  3729  3729 D TelephonyNetworkFactory[1]: got request NetworkRequest [ REQUEST id=150, [ Transports: SATELLITE Capabilities: INTERNET&TRUSTED&NOT_VCN_MANAGED Uid: 10190 RequestorUid: 10190 RequestorPkg: com.google.android.apps.messaging UnderlyingNetworks: Null] ]
06-14 23:09:53.363  3729  3729 D TelephonyNetworkFactory[1]: got request NetworkRequest [ REQUEST id=151, [ Transports: SATELLITE Capabilities: INTERNET&NOT_RESTRICTED&TRUSTED&NOT_VCN_MANAGED Uid: 10190 RequestorUid: 10190 RequestorPkg: com.google.android.apps.messaging UnderlyingNetworks: Null] ]
06-14 23:09:53.363  3729  3729 D TelephonyNetworkFactory[0]: got request NetworkRequest [ REQUEST id=150, [ Transports: SATELLITE Capabilities: INTERNET&TRUSTED&NOT_VCN_MANAGED Uid: 10190 RequestorUid: 10190 RequestorPkg: com.google.android.apps.messaging UnderlyingNetworks: Null] ]
06-14 23:09:53.363  3729  3729 D TelephonyNetworkFactory[0]: got request NetworkRequest [ REQUEST id=151, [ Transports: SATELLITE Capabilities: INTERNET&NOT_RESTRICTED&TRUSTED&NOT_VCN_MANAGED Uid: 10190 RequestorUid: 10190 RequestorPkg: com.google.android.apps.messaging UnderlyingNetworks: Null] ]
06-14 23:09:53.363  3729  3729 D TelephonyNetworkFactory[1]: handleMessage msg={ when=0 what=3 obj=NetworkRequest [ REQUEST id=150, [ Transports: SATELLITE Capabilities: INTERNET&TRUSTED&NOT_VCN_MANAGED Uid: 10190 RequestorUid: 10190 RequestorPkg: com.google.android.apps.messaging UnderlyingNetworks: Null] ] target=com.android.internal.telephony.data.TelephonyNetworkFactory$InternalHandler }
06-14 23:09:53.364  3729  3729 D TelephonyNetworkFactory[1]: onNeedNetworkFor [NetworkRequest [ REQUEST id=150, [ Transports: SATELLITE Capabilities: INTERNET&TRUSTED&NOT_VCN_MANAGED Uid: 10190 RequestorUid: 10190 RequestorPkg: com.google.android.apps.messaging UnderlyingNetworks: Null] ], mPriority=20, state=UNSATISFIED, mAttachedDataNetwork=null, isMetered=true, created time=23:09:53.364, evaluation result=null] shouldApply true
06-14 23:09:53.364  3729  3729 D TelephonyNetworkFactory[1]: handleMessage msg={ when=-1ms what=3 obj=NetworkRequest [ REQUEST id=151, [ Transports: SATELLITE Capabilities: INTERNET&NOT_RESTRICTED&TRUSTED&NOT_VCN_MANAGED Uid: 10190 RequestorUid: 10190 RequestorPkg: com.google.android.apps.messaging UnderlyingNetworks: Null] ] target=com.android.internal.telephony.data.TelephonyNetworkFactory$InternalHandler }
06-14 23:09:53.365  3729  3729 D TelephonyNetworkFactory[1]: onNeedNetworkFor [NetworkRequest [ REQUEST id=151, [ Transports: SATELLITE Capabilities: INTERNET&NOT_RESTRICTED&TRUSTED&NOT_VCN_MANAGED Uid: 10190 RequestorUid: 10190 RequestorPkg: com.google.android.apps.messaging UnderlyingNetworks: Null] ], mPriority=20, state=UNSATISFIED, mAttachedDataNetwork=null, isMetered=true, created time=23:09:53.364, evaluation result=null] shouldApply true
06-14 23:09:53.365  3729  3729 D TelephonyNetworkFactory[0]: handleMessage msg={ when=-1ms what=3 obj=NetworkRequest [ REQUEST id=150, [ Transports: SATELLITE Capabilities: INTERNET&TRUSTED&NOT_VCN_MANAGED Uid: 10190 RequestorUid: 10190 RequestorPkg: com.google.android.apps.messaging UnderlyingNetworks: Null] ] target=com.android.internal.telephony.data.TelephonyNetworkFactory$InternalHandler }
06-14 23:09:53.365  3729  3729 D TelephonyNetworkFactory[0]: onNeedNetworkFor: preferredDataPhoneId isn't update. networkCapability : 12, wait onActivePhoneSwitch, needDdsChange : false
06-14 23:09:53.365  3729  3729 D TelephonyNetworkFactory[0]: onNeedNetworkFor [NetworkRequest [ REQUEST id=150, [ Transports: SATELLITE Capabilities: INTERNET&TRUSTED&NOT_VCN_MANAGED Uid: 10190 RequestorUid: 10190 RequestorPkg: com.google.android.apps.messaging UnderlyingNetworks: Null] ], mPriority=20, state=UNSATISFIED, mAttachedDataNetwork=null, isMetered=true, created time=23:09:53.364, evaluation result=null] shouldApply false
06-14 23:09:53.365  3729  3729 D TelephonyNetworkFactory[0]: handleMessage msg={ when=-2ms what=3 obj=NetworkRequest [ REQUEST id=151, [ Transports: SATELLITE Capabilities: INTERNET&NOT_RESTRICTED&TRUSTED&NOT_VCN_MANAGED Uid: 10190 RequestorUid: 10190 RequestorPkg: com.google.android.apps.messaging UnderlyingNetworks: Null] ] target=com.android.internal.telephony.data.TelephonyNetworkFactory$InternalHandler }
06-14 23:09:53.366  3729  3729 D TelephonyNetworkFactory[0]: onNeedNetworkFor: preferredDataPhoneId isn't update. networkCapability : 12, wait onActivePhoneSwitch, needDdsChange : false
06-14 23:09:53.366  3729  3729 D TelephonyNetworkFactory[0]: onNeedNetworkFor [NetworkRequest [ REQUEST id=151, [ Transports: SATELLITE Capabilities: INTERNET&NOT_RESTRICTED&TRUSTED&NOT_VCN_MANAGED Uid: 10190 RequestorUid: 10190 RequestorPkg: com.google.android.apps.messaging UnderlyingNetworks: Null] ], mPriority=20, state=UNSATISFIED, mAttachedDataNetwork=null, isMetered=true, created time=23:09:53.366, evaluation result=null] shouldApply false
06-14 23:09:53.366  3729  3729 D DNC-1   : onAddNetworkRequest: added [NetworkRequest [ REQUEST id=150, [ Transports: SATELLITE Capabilities: INTERNET&TRUSTED&NOT_VCN_MANAGED Uid: 10190 RequestorUid: 10190 RequestorPkg: com.google.android.apps.messaging UnderlyingNetworks: Null] ], mPriority=20, state=UNSATISFIED, mAttachedDataNetwork=null, isMetered=true, created time=23:09:53.363, evaluation result=null]
06-14 23:09:53.385  3729  3729 D DNC-1   : isValidForEpdg: retValue=false
06-14 23:09:53.386  3729  3729 E DNC-1   : DataAllowPopup, necessary? apnType=17, disallowed_reason=true, home_disabled=true, roam_disabled=false
06-14 23:09:53.386  3729  3729 D DNC-1   : DataTariff - Not Supoort TSS 2.0
06-14 23:09:53.387  3729  3729 D DNC-1   : Data evaluation: evaluation reason:NEW_REQUEST, Data disallowed reasons: RADIO_POWER_OFF NOT_IN_SERVICE DATA_NETWORK_TRANSPORT_NOT_ALLOWED DATA_DISABLED, candidate profile=null, time=23:09:53.385, network type=UNKNOWN, reg state=UNKNOWN, [NetworkRequest [ REQUEST id=150, [ Transports: SATELLITE Capabilities: INTERNET&TRUSTED&NOT_VCN_MANAGED Uid: 10190 RequestorUid: 10190 RequestorPkg: com.google.android.apps.messaging UnderlyingNetworks: Null] ], mPriority=20, state=UNSATISFIED, mAttachedDataNetwork=null, isMetered=true, created time=23:09:53.364, evaluation result=Data evaluation: evaluation reason:NEW_REQUEST, Data disallowed reasons: RADIO_POWER_OFF NOT_IN_SERVICE DATA_NETWORK_TRANSPORT_NOT_ALLOWED DATA_DISABLED, candidate profile=null, time=23:09:53.385]
06-14 23:09:53.387  3729  3729 D DNC-1   : onAddNetworkRequest: added [NetworkRequest [ REQUEST id=151, [ Transports: SATELLITE Capabilities: INTERNET&NOT_RESTRICTED&TRUSTED&NOT_VCN_MANAGED Uid: 10190 RequestorUid: 10190 RequestorPkg: com.google.android.apps.messaging UnderlyingNetworks: Null] ], mPriority=20, state=UNSATISFIED, mAttachedDataNetwork=null, isMetered=true, created time=23:09:53.364, evaluation result=null]
06-14 23:09:53.391  3729  3729 D DNC-1   : isValidForEpdg: retValue=false
06-14 23:09:53.392  3729  3729 E DNC-1   : DataAllowPopup, necessary? apnType=17, disallowed_reason=true, home_disabled=true, roam_disabled=false
06-14 23:09:53.392  3729  3729 D DNC-1   : DataTariff - Not Supoort TSS 2.0
06-14 23:09:53.393  3729  3729 D DNC-1   : Data evaluation: evaluation reason:NEW_REQUEST, Data disallowed reasons: RADIO_POWER_OFF NOT_IN_SERVICE DATA_NETWORK_TRANSPORT_NOT_ALLOWED DATA_DISABLED, candidate profile=null, time=23:09:53.391, network type=UNKNOWN, reg state=UNKNOWN, [NetworkRequest [ REQUEST id=151, [ Transports: SATELLITE Capabilities: INTERNET&NOT_RESTRICTED&TRUSTED&NOT_VCN_MANAGED Uid: 10190 RequestorUid: 10190 RequestorPkg: com.google.android.apps.messaging UnderlyingNetworks: Null] ], mPriority=20, state=UNSATISFIED, mAttachedDataNetwork=null, isMetered=true, created time=23:09:53.364, evaluation result=Data evaluation: evaluation reason:NEW_REQUEST, Data disallowed reasons: RADIO_POWER_OFF NOT_IN_SERVICE DATA_NETWORK_TRANSPORT_NOT_ALLOWED DATA_DISABLED, candidate profile=null, time=23:09:53.391]
06-14 23:09:54.171  3729  4506 E SemTelephonyController: FdnEnabled? false
06-14 23:09:54.485  3729  4506 D IccProvider: [IccProvider] query
06-14 23:09:54.485  3729  4506 D IccProvider: [IccProvider] getRequestSubId url: content://icc/adn/subId/1
06-14 23:09:54.485  3729  4506 D IccProvider: [IccProvider] loadFromEf: efType=0x6F3A, subscription=1
06-14 23:09:54.502  3729  4506 I AdnRecordCache: requestLoadAllAdnLike - before AdnLikeWaiter put : efid is 28474
06-14 23:09:54.503  3729  4506 I AdnRecordCache: requestLoadAllAdnLike - after AdnLikeWaiter put : efid is 28474
06-14 23:09:54.503  3729  4506 I AdnRecordLoader: mReloadingEF is 0ef is 28474
06-14 23:09:54.506  3729  4506 D SEM_RILJ: [0351]> GET_PHONEBOOK_STORAGE_INFOfileid = 28474 [PHONE0]
06-14 23:09:54.511  3729  4512 D SEM_RILJ: [0351]< GET_PHONEBOOK_STORAGE_INFO {250, 1, 1, 15, 20} [PHONE0]
06-14 23:09:54.537  3729  3729 D SEM_RILJ: [0352]> GET_PHONEBOOK_ENTRY, command = 178, fileid = 28474, index = 1, pin2 = xxxx [PHONE0]
06-14 23:09:54.537  1782  1782 D RILC    : getPhonebookEntry: fileid 28474 index 1 
06-14 23:09:54.541  3729  4512 D SEM_RILJ: [0352]< GET_PHONEBOOK_ENTRY com.android.internal.telephony.uicc.SimPBEntryResult@65bd8e4 [PHONE0]
06-14 23:09:54.548  3729  3729 D UsimFH  : pblc EFID = 28474record number = 1total record = 0Used Record = 1count record = 1
06-14 23:09:54.548  3729  3729 I AdnRecordLoader: EVENT_PB_ENTRY_LOAD_ALL_DONE
06-14 23:09:54.553  3729  4506 D IccProvider: [IccProvider] adnRecords.size=1
06-14 23:09:54.554  3729  4506 D IccProvider: [IccProvider] loadRecord: Meu numero:, [****]
06-14 23:09:54.554  3729  4506 D IccProvider: [IccProvider] Adding email:
06-14 23:09:54.554  3729  4506 D IccProvider: [IccProvider] Adding anr:
06-14 23:09:54.554  3729  4506 D IccProvider: [IccProvider] Adding anr:
06-14 23:09:54.554  3729  4506 D IccProvider: [IccProvider] Adding anr:
06-14 23:09:54.554  3729  4506 D IccProvider: [IccProvider] Adding anr:
06-14 23:09:54.642  3729  4506 D IccProvider: [IccProvider] query
06-14 23:09:54.643  3729  4506 D IccProvider: [IccProvider] getRequestSubId url: content://icc/adn/subId/1
06-14 23:09:54.643  3729  4506 D IccProvider: [IccProvider] loadFromEf: efType=0x6F3A, subscription=1
06-14 23:09:54.652  3729  4506 D IccProvider: [IccProvider] adnRecords.size=1
06-14 23:09:54.653  3729  4506 D IccProvider: [IccProvider] loadRecord: Meu numero:, [****]
06-14 23:09:54.653  3729  4506 D IccProvider: [IccProvider] Adding email:
06-14 23:09:54.653  3729  4506 D IccProvider: [IccProvider] Adding anr:
06-14 23:09:54.653  3729  4506 D IccProvider: [IccProvider] Adding anr:
06-14 23:09:54.653  3729  4506 D IccProvider: [IccProvider] Adding anr:
06-14 23:09:54.653  3729  4506 D IccProvider: [IccProvider] Adding anr:
06-14 23:09:54.857  3729  5085 E SemTelephonyController: FdnEnabled? false
06-14 23:09:54.876  3729  5085 D IccProvider: [IccProvider] query
06-14 23:09:54.876  3729  5085 D IccProvider: [IccProvider] getRequestSubId url: content://icc/adn/emails/subId/1
06-14 23:09:54.876  3729  5085 D IccProvider: [IccProvider] loadFromEf: efType=0x6F3A, subscription=1
06-14 23:09:54.878  3729  5085 D IccProvider: [IccProvider] adnRecords.size=1
06-14 23:09:55.091  3729  4506 D IccProvider: [IccProvider] query
06-14 23:09:55.092  3729  4506 D IccProvider: [IccProvider] getRequestSubId url: content://icc/adn/subId/2
06-14 23:09:55.092  3729  4506 D IccProvider: [IccProvider] loadFromEf: efType=0x6F3A, subscription=2
06-14 23:09:55.108  3729  4506 I AdnRecordCache: requestLoadAllAdnLike - before AdnLikeWaiter put : efid is 28474
06-14 23:09:55.108  3729  4506 I AdnRecordCache: requestLoadAllAdnLike - after AdnLikeWaiter put : efid is 28474
06-14 23:09:55.108  3729  4506 I AdnRecordLoader: mReloadingEF is 0ef is 28474
06-14 23:09:55.114  3729  4508 E SemTelephonyController: FdnEnabled? false
06-14 23:09:55.146  3729  4506 D SEM_RILJ: [0353]> GET_PHONEBOOK_STORAGE_INFOfileid = 28474 [PHONE1]
06-14 23:09:55.151  3729  4512 D SEM_RILJ: [0353]< GET_PHONEBOOK_STORAGE_INFO {250, 11, 1, 14, 40} [PHONE1]
06-14 23:09:55.152  3729  3729 D SEM_RILJ: [0354]> GET_PHONEBOOK_ENTRY, command = 178, fileid = 28474, index = 1, pin2 = xxxx [PHONE1]
06-14 23:09:55.152  1782  1782 D RILC    : getPhonebookEntry: fileid 28474 index 1 
06-14 23:09:55.155  3729  3729 D UsimFH  : pblc EFID = 28474record number = 1total record = 0Used Record = 11count record = 1
06-14 23:09:55.155  3729  4512 D SEM_RILJ: [0354]< GET_PHONEBOOK_ENTRY com.android.internal.telephony.uicc.SimPBEntryResult@fcf2e5f [PHONE1]
06-14 23:09:55.157  3729  3729 D SEM_RILJ: [0355]> GET_PHONEBOOK_ENTRY, command = 178, fileid = 28474, index = 2, pin2 = xxxx [PHONE1]
06-14 23:09:55.157  1782  1782 D RILC    : getPhonebookEntry: fileid 28474 index 2 
06-14 23:09:55.163  3729  4512 D SEM_RILJ: [0355]< GET_PHONEBOOK_ENTRY com.android.internal.telephony.uicc.SimPBEntryResult@7d1e0ac [PHONE1]
06-14 23:09:55.164  3729  3729 D UsimFH  : pblc EFID = 28474record number = 2total record = 0Used Record = 11count record = 2
06-14 23:09:55.176  3729  3995 D Phone-0 : getIccFileHandler: fh=Handler (com.android.internal.telephony.uicc.UsimFileHandler) {7d94175}
06-14 23:09:55.177  3729  3995 D Phone-0 : getIccFileHandler: fh=Handler (com.android.internal.telephony.uicc.UsimFileHandler) {7d94175}
06-14 23:09:55.183  3729  3995 D SEM_RILJ: [0357]> USIM_PB_CAPA [PHONE0]
06-14 23:09:55.185  3729  3729 D SEM_RILJ: [0356]> GET_PHONEBOOK_ENTRY, command = 178, fileid = 28474, index = 3, pin2 = xxxx [PHONE1]
06-14 23:09:55.186  1782  1782 D RILC    : getPhonebookEntry: fileid 28474 index 3 
06-14 23:09:55.186  3729  3729 D IccPhoneBookIM: [IccPbInterfaceManager] UsimPhonebookCapaInfo ar.result length = 52
06-14 23:09:55.186  3729  4512 D SEM_RILJ: [0357]< USIM_PB_CAPA {1, 250, 15, 1, 2, 250, 20, 1, 0, 0, 0, 0, 0, 0, 0, 0, 0, 0, 0, 0, 0, 0, 0, 0, 0, 0, 0, 0, 0, 0, 0, 0, 0, 0, 0, 0, 0, 0, 0, 0, 0, 0, 0, 0, 0, 0, 0, 0, 0, 0, 0, 0} [PHONE0]
06-14 23:09:55.190  3729  3729 D UsimFH  : pblc EFID = 28474record number = 3total record = 0Used Record = 11count record = 3
06-14 23:09:55.190  3729  3743 D SEM_RILJ: [0356]< GET_PHONEBOOK_ENTRY com.android.internal.telephony.uicc.SimPBEntryResult@ef0b50a [PHONE1]
06-14 23:09:55.192  3729  3729 D SEM_RILJ: [0358]> GET_PHONEBOOK_ENTRY, command = 178, fileid = 28474, index = 4, pin2 = xxxx [PHONE1]
06-14 23:09:55.192  1782  1782 D RILC    : getPhonebookEntry: fileid 28474 index 4 
06-14 23:09:55.197  3729  3743 D SEM_RILJ: [0358]< GET_PHONEBOOK_ENTRY com.android.internal.telephony.uicc.SimPBEntryResult@362517b [PHONE1]
06-14 23:09:55.197  3729  3729 D UsimFH  : pblc EFID = 28474record number = 4total record = 0Used Record = 11count record = 4
06-14 23:09:55.214  3729  3729 D SEM_RILJ: [0359]> GET_PHONEBOOK_ENTRY, command = 178, fileid = 28474, index = 5, pin2 = xxxx [PHONE1]
06-14 23:09:55.214  1782  1782 D RILC    : getPhonebookEntry: fileid 28474 index 5 
06-14 23:09:55.215  3729  3743 D Phone-1 : getIccFileHandler: fh=Handler (com.android.internal.telephony.uicc.UsimFileHandler) {5d25b98}
06-14 23:09:55.215  3729  3743 D Phone-1 : getIccFileHandler: fh=Handler (com.android.internal.telephony.uicc.UsimFileHandler) {5d25b98}
06-14 23:09:55.217  3729  3743 D SEM_RILJ: [0360]> USIM_PB_CAPA [PHONE1]
06-14 23:09:55.218  3729  3729 D UsimFH  : pblc EFID = 28474record number = 5total record = 0Used Record = 11count record = 5
06-14 23:09:55.219  3729  4508 D SEM_RILJ: [0359]< GET_PHONEBOOK_ENTRY com.android.internal.telephony.uicc.SimPBEntryResult@2097ff1 [PHONE1]
06-14 23:09:55.224  3729  3729 D SEM_RILJ: [0361]> GET_PHONEBOOK_ENTRY, command = 178, fileid = 28474, index = 6, pin2 = xxxx [PHONE1]
06-14 23:09:55.224  3729  4508 D SEM_RILJ: [0360]< USIM_PB_CAPA {1, 250, 14, 11, 2, 250, 40, 11, 0, 0, 0, 0, 0, 0, 0, 0, 0, 0, 0, 0, 0, 0, 0, 0, 0, 0, 0, 0, 0, 0, 0, 0, 0, 0, 0, 0, 0, 0, 0, 0, 0, 0, 0, 0, 0, 0, 0, 0, 0, 0, 0, 0} [PHONE1]
06-14 23:09:55.225  3729  3729 D IccPhoneBookIM: [IccPbInterfaceManager] UsimPhonebookCapaInfo ar.result length = 52
06-14 23:09:55.225  1782  1782 D RILC    : getPhonebookEntry: fileid 28474 index 6 
06-14 23:09:55.228  3729  3729 D UsimFH  : pblc EFID = 28474record number = 6total record = 0Used Record = 11count record = 6
06-14 23:09:55.229  3729  4508 D SEM_RILJ: [0361]< GET_PHONEBOOK_ENTRY com.android.internal.telephony.uicc.SimPBEntryResult@93a8a57 [PHONE1]
06-14 23:09:55.235  3729  3729 D SEM_RILJ: [0362]> GET_PHONEBOOK_ENTRY, command = 178, fileid = 28474, index = 7, pin2 = xxxx [PHONE1]
06-14 23:09:55.236  1782  1782 D RILC    : getPhonebookEntry: fileid 28474 index 7 
06-14 23:09:55.242  3729  3729 D UsimFH  : pblc EFID = 28474record number = 7total record = 0Used Record = 11count record = 7
06-14 23:09:55.246  3729  4508 D SEM_RILJ: [0362]< GET_PHONEBOOK_ENTRY com.android.internal.telephony.uicc.SimPBEntryResult@a5d9944 [PHONE1]
06-14 23:09:55.247  3729  3729 D SEM_RILJ: [0363]> GET_PHONEBOOK_ENTRY, command = 178, fileid = 28474, index = 8, pin2 = xxxx [PHONE1]
06-14 23:09:55.248  1782  1782 D RILC    : getPhonebookEntry: fileid 28474 index 8 
06-14 23:09:55.251  3729  4508 D SEM_RILJ: [0363]< GET_PHONEBOOK_ENTRY com.android.internal.telephony.uicc.SimPBEntryResult@d252a2d [PHONE1]
06-14 23:09:55.251  3729  3729 D UsimFH  : pblc EFID = 28474record number = 8total record = 0Used Record = 11count record = 8
06-14 23:09:55.265  3729  3729 D SEM_RILJ: [0364]> GET_PHONEBOOK_ENTRY, command = 178, fileid = 28474, index = 9, pin2 = xxxx [PHONE1]
06-14 23:09:55.265  1782  1782 D RILC    : getPhonebookEntry: fileid 28474 index 9 
06-14 23:09:55.276  3729  4508 D SEM_RILJ: [0364]< GET_PHONEBOOK_ENTRY com.android.internal.telephony.uicc.SimPBEntryResult@77adb62 [PHONE1]
06-14 23:09:55.276  3729  3729 D UsimFH  : pblc EFID = 28474record number = 9total record = 0Used Record = 11count record = 9
06-14 23:09:55.293  3729  3729 D SEM_RILJ: [0365]> GET_PHONEBOOK_ENTRY, command = 178, fileid = 28474, index = 10, pin2 = xxxx [PHONE1]
06-14 23:09:55.294  1782  1782 D RILC    : getPhonebookEntry: fileid 28474 index 10 
06-14 23:09:55.296  3729  4508 D SEM_RILJ: [0365]< GET_PHONEBOOK_ENTRY com.android.internal.telephony.uicc.SimPBEntryResult@df374f3 [PHONE1]
06-14 23:09:55.297  3729  3729 D UsimFH  : pblc EFID = 28474record number = 10total record = 0Used Record = 11count record = 10
06-14 23:09:55.311  3729  3729 D SEM_RILJ: [0366]> GET_PHONEBOOK_ENTRY, command = 178, fileid = 28474, index = 11, pin2 = xxxx [PHONE1]
06-14 23:09:55.312  1782  1782 D RILC    : getPhonebookEntry: fileid 28474 index 11 
06-14 23:09:55.315  3729  4508 D SEM_RILJ: [0366]< GET_PHONEBOOK_ENTRY com.android.internal.telephony.uicc.SimPBEntryResult@53d05b0 [PHONE1]
06-14 23:09:55.318  3729  3729 D UsimFH  : pblc EFID = 28474record number = 11total record = 0Used Record = 11count record = 11
06-14 23:09:55.318  3729  3729 I AdnRecordLoader: EVENT_PB_ENTRY_LOAD_ALL_DONE
06-14 23:09:55.318  3729  4506 D IccProvider: [IccProvider] adnRecords.size=11
06-14 23:09:55.318  3729  4506 D IccProvider: [IccProvider] loadRecord: Gabriel YT, [****]
06-14 23:09:55.318  3729  4506 D IccProvider: [IccProvider] Adding email:
06-14 23:09:55.318  3729  4506 D IccProvider: [IccProvider] Adding anr:
06-14 23:09:55.318  3729  4506 D IccProvider: [IccProvider] Adding anr:
06-14 23:09:55.318  3729  4506 D IccProvider: [IccProvider] Adding anr:
06-14 23:09:55.318  3729  4506 D IccProvider: [IccProvider] Adding anr:
06-14 23:09:55.318  3729  4506 D IccProvider: [IccProvider] loadRecord: VitorBranquelo, [****]
06-14 23:09:55.318  3729  4506 D IccProvider: [IccProvider] Adding email:
06-14 23:09:55.318  3729  4506 D IccProvider: [IccProvider] Adding anr:
06-14 23:09:55.318  3729  4506 D IccProvider: [IccProvider] Adding anr:
06-14 23:09:55.318  3729  4506 D IccProvider: [IccProvider] Adding anr:
06-14 23:09:55.318  3729  4506 D IccProvider: [IccProvider] Adding anr:
06-14 23:09:55.318  3729  4506 D IccProvider: [IccProvider] loadRecord: Vtr VITOR , [****]
06-14 23:09:55.318  3729  4506 D IccProvider: [IccProvider] Adding email:
06-14 23:09:55.318  3729  4506 D IccProvider: [IccProvider] Adding anr:
06-14 23:09:55.318  3729  4506 D IccProvider: [IccProvider] Adding anr:
06-14 23:09:55.318  3729  4506 D IccProvider: [IccProvider] Adding anr:
06-14 23:09:55.318  3729  4506 D IccProvider: [IccProvider] Adding anr:
06-14 23:09:55.318  3729  4506 D IccProvider: [IccProvider] loadRecord: Meu Numero, [****]
06-14 23:09:55.318  3729  4506 D IccProvider: [IccProvider] Adding email:
06-14 23:09:55.318  3729  4506 D IccProvider: [IccProvider] Adding anr:
06-14 23:09:55.318  3729  4506 D IccProvider: [IccProvider] Adding anr:
06-14 23:09:55.318  3729  4506 D IccProvider: [IccProvider] Adding anr:
06-14 23:09:55.318  3729  4506 D IccProvider: [IccProvider] Adding anr:
06-14 23:09:55.318  3729  4506 D IccProvider: [IccProvider] loadRecord: Mae, [****]
06-14 23:09:55.318  3729  4506 D IccProvider: [IccProvider] Adding email:
06-14 23:09:55.318  3729  4506 D IccProvider: [IccProvider] Adding anr:
06-14 23:09:55.318  3729  4506 D IccProvider: [IccProvider] Adding anr:
06-14 23:09:55.318  3729  4506 D IccProvider: [IccProvider] Adding anr:
06-14 23:09:55.318  3729  4506 D IccProvider: [IccProvider] Adding anr:
06-14 23:09:55.318  3729  4506 D IccProvider: [IccProvider] loadRecord: Vó, [****]
06-14 23:09:55.319  3729  4506 D IccProvider: [IccProvider] Adding email:
06-14 23:09:55.319  3729  4506 D IccProvider: [IccProvider] Adding anr:
06-14 23:09:55.319  3729  4506 D IccProvider: [IccProvider] Adding anr:
06-14 23:09:55.319  3729  4506 D IccProvider: [IccProvider] Adding anr:
06-14 23:09:55.319  3729  4506 D IccProvider: [IccProvider] Adding anr:
06-14 23:09:55.319  3729  4506 D IccProvider: [IccProvider] loadRecord: Gordo, [****]
06-14 23:09:55.319  3729  4506 D IccProvider: [IccProvider] Adding email:
06-14 23:09:55.319  3729  4506 D IccProvider: [IccProvider] Adding anr:
06-14 23:09:55.319  3729  4506 D IccProvider: [IccProvider] Adding anr:
06-14 23:09:55.319  3729  4506 D IccProvider: [IccProvider] Adding anr:
06-14 23:09:55.319  3729  4506 D IccProvider: [IccProvider] Adding anr:
06-14 23:09:55.319  3729  4506 D IccProvider: [IccProvider] loadRecord: Tio, [****]
06-14 23:09:55.319  3729  4506 D IccProvider: [IccProvider] Adding email:
06-14 23:09:55.319  3729  4506 D IccProvider: [IccProvider] Adding anr:
06-14 23:09:55.319  3729  4506 D IccProvider: [IccProvider] Adding anr:
06-14 23:09:55.319  3729  4506 D IccProvider: [IccProvider] Adding anr:
06-14 23:09:55.319  3729  4506 D IccProvider: [IccProvider] Adding anr:
06-14 23:09:55.319  3729  4506 D IccProvider: [IccProvider] loadRecord: Paulinho, [****]
06-14 23:09:55.319  3729  4506 D IccProvider: [IccProvider] Adding email:
06-14 23:09:55.319  3729  4506 D IccProvider: [IccProvider] Adding anr:
06-14 23:09:55.319  3729  4506 D IccProvider: [IccProvider] Adding anr:
06-14 23:09:55.319  3729  4506 D IccProvider: [IccProvider] Adding anr:
06-14 23:09:55.319  3729  4506 D IccProvider: [IccProvider] Adding anr:
06-14 23:09:55.319  3729  4506 D IccProvider: [IccProvider] loadRecord: Prof. JULIANA, [****]
06-14 23:09:55.319  3729  4506 D IccProvider: [IccProvider] Adding email:
06-14 23:09:55.319  3729  4506 D IccProvider: [IccProvider] Adding anr:
06-14 23:09:55.319  3729  4506 D IccProvider: [IccProvider] Adding anr:
06-14 23:09:55.319  3729  4506 D IccProvider: [IccProvider] Adding anr:
06-14 23:09:55.319  3729  4506 D IccProvider: [IccProvider] Adding anr:
06-14 23:09:55.319  3729  4506 D IccProvider: [IccProvider] loadRecord: Pai, [****]
06-14 23:09:55.319  3729  4506 D IccProvider: [IccProvider] Adding email:
06-14 23:09:55.319  3729  4506 D IccProvider: [IccProvider] Adding anr:
06-14 23:09:55.319  3729  4506 D IccProvider: [IccProvider] Adding anr:
06-14 23:09:55.319  3729  4506 D IccProvider: [IccProvider] Adding anr:
06-14 23:09:55.319  3729  4506 D IccProvider: [IccProvider] Adding anr:
06-14 23:09:55.382  3729  4506 D IccProvider: [IccProvider] query
06-14 23:09:55.382  3729  4506 D IccProvider: [IccProvider] getRequestSubId url: content://icc/adn/subId/1
06-14 23:09:55.382  3729  4506 D IccProvider: [IccProvider] loadFromEf: efType=0x6F3A, subscription=1
06-14 23:09:55.390  3729  4506 D IccProvider: [IccProvider] adnRecords.size=1
06-14 23:09:55.390  3729  4506 D IccProvider: [IccProvider] loadRecord: Meu numero:, [****]
06-14 23:09:55.390  3729  4506 D IccProvider: [IccProvider] Adding email:
06-14 23:09:55.390  3729  4506 D IccProvider: [IccProvider] Adding anr:
06-14 23:09:55.390  3729  4506 D IccProvider: [IccProvider] Adding anr:
06-14 23:09:55.390  3729  4506 D IccProvider: [IccProvider] Adding anr:
06-14 23:09:55.390  3729  4506 D IccProvider: [IccProvider] Adding anr:
06-14 23:09:55.498  3729  4508 D IccProvider: [IccProvider] query
06-14 23:09:55.498  3729  4508 D IccProvider: [IccProvider] getRequestSubId url: content://icc/adn/subId/2
06-14 23:09:55.498  3729  4508 D IccProvider: [IccProvider] loadFromEf: efType=0x6F3A, subscription=2
06-14 23:09:55.500  3729  4508 D IccProvider: [IccProvider] adnRecords.size=11
06-14 23:09:55.500  3729  4508 D IccProvider: [IccProvider] loadRecord: Gabriel YT, [****]
06-14 23:09:55.500  3729  4508 D IccProvider: [IccProvider] Adding email:
06-14 23:09:55.500  3729  4508 D IccProvider: [IccProvider] Adding anr:
06-14 23:09:55.500  3729  4508 D IccProvider: [IccProvider] Adding anr:
06-14 23:09:55.500  3729  4508 D IccProvider: [IccProvider] Adding anr:
06-14 23:09:55.500  3729  4508 D IccProvider: [IccProvider] Adding anr:
06-14 23:09:55.500  3729  4508 D IccProvider: [IccProvider] loadRecord: VitorBranquelo, [****]
06-14 23:09:55.500  3729  4508 D IccProvider: [IccProvider] Adding email:
06-14 23:09:55.500  3729  4508 D IccProvider: [IccProvider] Adding anr:
06-14 23:09:55.500  3729  4508 D IccProvider: [IccProvider] Adding anr:
06-14 23:09:55.500  3729  4508 D IccProvider: [IccProvider] Adding anr:
06-14 23:09:55.500  3729  4508 D IccProvider: [IccProvider] Adding anr:
06-14 23:09:55.500  3729  4508 D IccProvider: [IccProvider] loadRecord: Vtr VITOR , [****]
06-14 23:09:55.500  3729  4508 D IccProvider: [IccProvider] Adding email:
06-14 23:09:55.500  3729  4508 D IccProvider: [IccProvider] Adding anr:
06-14 23:09:55.500  3729  4508 D IccProvider: [IccProvider] Adding anr:
06-14 23:09:55.500  3729  4508 D IccProvider: [IccProvider] Adding anr:
06-14 23:09:55.500  3729  4508 D IccProvider: [IccProvider] Adding anr:
06-14 23:09:55.500  3729  4508 D IccProvider: [IccProvider] loadRecord: Meu Numero, [****]
06-14 23:09:55.500  3729  4508 D IccProvider: [IccProvider] Adding email:
06-14 23:09:55.500  3729  4508 D IccProvider: [IccProvider] Adding anr:
06-14 23:09:55.500  3729  4508 D IccProvider: [IccProvider] Adding anr:
06-14 23:09:55.500  3729  4508 D IccProvider: [IccProvider] Adding anr:
06-14 23:09:55.500  3729  4508 D IccProvider: [IccProvider] Adding anr:
06-14 23:09:55.500  3729  4508 D IccProvider: [IccProvider] loadRecord: Mae, [****]
06-14 23:09:55.500  3729  4508 D IccProvider: [IccProvider] Adding email:
06-14 23:09:55.500  3729  4508 D IccProvider: [IccProvider] Adding anr:
06-14 23:09:55.500  3729  4508 D IccProvider: [IccProvider] Adding anr:
06-14 23:09:55.500  3729  4508 D IccProvider: [IccProvider] Adding anr:
06-14 23:09:55.500  3729  4508 D IccProvider: [IccProvider] Adding anr:
06-14 23:09:55.500  3729  4508 D IccProvider: [IccProvider] loadRecord: Vó, [****]
06-14 23:09:55.500  3729  4508 D IccProvider: [IccProvider] Adding email:
06-14 23:09:55.500  3729  4508 D IccProvider: [IccProvider] Adding anr:
06-14 23:09:55.500  3729  4508 D IccProvider: [IccProvider] Adding anr:
06-14 23:09:55.501  3729  4508 D IccProvider: [IccProvider] Adding anr:
06-14 23:09:55.501  3729  4508 D IccProvider: [IccProvider] Adding anr:
06-14 23:09:55.501  3729  4508 D IccProvider: [IccProvider] loadRecord: Gordo, [****]
06-14 23:09:55.501  3729  4508 D IccProvider: [IccProvider] Adding email:
06-14 23:09:55.501  3729  4508 D IccProvider: [IccProvider] Adding anr:
06-14 23:09:55.501  3729  4508 D IccProvider: [IccProvider] Adding anr:
06-14 23:09:55.501  3729  4508 D IccProvider: [IccProvider] Adding anr:
06-14 23:09:55.501  3729  4508 D IccProvider: [IccProvider] Adding anr:
06-14 23:09:55.501  3729  4508 D IccProvider: [IccProvider] loadRecord: Tio, [****]
06-14 23:09:55.501  3729  4508 D IccProvider: [IccProvider] Adding email:
06-14 23:09:55.501  3729  4508 D IccProvider: [IccProvider] Adding anr:
06-14 23:09:55.501  3729  4508 D IccProvider: [IccProvider] Adding anr:
06-14 23:09:55.501  3729  4508 D IccProvider: [IccProvider] Adding anr:
06-14 23:09:55.501  3729  4508 D IccProvider: [IccProvider] Adding anr:
06-14 23:09:55.501  3729  4508 D IccProvider: [IccProvider] loadRecord: Paulinho, [****]
06-14 23:09:55.501  3729  4508 D IccProvider: [IccProvider] Adding email:
06-14 23:09:55.501  3729  4508 D IccProvider: [IccProvider] Adding anr:
06-14 23:09:55.501  3729  4508 D IccProvider: [IccProvider] Adding anr:
06-14 23:09:55.501  3729  4508 D IccProvider: [IccProvider] Adding anr:
06-14 23:09:55.501  3729  4508 D IccProvider: [IccProvider] Adding anr:
06-14 23:09:55.501  3729  4508 D IccProvider: [IccProvider] loadRecord: Prof. JULIANA, [****]
06-14 23:09:55.501  3729  4508 D IccProvider: [IccProvider] Adding email:
06-14 23:09:55.501  3729  4508 D IccProvider: [IccProvider] Adding anr:
06-14 23:09:55.501  3729  4508 D IccProvider: [IccProvider] Adding anr:
06-14 23:09:55.501  3729  4508 D IccProvider: [IccProvider] Adding anr:
06-14 23:09:55.501  3729  4508 D IccProvider: [IccProvider] Adding anr:
06-14 23:09:55.501  3729  4508 D IccProvider: [IccProvider] loadRecord: Pai, [****]
06-14 23:09:55.502  3729  4508 D IccProvider: [IccProvider] Adding email:
06-14 23:09:55.502  3729  4508 D IccProvider: [IccProvider] Adding anr:
06-14 23:09:55.502  3729  4508 D IccProvider: [IccProvider] Adding anr:
06-14 23:09:55.502  3729  4508 D IccProvider: [IccProvider] Adding anr:
06-14 23:09:55.502  3729  4508 D IccProvider: [IccProvider] Adding anr:
06-14 23:09:55.642  3729  3743 D IccProvider: [IccProvider] query
06-14 23:09:55.643  3729  3743 D IccProvider: [IccProvider] getRequestSubId url: content://icc/adn/subId/1
06-14 23:09:55.643  3729  3743 D IccProvider: [IccProvider] loadFromEf: efType=0x6F3A, subscription=1
