06-14 23:09:55.646  3729  3729 D TelephonyNetworkFactory[1]: got request NetworkRequest [ REQUEST id=154, [ Transports: SATELLITE Capabilities: INTERNET&TRUSTED&NOT_VCN_MANAGED Uid: 10190 RequestorUid: 10190 RequestorPkg: com.google.android.apps.messaging UnderlyingNetworks: Null] ]
06-14 23:09:55.646  3729  3729 D TelephonyNetworkFactory[1]: got request NetworkRequest [ REQUEST id=155, [ Transports: SATELLITE Capabilities: INTERNET&NOT_RESTRICTED&TRUSTED&NOT_VCN_MANAGED Uid: 10190 RequestorUid: 10190 RequestorPkg: com.google.android.apps.messaging UnderlyingNetworks: Null] ]
06-14 23:09:55.646  3729  3729 D TelephonyNetworkFactory[1]: handleMessage msg={ when=-1ms what=3 obj=NetworkRequest [ REQUEST id=154, [ Transports: SATELLITE Capabilities: INTERNET&TRUSTED&NOT_VCN_MANAGED Uid: 10190 RequestorUid: 10190 RequestorPkg: com.google.android.apps.messaging UnderlyingNetworks: Null] ] target=com.android.internal.telephony.data.TelephonyNetworkFactory$InternalHandler }
06-14 23:09:55.649  3729  3729 D TelephonyNetworkFactory[1]: onNeedNetworkFor [NetworkRequest [ REQUEST id=154, [ Transports: SATELLITE Capabilities: INTERNET&TRUSTED&NOT_VCN_MANAGED Uid: 10190 RequestorUid: 10190 RequestorPkg: com.google.android.apps.messaging UnderlyingNetworks: Null] ], mPriority=20, state=UNSATISFIED, mAttachedDataNetwork=null, isMetered=true, created time=23:09:55.647, evaluation result=null] shouldApply true
06-14 23:09:55.650  3729  3729 D TelephonyNetworkFactory[1]: handleMessage msg={ when=-3ms what=3 obj=NetworkRequest [ REQUEST id=155, [ Transports: SATELLITE Capabilities: INTERNET&NOT_RESTRICTED&TRUSTED&NOT_VCN_MANAGED Uid: 10190 RequestorUid: 10190 RequestorPkg: com.google.android.apps.messaging UnderlyingNetworks: Null] ] target=com.android.internal.telephony.data.TelephonyNetworkFactory$InternalHandler }
06-14 23:09:55.650  3729  3729 D TelephonyNetworkFactory[1]: onNeedNetworkFor [NetworkRequest [ REQUEST id=155, [ Transports: SATELLITE Capabilities: INTERNET&NOT_RESTRICTED&TRUSTED&NOT_VCN_MANAGED Uid: 10190 RequestorUid: 10190 RequestorPkg: com.google.android.apps.messaging UnderlyingNetworks: Null] ], mPriority=20, state=UNSATISFIED, mAttachedDataNetwork=null, isMetered=true, created time=23:09:55.650, evaluation result=null] shouldApply true
06-14 23:09:55.651  3729  3743 D IccProvider: [IccProvider] adnRecords.size=1
06-14 23:09:55.651  3729  3743 D IccProvider: [IccProvider] loadRecord: Meu numero:, [****]
06-14 23:09:55.652  3729  3743 D IccProvider: [IccProvider] Adding email:
06-14 23:09:55.652  3729  3743 D IccProvider: [IccProvider] Adding anr:
06-14 23:09:55.652  3729  3743 D IccProvider: [IccProvider] Adding anr:
06-14 23:09:55.652  3729  3743 D IccProvider: [IccProvider] Adding anr:
06-14 23:09:55.652  3729  3743 D IccProvider: [IccProvider] Adding anr:
06-14 23:09:55.654  3729  3729 D TelephonyNetworkFactory[0]: got request NetworkRequest [ REQUEST id=154, [ Transports: SATELLITE Capabilities: INTERNET&TRUSTED&NOT_VCN_MANAGED Uid: 10190 RequestorUid: 10190 RequestorPkg: com.google.android.apps.messaging UnderlyingNetworks: Null] ]
06-14 23:09:55.654  3729  3729 D TelephonyNetworkFactory[0]: got request NetworkRequest [ REQUEST id=155, [ Transports: SATELLITE Capabilities: INTERNET&NOT_RESTRICTED&TRUSTED&NOT_VCN_MANAGED Uid: 10190 RequestorUid: 10190 RequestorPkg: com.google.android.apps.messaging UnderlyingNetworks: Null] ]
06-14 23:09:55.658  3729  3729 D DNC-1   : onAddNetworkRequest: added [NetworkRequest [ REQUEST id=154, [ Transports: SATELLITE Capabilities: INTERNET&TRUSTED&NOT_VCN_MANAGED Uid: 10190 RequestorUid: 10190 RequestorPkg: com.google.android.apps.messaging UnderlyingNetworks: Null] ], mPriority=20, state=UNSATISFIED, mAttachedDataNetwork=null, isMetered=true, created time=23:09:55.643, evaluation result=null]
06-14 23:09:55.668  3729  3729 D DNC-1   : isValidForEpdg: retValue=false
06-14 23:09:55.669  3729  3729 E DNC-1   : DataAllowPopup, necessary? apnType=17, disallowed_reason=true, home_disabled=true, roam_disabled=false
06-14 23:09:55.670  3729  3729 D DNC-1   : DataTariff - Not Supoort TSS 2.0
06-14 23:09:55.670  3729  3729 D DNC-1   : Data evaluation: evaluation reason:NEW_REQUEST, Data disallowed reasons: RADIO_POWER_OFF NOT_IN_SERVICE DATA_NETWORK_TRANSPORT_NOT_ALLOWED DATA_DISABLED, candidate profile=null, time=23:09:55.669, network type=UNKNOWN, reg state=UNKNOWN, [NetworkRequest [ REQUEST id=154, [ Transports: SATELLITE Capabilities: INTERNET&TRUSTED&NOT_VCN_MANAGED Uid: 10190 RequestorUid: 10190 RequestorPkg: com.google.android.apps.messaging UnderlyingNetworks: Null] ], mPriority=20, state=UNSATISFIED, mAttachedDataNetwork=null, isMetered=true, created time=23:09:55.646, evaluation result=Data evaluation: evaluation reason:NEW_REQUEST, Data disallowed reasons: RADIO_POWER_OFF NOT_IN_SERVICE DATA_NETWORK_TRANSPORT_NOT_ALLOWED DATA_DISABLED, candidate profile=null, time=23:09:55.669]
06-14 23:09:55.671  3729  3729 D DNC-1   : onAddNetworkRequest: added [NetworkRequest [ REQUEST id=155, [ Transports: SATELLITE Capabilities: INTERNET&NOT_RESTRICTED&TRUSTED&NOT_VCN_MANAGED Uid: 10190 RequestorUid: 10190 RequestorPkg: com.google.android.apps.messaging UnderlyingNetworks: Null] ], mPriority=20, state=UNSATISFIED, mAttachedDataNetwork=null, isMetered=true, created time=23:09:55.651, evaluation result=null]
06-14 23:09:55.674  3729  3729 D DNC-1   : isValidForEpdg: retValue=false
06-14 23:09:55.677  3729  3729 E DNC-1   : DataAllowPopup, necessary? apnType=17, disallowed_reason=true, home_disabled=true, roam_disabled=false
06-14 23:09:55.677  3729  3729 D DNC-1   : DataTariff - Not Supoort TSS 2.0
06-14 23:09:55.678  3729  3729 D DNC-1   : Data evaluation: evaluation reason:NEW_REQUEST, Data disallowed reasons: RADIO_POWER_OFF NOT_IN_SERVICE DATA_NETWORK_TRANSPORT_NOT_ALLOWED DATA_DISABLED, candidate profile=null, time=23:09:55.675, network type=UNKNOWN, reg state=UNKNOWN, [NetworkRequest [ REQUEST id=155, [ Transports: SATELLITE Capabilities: INTERNET&NOT_RESTRICTED&TRUSTED&NOT_VCN_MANAGED Uid: 10190 RequestorUid: 10190 RequestorPkg: com.google.android.apps.messaging UnderlyingNetworks: Null] ], mPriority=20, state=UNSATISFIED, mAttachedDataNetwork=null, isMetered=true, created time=23:09:55.651, evaluation result=Data evaluation: evaluation reason:NEW_REQUEST, Data disallowed reasons: RADIO_POWER_OFF NOT_IN_SERVICE DATA_NETWORK_TRANSPORT_NOT_ALLOWED DATA_DISABLED, candidate profile=null, time=23:09:55.675]
06-14 23:09:55.678  3729  3729 D TelephonyNetworkFactory[0]: handleMessage msg={ when=-25ms what=3 obj=NetworkRequest [ REQUEST id=154, [ Transports: SATELLITE Capabilities: INTERNET&TRUSTED&NOT_VCN_MANAGED Uid: 10190 RequestorUid: 10190 RequestorPkg: com.google.android.apps.messaging UnderlyingNetworks: Null] ] target=com.android.internal.telephony.data.TelephonyNetworkFactory$InternalHandler }
06-14 23:09:55.679  3729  3729 D TelephonyNetworkFactory[0]: onNeedNetworkFor: preferredDataPhoneId isn't update. networkCapability : 12, wait onActivePhoneSwitch, needDdsChange : false
06-14 23:09:55.687  3729  3729 D TelephonyNetworkFactory[0]: onNeedNetworkFor [NetworkRequest [ REQUEST id=154, [ Transports: SATELLITE Capabilities: INTERNET&TRUSTED&NOT_VCN_MANAGED Uid: 10190 RequestorUid: 10190 RequestorPkg: com.google.android.apps.messaging UnderlyingNetworks: Null] ], mPriority=20, state=UNSATISFIED, mAttachedDataNetwork=null, isMetered=true, created time=23:09:55.679, evaluation result=null] shouldApply false
06-14 23:09:55.687  3729  3729 D TelephonyNetworkFactory[0]: handleMessage msg={ when=-33ms what=3 obj=NetworkRequest [ REQUEST id=155, [ Transports: SATELLITE Capabilities: INTERNET&NOT_RESTRICTED&TRUSTED&NOT_VCN_MANAGED Uid: 10190 RequestorUid: 10190 RequestorPkg: com.google.android.apps.messaging UnderlyingNetworks: Null] ] target=com.android.internal.telephony.data.TelephonyNetworkFactory$InternalHandler }
06-14 23:09:55.688  3729  3729 D TelephonyNetworkFactory[0]: onNeedNetworkFor: preferredDataPhoneId isn't update. networkCapability : 12, wait onActivePhoneSwitch, needDdsChange : false
06-14 23:09:55.688  3729  3729 D TelephonyNetworkFactory[0]: onNeedNetworkFor [NetworkRequest [ REQUEST id=155, [ Transports: SATELLITE Capabilities: INTERNET&NOT_RESTRICTED&TRUSTED&NOT_VCN_MANAGED Uid: 10190 RequestorUid: 10190 RequestorPkg: com.google.android.apps.messaging UnderlyingNetworks: Null] ], mPriority=20, state=UNSATISFIED, mAttachedDataNetwork=null, isMetered=true, created time=23:09:55.688, evaluation result=null] shouldApply false
06-14 23:09:55.820  3729  4512 D IccProvider: [IccProvider] query
06-14 23:09:55.820  3729  4512 D IccProvider: [IccProvider] getRequestSubId url: content://icc/adn/emails/subId/1
06-14 23:09:55.820  3729  4512 D IccProvider: [IccProvider] loadFromEf: efType=0x6F3A, subscription=1
06-14 23:09:55.822  3729  4512 D IccProvider: [IccProvider] adnRecords.size=1
06-14 23:09:55.829  3729  3729 D TelephonyNetworkFactory[1]: got request NetworkRequest [ REQUEST id=159, [ Transports: SATELLITE Capabilities: INTERNET&TRUSTED&NOT_VCN_MANAGED Uid: 10190 RequestorUid: 1000 RequestorPkg: android UnderlyingNetworks: Null] ]
06-14 23:09:55.829  3729  3729 D TelephonyNetworkFactory[1]: handleMessage msg={ when=0 what=3 obj=NetworkRequest [ REQUEST id=159, [ Transports: SATELLITE Capabilities: INTERNET&TRUSTED&NOT_VCN_MANAGED Uid: 10190 RequestorUid: 1000 RequestorPkg: android UnderlyingNetworks: Null] ] target=com.android.internal.telephony.data.TelephonyNetworkFactory$InternalHandler }
06-14 23:09:55.830  3729  3729 D TelephonyNetworkFactory[1]: onNeedNetworkFor [NetworkRequest [ REQUEST id=159, [ Transports: SATELLITE Capabilities: INTERNET&TRUSTED&NOT_VCN_MANAGED Uid: 10190 RequestorUid: 1000 RequestorPkg: android UnderlyingNetworks: Null] ], mPriority=20, state=UNSATISFIED, mAttachedDataNetwork=null, isMetered=true, created time=23:09:55.830, evaluation result=null] shouldApply true
06-14 23:09:55.830  3729  3729 D TelephonyNetworkFactory[1]: got request NetworkRequest [ REQUEST id=160, [ Transports: SATELLITE Capabilities: INTERNET&NOT_RESTRICTED&TRUSTED&NOT_VCN_MANAGED Uid: 10190 RequestorUid: 1000 RequestorPkg: android UnderlyingNetworks: Null] ]
06-14 23:09:55.830  3729  3729 D TelephonyNetworkFactory[0]: got request NetworkRequest [ REQUEST id=159, [ Transports: SATELLITE Capabilities: INTERNET&TRUSTED&NOT_VCN_MANAGED Uid: 10190 RequestorUid: 1000 RequestorPkg: android UnderlyingNetworks: Null] ]
06-14 23:09:55.830  3729  3729 D TelephonyNetworkFactory[0]: got request NetworkRequest [ REQUEST id=160, [ Transports: SATELLITE Capabilities: INTERNET&NOT_RESTRICTED&TRUSTED&NOT_VCN_MANAGED Uid: 10190 RequestorUid: 1000 RequestorPkg: android UnderlyingNetworks: Null] ]
06-14 23:09:55.831  3729  3729 D DNC-1   : onAddNetworkRequest: added [NetworkRequest [ REQUEST id=159, [ Transports: SATELLITE Capabilities: INTERNET&TRUSTED&NOT_VCN_MANAGED Uid: 10190 RequestorUid: 1000 RequestorPkg: android UnderlyingNetworks: Null] ], mPriority=20, state=UNSATISFIED, mAttachedDataNetwork=null, isMetered=true, created time=23:09:55.829, evaluation result=null]
06-14 23:09:55.834  3729  3729 D DNC-1   : isValidForEpdg: retValue=false
06-14 23:09:55.837  3729  3729 E DNC-1   : DataAllowPopup, necessary? apnType=17, disallowed_reason=true, home_disabled=true, roam_disabled=false
06-14 23:09:55.837  3729  3729 D DNC-1   : DataTariff - Not Supoort TSS 2.0
06-14 23:09:55.841  3729  4508 D IccProvider: [IccProvider] query
06-14 23:09:55.841  3729  4508 D IccProvider: [IccProvider] getRequestSubId url: content://icc/adn/emails/subId/2
06-14 23:09:55.841  3729  4508 D IccProvider: [IccProvider] loadFromEf: efType=0x6F3A, subscription=2
06-14 23:09:55.851  3729  3729 D DNC-1   : Data evaluation: evaluation reason:NEW_REQUEST, Data disallowed reasons: RADIO_POWER_OFF NOT_IN_SERVICE DATA_NETWORK_TRANSPORT_NOT_ALLOWED DATA_DISABLED, candidate profile=null, time=23:09:55.835, network type=UNKNOWN, reg state=UNKNOWN, [NetworkRequest [ REQUEST id=159, [ Transports: SATELLITE Capabilities: INTERNET&TRUSTED&NOT_VCN_MANAGED Uid: 10190 RequestorUid: 1000 RequestorPkg: android UnderlyingNetworks: Null] ], mPriority=20, state=UNSATISFIED, mAttachedDataNetwork=null, isMetered=true, created time=23:09:55.830, evaluation result=Data evaluation: evaluation reason:NEW_REQUEST, Data disallowed reasons: RADIO_POWER_OFF NOT_IN_SERVICE DATA_NETWORK_TRANSPORT_NOT_ALLOWED DATA_DISABLED, candidate profile=null, time=23:09:55.835]
06-14 23:09:55.851  3729  3729 D TelephonyNetworkFactory[1]: handleMessage msg={ when=-21ms what=3 obj=NetworkRequest [ REQUEST id=160, [ Transports: SATELLITE Capabilities: INTERNET&NOT_RESTRICTED&TRUSTED&NOT_VCN_MANAGED Uid: 10190 RequestorUid: 1000 RequestorPkg: android UnderlyingNetworks: Null] ] target=com.android.internal.telephony.data.TelephonyNetworkFactory$InternalHandler }
06-14 23:09:55.852  3729  3729 D TelephonyNetworkFactory[1]: onNeedNetworkFor [NetworkRequest [ REQUEST id=160, [ Transports: SATELLITE Capabilities: INTERNET&NOT_RESTRICTED&TRUSTED&NOT_VCN_MANAGED Uid: 10190 RequestorUid: 1000 RequestorPkg: android UnderlyingNetworks: Null] ], mPriority=20, state=UNSATISFIED, mAttachedDataNetwork=null, isMetered=true, created time=23:09:55.852, evaluation result=null] shouldApply true
06-14 23:09:55.852  3729  3729 D TelephonyNetworkFactory[0]: handleMessage msg={ when=-22ms what=3 obj=NetworkRequest [ REQUEST id=159, [ Transports: SATELLITE Capabilities: INTERNET&TRUSTED&NOT_VCN_MANAGED Uid: 10190 RequestorUid: 1000 RequestorPkg: android UnderlyingNetworks: Null] ] target=com.android.internal.telephony.data.TelephonyNetworkFactory$InternalHandler }
06-14 23:09:55.852  3729  3729 D TelephonyNetworkFactory[0]: onNeedNetworkFor: preferredDataPhoneId isn't update. networkCapability : 12, wait onActivePhoneSwitch, needDdsChange : false
06-14 23:09:55.853  3729  3729 D TelephonyNetworkFactory[0]: onNeedNetworkFor [NetworkRequest [ REQUEST id=159, [ Transports: SATELLITE Capabilities: INTERNET&TRUSTED&NOT_VCN_MANAGED Uid: 10190 RequestorUid: 1000 RequestorPkg: android UnderlyingNetworks: Null] ], mPriority=20, state=UNSATISFIED, mAttachedDataNetwork=null, isMetered=true, created time=23:09:55.852, evaluation result=null] shouldApply false
06-14 23:09:55.853  3729  3729 D TelephonyNetworkFactory[0]: handleMessage msg={ when=-22ms what=3 obj=NetworkRequest [ REQUEST id=160, [ Transports: SATELLITE Capabilities: INTERNET&NOT_RESTRICTED&TRUSTED&NOT_VCN_MANAGED Uid: 10190 RequestorUid: 1000 RequestorPkg: android UnderlyingNetworks: Null] ] target=com.android.internal.telephony.data.TelephonyNetworkFactory$InternalHandler }
06-14 23:09:55.853  3729  3729 D TelephonyNetworkFactory[0]: onNeedNetworkFor: preferredDataPhoneId isn't update. networkCapability : 12, wait onActivePhoneSwitch, needDdsChange : false
06-14 23:09:55.853  3729  3729 D TelephonyNetworkFactory[0]: onNeedNetworkFor [NetworkRequest [ REQUEST id=160, [ Transports: SATELLITE Capabilities: INTERNET&NOT_RESTRICTED&TRUSTED&NOT_VCN_MANAGED Uid: 10190 RequestorUid: 1000 RequestorPkg: android UnderlyingNetworks: Null] ], mPriority=20, state=UNSATISFIED, mAttachedDataNetwork=null, isMetered=true, created time=23:09:55.852, evaluation result=null] shouldApply false
06-14 23:09:55.854  3729  3729 D DNC-1   : onAddNetworkRequest: added [NetworkRequest [ REQUEST id=160, [ Transports: SATELLITE Capabilities: INTERNET&NOT_RESTRICTED&TRUSTED&NOT_VCN_MANAGED Uid: 10190 RequestorUid: 1000 RequestorPkg: android UnderlyingNetworks: Null] ], mPriority=20, state=UNSATISFIED, mAttachedDataNetwork=null, isMetered=true, created time=23:09:55.852, evaluation result=null]
06-14 23:09:55.855  3729  3729 D DNC-1   : isValidForEpdg: retValue=false
06-14 23:09:55.857  3729  3729 E DNC-1   : DataAllowPopup, necessary? apnType=17, disallowed_reason=true, home_disabled=true, roam_disabled=false
06-14 23:09:55.857  3729  3729 D DNC-1   : DataTariff - Not Supoort TSS 2.0
06-14 23:09:55.857  3729  4508 D IccProvider: [IccProvider] adnRecords.size=11
06-14 23:09:55.858  3729  3729 D DNC-1   : Data evaluation: evaluation reason:NEW_REQUEST, Data disallowed reasons: RADIO_POWER_OFF NOT_IN_SERVICE DATA_NETWORK_TRANSPORT_NOT_ALLOWED DATA_DISABLED, candidate profile=null, time=23:09:55.856, network type=UNKNOWN, reg state=UNKNOWN, [NetworkRequest [ REQUEST id=160, [ Transports: SATELLITE Capabilities: INTERNET&NOT_RESTRICTED&TRUSTED&NOT_VCN_MANAGED Uid: 10190 RequestorUid: 1000 RequestorPkg: android UnderlyingNetworks: Null] ], mPriority=20, state=UNSATISFIED, mAttachedDataNetwork=null, isMetered=true, created time=23:09:55.851, evaluation result=Data evaluation: evaluation reason:NEW_REQUEST, Data disallowed reasons: RADIO_POWER_OFF NOT_IN_SERVICE DATA_NETWORK_TRANSPORT_NOT_ALLOWED DATA_DISABLED, candidate profile=null, time=23:09:55.856]
06-14 23:09:55.902  3729  4508 E SemTelephonyController: FdnEnabled? false
06-14 23:09:56.002  3729  4512 D IccProvider: [IccProvider] query
06-14 23:09:56.002  3729  4512 D IccProvider: [IccProvider] getRequestSubId url: content://icc/adn/subId/2
06-14 23:09:56.002  3729  4512 D IccProvider: [IccProvider] loadFromEf: efType=0x6F3A, subscription=2
06-14 23:09:56.006  3729  4512 D IccProvider: [IccProvider] adnRecords.size=11
06-14 23:09:56.006  3729  4512 D IccProvider: [IccProvider] loadRecord: Gabriel YT, [****]
06-14 23:09:56.006  3729  4512 D IccProvider: [IccProvider] Adding email:
06-14 23:09:56.006  3729  4512 D IccProvider: [IccProvider] Adding anr:
06-14 23:09:56.006  3729  4512 D IccProvider: [IccProvider] Adding anr:
06-14 23:09:56.006  3729  4512 D IccProvider: [IccProvider] Adding anr:
06-14 23:09:56.006  3729  4512 D IccProvider: [IccProvider] Adding anr:
06-14 23:09:56.006  3729  4512 D IccProvider: [IccProvider] loadRecord: VitorBranquelo, [****]
06-14 23:09:56.006  3729  4512 D IccProvider: [IccProvider] Adding email:
06-14 23:09:56.006  3729  4512 D IccProvider: [IccProvider] Adding anr:
06-14 23:09:56.006  3729  4512 D IccProvider: [IccProvider] Adding anr:
06-14 23:09:56.006  3729  4512 D IccProvider: [IccProvider] Adding anr:
06-14 23:09:56.006  3729  4512 D IccProvider: [IccProvider] Adding anr:
06-14 23:09:56.006  3729  4512 D IccProvider: [IccProvider] loadRecord: Vtr VITOR , [****]
06-14 23:09:56.006  3729  4512 D IccProvider: [IccProvider] Adding email:
06-14 23:09:56.006  3729  4512 D IccProvider: [IccProvider] Adding anr:
06-14 23:09:56.006  3729  4512 D IccProvider: [IccProvider] Adding anr:
06-14 23:09:56.006  3729  4512 D IccProvider: [IccProvider] Adding anr:
06-14 23:09:56.006  3729  4512 D IccProvider: [IccProvider] Adding anr:
06-14 23:09:56.006  3729  4512 D IccProvider: [IccProvider] loadRecord: Meu Numero, [****]
06-14 23:09:56.009  3729  4512 D IccProvider: [IccProvider] Adding email:
06-14 23:09:56.009  3729  4512 D IccProvider: [IccProvider] Adding anr:
06-14 23:09:56.009  3729  4512 D IccProvider: [IccProvider] Adding anr:
06-14 23:09:56.009  3729  4512 D IccProvider: [IccProvider] Adding anr:
06-14 23:09:56.009  3729  4512 D IccProvider: [IccProvider] Adding anr:
06-14 23:09:56.009  3729  4512 D IccProvider: [IccProvider] loadRecord: Mae, [****]
06-14 23:09:56.009  3729  4512 D IccProvider: [IccProvider] Adding email:
06-14 23:09:56.009  3729  4512 D IccProvider: [IccProvider] Adding anr:
06-14 23:09:56.009  3729  4512 D IccProvider: [IccProvider] Adding anr:
06-14 23:09:56.009  3729  4512 D IccProvider: [IccProvider] Adding anr:
06-14 23:09:56.009  3729  4512 D IccProvider: [IccProvider] Adding anr:
06-14 23:09:56.009  3729  4512 D IccProvider: [IccProvider] loadRecord: Vó, [****]
06-14 23:09:56.009  3729  4512 D IccProvider: [IccProvider] Adding email:
06-14 23:09:56.009  3729  4512 D IccProvider: [IccProvider] Adding anr:
06-14 23:09:56.009  3729  4512 D IccProvider: [IccProvider] Adding anr:
06-14 23:09:56.009  3729  4512 D IccProvider: [IccProvider] Adding anr:
06-14 23:09:56.009  3729  4512 D IccProvider: [IccProvider] Adding anr:
06-14 23:09:56.009  3729  4512 D IccProvider: [IccProvider] loadRecord: Gordo, [****]
06-14 23:09:56.009  3729  4512 D IccProvider: [IccProvider] Adding email:
06-14 23:09:56.009  3729  4512 D IccProvider: [IccProvider] Adding anr:
06-14 23:09:56.009  3729  4512 D IccProvider: [IccProvider] Adding anr:
06-14 23:09:56.009  3729  4512 D IccProvider: [IccProvider] Adding anr:
06-14 23:09:56.009  3729  4512 D IccProvider: [IccProvider] Adding anr:
06-14 23:09:56.009  3729  4512 D IccProvider: [IccProvider] loadRecord: Tio, [****]
06-14 23:09:56.009  3729  4512 D IccProvider: [IccProvider] Adding email:
06-14 23:09:56.009  3729  4512 D IccProvider: [IccProvider] Adding anr:
06-14 23:09:56.009  3729  4512 D IccProvider: [IccProvider] Adding anr:
06-14 23:09:56.009  3729  4512 D IccProvider: [IccProvider] Adding anr:
06-14 23:09:56.009  3729  4512 D IccProvider: [IccProvider] Adding anr:
06-14 23:09:56.009  3729  4512 D IccProvider: [IccProvider] loadRecord: Paulinho, [****]
06-14 23:09:56.009  3729  4512 D IccProvider: [IccProvider] Adding email:
06-14 23:09:56.009  3729  4512 D IccProvider: [IccProvider] Adding anr:
06-14 23:09:56.009  3729  4512 D IccProvider: [IccProvider] Adding anr:
06-14 23:09:56.009  3729  4512 D IccProvider: [IccProvider] Adding anr:
06-14 23:09:56.009  3729  4512 D IccProvider: [IccProvider] Adding anr:
06-14 23:09:56.009  3729  4512 D IccProvider: [IccProvider] loadRecord: Prof. JULIANA, [****]
06-14 23:09:56.009  3729  4512 D IccProvider: [IccProvider] Adding email:
06-14 23:09:56.009  3729  4512 D IccProvider: [IccProvider] Adding anr:
06-14 23:09:56.009  3729  4512 D IccProvider: [IccProvider] Adding anr:
06-14 23:09:56.009  3729  4512 D IccProvider: [IccProvider] Adding anr:
06-14 23:09:56.009  3729  4512 D IccProvider: [IccProvider] Adding anr:
06-14 23:09:56.009  3729  4512 D IccProvider: [IccProvider] loadRecord: Pai, [****]
06-14 23:09:56.009  3729  4512 D IccProvider: [IccProvider] Adding email:
06-14 23:09:56.009  3729  4512 D IccProvider: [IccProvider] Adding anr:
06-14 23:09:56.009  3729  4512 D IccProvider: [IccProvider] Adding anr:
06-14 23:09:56.009  3729  4512 D IccProvider: [IccProvider] Adding anr:
06-14 23:09:56.009  3729  4512 D IccProvider: [IccProvider] Adding anr:
06-14 23:09:56.065  5831  6071 E SignalStrength: getDbm - Invalid radio technology: 0
06-14 23:09:56.070  3729  4512 D IccProvider: [IccProvider] query
06-14 23:09:56.071  3729  4512 D IccProvider: [IccProvider] getRequestSubId url: content://icc/adn/subId/2
06-14 23:09:56.071  3729  4512 D IccProvider: [IccProvider] loadFromEf: efType=0x6F3A, subscription=2
06-14 23:09:56.075  3729  4512 D IccProvider: [IccProvider] adnRecords.size=11
06-14 23:09:56.075  3729  4512 D IccProvider: [IccProvider] loadRecord: Gabriel YT, [****]
06-14 23:09:56.075  3729  4512 D IccProvider: [IccProvider] Adding email:
06-14 23:09:56.075  3729  4512 D IccProvider: [IccProvider] Adding anr:
06-14 23:09:56.075  3729  4512 D IccProvider: [IccProvider] Adding anr:
06-14 23:09:56.076  3729  4512 D IccProvider: [IccProvider] Adding anr:
06-14 23:09:56.076  3729  4512 D IccProvider: [IccProvider] Adding anr:
06-14 23:09:56.076  3729  4512 D IccProvider: [IccProvider] loadRecord: VitorBranquelo, [****]
06-14 23:09:56.076  5831  6071 E SignalStrength: getDbm - Invalid radio technology: 0
06-14 23:09:56.076  3729  4512 D IccProvider: [IccProvider] Adding email:
06-14 23:09:56.076  3729  4512 D IccProvider: [IccProvider] Adding anr:
06-14 23:09:56.076  3729  4512 D IccProvider: [IccProvider] Adding anr:
06-14 23:09:56.076  3729  4512 D IccProvider: [IccProvider] Adding anr:
06-14 23:09:56.076  3729  4512 D IccProvider: [IccProvider] Adding anr:
06-14 23:09:56.076  3729  4512 D IccProvider: [IccProvider] loadRecord: Vtr VITOR , [****]
06-14 23:09:56.076  3729  4512 D IccProvider: [IccProvider] Adding email:
06-14 23:09:56.076  3729  4512 D IccProvider: [IccProvider] Adding anr:
06-14 23:09:56.076  3729  4512 D IccProvider: [IccProvider] Adding anr:
06-14 23:09:56.076  3729  4512 D IccProvider: [IccProvider] Adding anr:
06-14 23:09:56.076  3729  4512 D IccProvider: [IccProvider] Adding anr:
06-14 23:09:56.076  3729  4512 D IccProvider: [IccProvider] loadRecord: Meu Numero, [****]
06-14 23:09:56.076  3729  4512 D IccProvider: [IccProvider] Adding email:
06-14 23:09:56.076  3729  4512 D IccProvider: [IccProvider] Adding anr:
06-14 23:09:56.076  3729  4512 D IccProvider: [IccProvider] Adding anr:
06-14 23:09:56.076  3729  4512 D IccProvider: [IccProvider] Adding anr:
06-14 23:09:56.076  3729  4512 D IccProvider: [IccProvider] Adding anr:
06-14 23:09:56.076  3729  4512 D IccProvider: [IccProvider] loadRecord: Mae, [****]
06-14 23:09:56.076  3729  4512 D IccProvider: [IccProvider] Adding email:
06-14 23:09:56.076  3729  4512 D IccProvider: [IccProvider] Adding anr:
06-14 23:09:56.076  3729  4512 D IccProvider: [IccProvider] Adding anr:
06-14 23:09:56.076  3729  4512 D IccProvider: [IccProvider] Adding anr:
06-14 23:09:56.076  3729  4512 D IccProvider: [IccProvider] Adding anr:
06-14 23:09:56.076  3729  4512 D IccProvider: [IccProvider] loadRecord: Vó, [****]
06-14 23:09:56.076  3729  4512 D IccProvider: [IccProvider] Adding email:
06-14 23:09:56.076  3729  4512 D IccProvider: [IccProvider] Adding anr:
06-14 23:09:56.076  3729  4512 D IccProvider: [IccProvider] Adding anr:
06-14 23:09:56.076  3729  4512 D IccProvider: [IccProvider] Adding anr:
06-14 23:09:56.076  3729  4512 D IccProvider: [IccProvider] Adding anr:
06-14 23:09:56.076  3729  4512 D IccProvider: [IccProvider] loadRecord: Gordo, [****]
06-14 23:09:56.076  3729  4512 D IccProvider: [IccProvider] Adding email:
06-14 23:09:56.076  3729  4512 D IccProvider: [IccProvider] Adding anr:
06-14 23:09:56.076  3729  4512 D IccProvider: [IccProvider] Adding anr:
06-14 23:09:56.076  3729  4512 D IccProvider: [IccProvider] Adding anr:
06-14 23:09:56.076  3729  4512 D IccProvider: [IccProvider] Adding anr:
06-14 23:09:56.076  3729  4512 D IccProvider: [IccProvider] loadRecord: Tio, [****]
06-14 23:09:56.076  3729  4512 D IccProvider: [IccProvider] Adding email:
06-14 23:09:56.076  3729  4512 D IccProvider: [IccProvider] Adding anr:
06-14 23:09:56.076  3729  4512 D IccProvider: [IccProvider] Adding anr:
06-14 23:09:56.076  3729  4512 D IccProvider: [IccProvider] Adding anr:
06-14 23:09:56.077  3729  4512 D IccProvider: [IccProvider] Adding anr:
06-14 23:09:56.077  3729  4512 D IccProvider: [IccProvider] loadRecord: Paulinho, [****]
06-14 23:09:56.077  3729  4512 D IccProvider: [IccProvider] Adding email:
06-14 23:09:56.077  3729  4512 D IccProvider: [IccProvider] Adding anr:
06-14 23:09:56.077  3729  4512 D IccProvider: [IccProvider] Adding anr:
06-14 23:09:56.077  3729  4512 D IccProvider: [IccProvider] Adding anr:
06-14 23:09:56.077  3729  4512 D IccProvider: [IccProvider] Adding anr:
06-14 23:09:56.077  3729  4512 D IccProvider: [IccProvider] loadRecord: Prof. JULIANA, [****]
06-14 23:09:56.077  3729  4512 D IccProvider: [IccProvider] Adding email:
06-14 23:09:56.077  3729  4512 D IccProvider: [IccProvider] Adding anr:
06-14 23:09:56.077  3729  4512 D IccProvider: [IccProvider] Adding anr:
06-14 23:09:56.077  3729  4512 D IccProvider: [IccProvider] Adding anr:
06-14 23:09:56.077  3729  4512 D IccProvider: [IccProvider] Adding anr:
06-14 23:09:56.077  3729  4512 D IccProvider: [IccProvider] loadRecord: Pai, [****]
06-14 23:09:56.077  3729  4512 D IccProvider: [IccProvider] Adding email:
06-14 23:09:56.077  3729  4512 D IccProvider: [IccProvider] Adding anr:
06-14 23:09:56.077  3729  4512 D IccProvider: [IccProvider] Adding anr:
06-14 23:09:56.077  3729  4512 D IccProvider: [IccProvider] Adding anr:
06-14 23:09:56.077  3729  4512 D IccProvider: [IccProvider] Adding anr:
06-14 23:09:56.122  3729  4508 D Phone-0 : [0] SubId1,get allowed network types user: value = GPRS|EDGE|UMTS|HSDPA|HSUPA|HSPA|LTE|HSPA+|GSM|LTE_CA
06-14 23:09:56.126  3729  4508 D Phone-1 : [1] SubId2,get allowed network types user: value = GPRS|EDGE|UMTS|HSDPA|HSUPA|HSPA|LTE|HSPA+|GSM|LTE_CA
06-14 23:09:56.264  3729  5085 D IccProvider: [IccProvider] query
06-14 23:09:56.264  3729  5085 D IccProvider: [IccProvider] getRequestSubId url: content://icc/adn/emails/subId/2
06-14 23:09:56.265  3729  5085 D IccProvider: [IccProvider] loadFromEf: efType=0x6F3A, subscription=2
06-14 23:09:56.267  3729  5085 D IccProvider: [IccProvider] adnRecords.size=11
06-14 23:09:56.568  3729  3729 D TelephonyNetworkFactory[1]: got request NetworkRequest [ REQUEST id=162, [ Capabilities: INTERNET&NOT_RESTRICTED&TRUSTED&NOT_VCN_MANAGED&NOT_BANDWIDTH_CONSTRAINED Uid: 10107 RequestorUid: 1000 RequestorPkg: android UnderlyingNetworks: Null] ]
06-14 23:09:56.568  3729  3729 D TelephonyNetworkFactory[0]: got request NetworkRequest [ REQUEST id=162, [ Capabilities: INTERNET&NOT_RESTRICTED&TRUSTED&NOT_VCN_MANAGED&NOT_BANDWIDTH_CONSTRAINED Uid: 10107 RequestorUid: 1000 RequestorPkg: android UnderlyingNetworks: Null] ]
06-14 23:09:56.568  3729  3729 D TelephonyNetworkFactory[1]: handleMessage msg={ when=0 what=3 obj=NetworkRequest [ REQUEST id=162, [ Capabilities: INTERNET&NOT_RESTRICTED&TRUSTED&NOT_VCN_MANAGED&NOT_BANDWIDTH_CONSTRAINED Uid: 10107 RequestorUid: 1000 RequestorPkg: android UnderlyingNetworks: Null] ] target=com.android.internal.telephony.data.TelephonyNetworkFactory$InternalHandler }
06-14 23:09:56.569  3729  3729 D TelephonyNetworkFactory[1]: onNeedNetworkFor [NetworkRequest [ REQUEST id=162, [ Capabilities: INTERNET&NOT_RESTRICTED&TRUSTED&NOT_VCN_MANAGED&NOT_BANDWIDTH_CONSTRAINED Uid: 10107 RequestorUid: 1000 RequestorPkg: android UnderlyingNetworks: Null] ], mPriority=20, state=UNSATISFIED, mAttachedDataNetwork=null, isMetered=true, created time=23:09:56.569, evaluation result=null] shouldApply true
06-14 23:09:56.569  3729  3729 D TelephonyNetworkFactory[0]: handleMessage msg={ when=-1ms what=3 obj=NetworkRequest [ REQUEST id=162, [ Capabilities: INTERNET&NOT_RESTRICTED&TRUSTED&NOT_VCN_MANAGED&NOT_BANDWIDTH_CONSTRAINED Uid: 10107 RequestorUid: 1000 RequestorPkg: android UnderlyingNetworks: Null] ] target=com.android.internal.telephony.data.TelephonyNetworkFactory$InternalHandler }
06-14 23:09:56.569  3729  3729 D TelephonyNetworkFactory[0]: onNeedNetworkFor: preferredDataPhoneId isn't update. networkCapability : 12, wait onActivePhoneSwitch, needDdsChange : false
06-14 23:09:56.570  3729  3729 D TelephonyNetworkFactory[0]: onNeedNetworkFor [NetworkRequest [ REQUEST id=162, [ Capabilities: INTERNET&NOT_RESTRICTED&TRUSTED&NOT_VCN_MANAGED&NOT_BANDWIDTH_CONSTRAINED Uid: 10107 RequestorUid: 1000 RequestorPkg: android UnderlyingNetworks: Null] ], mPriority=20, state=UNSATISFIED, mAttachedDataNetwork=null, isMetered=true, created time=23:09:56.570, evaluation result=null] shouldApply false
06-14 23:09:56.570  3729  3729 D DNC-1   : onAddNetworkRequest: added [NetworkRequest [ REQUEST id=162, [ Capabilities: INTERNET&NOT_RESTRICTED&TRUSTED&NOT_VCN_MANAGED&NOT_BANDWIDTH_CONSTRAINED Uid: 10107 RequestorUid: 1000 RequestorPkg: android UnderlyingNetworks: Null] ], mPriority=20, state=UNSATISFIED, mAttachedDataNetwork=null, isMetered=true, created time=23:09:56.568, evaluation result=null]
06-14 23:09:56.572  3729  3729 D DNC-1   : isValidForEpdg: retValue=false
06-14 23:09:56.573  3729  3729 E DNC-1   : DataAllowPopup, necessary? apnType=17, disallowed_reason=true, home_disabled=true, roam_disabled=false
06-14 23:09:56.573  3729  3729 D DNC-1   : DataTariff - Not Supoort TSS 2.0
06-14 23:09:56.574  3729  3729 D DNC-1   : Data evaluation: evaluation reason:NEW_REQUEST, Data disallowed reasons: RADIO_POWER_OFF NOT_IN_SERVICE DATA_DISABLED, candidate profile=null, time=23:09:56.572, network type=UNKNOWN, reg state=UNKNOWN, [NetworkRequest [ REQUEST id=162, [ Capabilities: INTERNET&NOT_RESTRICTED&TRUSTED&NOT_VCN_MANAGED&NOT_BANDWIDTH_CONSTRAINED Uid: 10107 RequestorUid: 1000 RequestorPkg: android UnderlyingNetworks: Null] ], mPriority=20, state=UNSATISFIED, mAttachedDataNetwork=null, isMetered=true, created time=23:09:56.569, evaluation result=Data evaluation: evaluation reason:NEW_REQUEST, Data disallowed reasons: RADIO_POWER_OFF NOT_IN_SERVICE DATA_DISABLED, candidate profile=null, time=23:09:56.572]
06-14 23:09:57.149  3729  3729 D TelephonyNetworkFactory[1]: got request NetworkRequest [ REQUEST id=164, [ Capabilities: INTERNET&NOT_RESTRICTED&TRUSTED&NOT_VCN_MANAGED&NOT_BANDWIDTH_CONSTRAINED Uid: 10192 RequestorUid: 10192 RequestorPkg: com.google.android.googlequicksearchbox UnderlyingNetworks: Null] ]
06-14 23:09:57.149  3729  3729 D TelephonyNetworkFactory[1]: handleMessage msg={ when=0 what=3 obj=NetworkRequest [ REQUEST id=164, [ Capabilities: INTERNET&NOT_RESTRICTED&TRUSTED&NOT_VCN_MANAGED&NOT_BANDWIDTH_CONSTRAINED Uid: 10192 RequestorUid: 10192 RequestorPkg: com.google.android.googlequicksearchbox UnderlyingNetworks: Null] ] target=com.android.internal.telephony.data.TelephonyNetworkFactory$InternalHandler }
06-14 23:09:57.152  3729  3729 D TelephonyNetworkFactory[1]: onNeedNetworkFor [NetworkRequest [ REQUEST id=164, [ Capabilities: INTERNET&NOT_RESTRICTED&TRUSTED&NOT_VCN_MANAGED&NOT_BANDWIDTH_CONSTRAINED Uid: 10192 RequestorUid: 10192 RequestorPkg: com.google.android.googlequicksearchbox UnderlyingNetworks: Null] ], mPriority=20, state=UNSATISFIED, mAttachedDataNetwork=null, isMetered=true, created time=23:09:57.149, evaluation result=null] shouldApply true
06-14 23:09:57.152  3729  3729 D TelephonyNetworkFactory[0]: got request NetworkRequest [ REQUEST id=164, [ Capabilities: INTERNET&NOT_RESTRICTED&TRUSTED&NOT_VCN_MANAGED&NOT_BANDWIDTH_CONSTRAINED Uid: 10192 RequestorUid: 10192 RequestorPkg: com.google.android.googlequicksearchbox UnderlyingNetworks: Null] ]
06-14 23:09:57.152  3729  3729 D DNC-1   : onAddNetworkRequest: added [NetworkRequest [ REQUEST id=164, [ Capabilities: INTERNET&NOT_RESTRICTED&TRUSTED&NOT_VCN_MANAGED&NOT_BANDWIDTH_CONSTRAINED Uid: 10192 RequestorUid: 10192 RequestorPkg: com.google.android.googlequicksearchbox UnderlyingNetworks: Null] ], mPriority=20, state=UNSATISFIED, mAttachedDataNetwork=null, isMetered=true, created time=23:09:57.149, evaluation result=null]
06-14 23:09:57.174  3729  3729 D DNC-1   : isValidForEpdg: retValue=false
06-14 23:09:57.175  3729  3729 E DNC-1   : DataAllowPopup, necessary? apnType=17, disallowed_reason=true, home_disabled=true, roam_disabled=false
06-14 23:09:57.175  3729  3729 D DNC-1   : DataTariff - Not Supoort TSS 2.0
06-14 23:09:57.175  3729  3729 D DNC-1   : Data evaluation: evaluation reason:NEW_REQUEST, Data disallowed reasons: RADIO_POWER_OFF NOT_IN_SERVICE DATA_DISABLED, candidate profile=null, time=23:09:57.174, network type=UNKNOWN, reg state=UNKNOWN, [NetworkRequest [ REQUEST id=164, [ Capabilities: INTERNET&NOT_RESTRICTED&TRUSTED&NOT_VCN_MANAGED&NOT_BANDWIDTH_CONSTRAINED Uid: 10192 RequestorUid: 10192 RequestorPkg: com.google.android.googlequicksearchbox UnderlyingNetworks: Null] ], mPriority=20, state=UNSATISFIED, mAttachedDataNetwork=null, isMetered=true, created time=23:09:57.149, evaluation result=Data evaluation: evaluation reason:NEW_REQUEST, Data disallowed reasons: RADIO_POWER_OFF NOT_IN_SERVICE DATA_DISABLED, candidate profile=null, time=23:09:57.174]
06-14 23:09:57.176  3729  3729 D TelephonyNetworkFactory[0]: handleMessage msg={ when=-23ms what=3 obj=NetworkRequest [ REQUEST id=164, [ Capabilities: INTERNET&NOT_RESTRICTED&TRUSTED&NOT_VCN_MANAGED&NOT_BANDWIDTH_CONSTRAINED Uid: 10192 RequestorUid: 10192 RequestorPkg: com.google.android.googlequicksearchbox UnderlyingNetworks: Null] ] target=com.android.internal.telephony.data.TelephonyNetworkFactory$InternalHandler }
06-14 23:09:57.176  3729  3729 D TelephonyNetworkFactory[0]: onNeedNetworkFor: preferredDataPhoneId isn't update. networkCapability : 12, wait onActivePhoneSwitch, needDdsChange : false
06-14 23:09:57.176  3729  3729 D TelephonyNetworkFactory[0]: onNeedNetworkFor [NetworkRequest [ REQUEST id=164, [ Capabilities: INTERNET&NOT_RESTRICTED&TRUSTED&NOT_VCN_MANAGED&NOT_BANDWIDTH_CONSTRAINED Uid: 10192 RequestorUid: 10192 RequestorPkg: com.google.android.googlequicksearchbox UnderlyingNetworks: Null] ], mPriority=20, state=UNSATISFIED, mAttachedDataNetwork=null, isMetered=true, created time=23:09:57.175, evaluation result=null] shouldApply false
06-14 23:09:58.192  3729  3729 D TelephonyNetworkFactory[0]: got request NetworkRequest [ REQUEST id=167, [ Transports: SATELLITE Capabilities: INTERNET&NOT_RESTRICTED&TRUSTED&NOT_VCN_MANAGED Uid: 10193 RequestorUid: 10193 RequestorPkg: com.google.android.gms UnderlyingNetworks: Null] ]
06-14 23:09:58.193  3729  3729 D TelephonyNetworkFactory[0]: handleMessage msg={ when=-1ms what=3 obj=NetworkRequest [ REQUEST id=167, [ Transports: SATELLITE Capabilities: INTERNET&NOT_RESTRICTED&TRUSTED&NOT_VCN_MANAGED Uid: 10193 RequestorUid: 10193 RequestorPkg: com.google.android.gms UnderlyingNetworks: Null] ] target=com.android.internal.telephony.data.TelephonyNetworkFactory$InternalHandler }
06-14 23:09:58.194  3729  3729 D TelephonyNetworkFactory[0]: onNeedNetworkFor: preferredDataPhoneId isn't update. networkCapability : 12, wait onActivePhoneSwitch, needDdsChange : false
06-14 23:09:58.194  3729  3729 D TelephonyNetworkFactory[0]: onNeedNetworkFor [NetworkRequest [ REQUEST id=167, [ Transports: SATELLITE Capabilities: INTERNET&NOT_RESTRICTED&TRUSTED&NOT_VCN_MANAGED Uid: 10193 RequestorUid: 10193 RequestorPkg: com.google.android.gms UnderlyingNetworks: Null] ], mPriority=20, state=UNSATISFIED, mAttachedDataNetwork=null, isMetered=true, created time=23:09:58.193, evaluation result=null] shouldApply false
06-14 23:09:58.196  3729  3729 D TelephonyNetworkFactory[1]: got request NetworkRequest [ REQUEST id=167, [ Transports: SATELLITE Capabilities: INTERNET&NOT_RESTRICTED&TRUSTED&NOT_VCN_MANAGED Uid: 10193 RequestorUid: 10193 RequestorPkg: com.google.android.gms UnderlyingNetworks: Null] ]
06-14 23:09:58.197  3729  3729 D TelephonyNetworkFactory[1]: handleMessage msg={ when=0 what=3 obj=NetworkRequest [ REQUEST id=167, [ Transports: SATELLITE Capabilities: INTERNET&NOT_RESTRICTED&TRUSTED&NOT_VCN_MANAGED Uid: 10193 RequestorUid: 10193 RequestorPkg: com.google.android.gms UnderlyingNetworks: Null] ] target=com.android.internal.telephony.data.TelephonyNetworkFactory$InternalHandler }
06-14 23:09:58.202  3729  3729 D TelephonyNetworkFactory[1]: onNeedNetworkFor [NetworkRequest [ REQUEST id=167, [ Transports: SATELLITE Capabilities: INTERNET&NOT_RESTRICTED&TRUSTED&NOT_VCN_MANAGED Uid: 10193 RequestorUid: 10193 RequestorPkg: com.google.android.gms UnderlyingNetworks: Null] ], mPriority=20, state=UNSATISFIED, mAttachedDataNetwork=null, isMetered=true, created time=23:09:58.196, evaluation result=null] shouldApply true
06-14 23:09:58.204  3729  3729 D DNC-1   : onAddNetworkRequest: added [NetworkRequest [ REQUEST id=167, [ Transports: SATELLITE Capabilities: INTERNET&NOT_RESTRICTED&TRUSTED&NOT_VCN_MANAGED Uid: 10193 RequestorUid: 10193 RequestorPkg: com.google.android.gms UnderlyingNetworks: Null] ], mPriority=20, state=UNSATISFIED, mAttachedDataNetwork=null, isMetered=true, created time=23:09:58.197, evaluation result=null]
06-14 23:09:58.210  3729  3729 D DNC-1   : isValidForEpdg: retValue=false
06-14 23:09:58.211  3729  3729 E DNC-1   : DataAllowPopup, necessary? apnType=17, disallowed_reason=true, home_disabled=true, roam_disabled=false
06-14 23:09:58.211  3729  3729 D DNC-1   : DataTariff - Not Supoort TSS 2.0
06-14 23:09:58.213  3729  3729 D DNC-1   : Data evaluation: evaluation reason:NEW_REQUEST, Data disallowed reasons: RADIO_POWER_OFF NOT_IN_SERVICE DATA_NETWORK_TRANSPORT_NOT_ALLOWED DATA_DISABLED, candidate profile=null, time=23:09:58.210, network type=UNKNOWN, reg state=UNKNOWN, [NetworkRequest [ REQUEST id=167, [ Transports: SATELLITE Capabilities: INTERNET&NOT_RESTRICTED&TRUSTED&NOT_VCN_MANAGED Uid: 10193 RequestorUid: 10193 RequestorPkg: com.google.android.gms UnderlyingNetworks: Null] ], mPriority=20, state=UNSATISFIED, mAttachedDataNetwork=null, isMetered=true, created time=23:09:58.197, evaluation result=Data evaluation: evaluation reason:NEW_REQUEST, Data disallowed reasons: RADIO_POWER_OFF NOT_IN_SERVICE DATA_NETWORK_TRANSPORT_NOT_ALLOWED DATA_DISABLED, candidate profile=null, time=23:09:58.210]
06-14 23:09:58.745  3729  3729 D TelephonyNetworkFactory[1]: got request NetworkRequest [ REQUEST id=171, [ Transports: SATELLITE Capabilities: INTERNET&NOT_RESTRICTED&TRUSTED&NOT_VCN_MANAGED Uid: 10091 RequestorUid: 1000 RequestorPkg: android UnderlyingNetworks: Null] ]
06-14 23:09:58.745  3729  3729 D TelephonyNetworkFactory[0]: got request NetworkRequest [ REQUEST id=171, [ Transports: SATELLITE Capabilities: INTERNET&NOT_RESTRICTED&TRUSTED&NOT_VCN_MANAGED Uid: 10091 RequestorUid: 1000 RequestorPkg: android UnderlyingNetworks: Null] ]
06-14 23:09:58.745  3729  3729 D TelephonyNetworkFactory[1]: handleMessage msg={ when=-1ms what=3 obj=NetworkRequest [ REQUEST id=171, [ Transports: SATELLITE Capabilities: INTERNET&NOT_RESTRICTED&TRUSTED&NOT_VCN_MANAGED Uid: 10091 RequestorUid: 1000 RequestorPkg: android UnderlyingNetworks: Null] ] target=com.android.internal.telephony.data.TelephonyNetworkFactory$InternalHandler }
06-14 23:09:58.747  3729  3729 D TelephonyNetworkFactory[1]: onNeedNetworkFor [NetworkRequest [ REQUEST id=171, [ Transports: SATELLITE Capabilities: INTERNET&NOT_RESTRICTED&TRUSTED&NOT_VCN_MANAGED Uid: 10091 RequestorUid: 1000 RequestorPkg: android UnderlyingNetworks: Null] ], mPriority=20, state=UNSATISFIED, mAttachedDataNetwork=null, isMetered=true, created time=23:09:58.745, evaluation result=null] shouldApply true
06-14 23:09:58.747  3729  3729 D TelephonyNetworkFactory[0]: handleMessage msg={ when=-2ms what=3 obj=NetworkRequest [ REQUEST id=171, [ Transports: SATELLITE Capabilities: INTERNET&NOT_RESTRICTED&TRUSTED&NOT_VCN_MANAGED Uid: 10091 RequestorUid: 1000 RequestorPkg: android UnderlyingNetworks: Null] ] target=com.android.internal.telephony.data.TelephonyNetworkFactory$InternalHandler }
06-14 23:09:58.748  3729  3729 D TelephonyNetworkFactory[0]: onNeedNetworkFor: preferredDataPhoneId isn't update. networkCapability : 12, wait onActivePhoneSwitch, needDdsChange : false
06-14 23:09:58.748  3729  3729 D TelephonyNetworkFactory[0]: onNeedNetworkFor [NetworkRequest [ REQUEST id=171, [ Transports: SATELLITE Capabilities: INTERNET&NOT_RESTRICTED&TRUSTED&NOT_VCN_MANAGED Uid: 10091 RequestorUid: 1000 RequestorPkg: android UnderlyingNetworks: Null] ], mPriority=20, state=UNSATISFIED, mAttachedDataNetwork=null, isMetered=true, created time=23:09:58.747, evaluation result=null] shouldApply false
06-14 23:09:58.749  3729  3729 D DNC-1   : onAddNetworkRequest: added [NetworkRequest [ REQUEST id=171, [ Transports: SATELLITE Capabilities: INTERNET&NOT_RESTRICTED&TRUSTED&NOT_VCN_MANAGED Uid: 10091 RequestorUid: 1000 RequestorPkg: android UnderlyingNetworks: Null] ], mPriority=20, state=UNSATISFIED, mAttachedDataNetwork=null, isMetered=true, created time=23:09:58.746, evaluation result=null]
06-14 23:09:58.753  3729  3729 D DNC-1   : isValidForEpdg: retValue=false
06-14 23:09:58.755  3729  3729 E DNC-1   : DataAllowPopup, necessary? apnType=17, disallowed_reason=true, home_disabled=true, roam_disabled=false
06-14 23:09:58.755  3729  3729 D DNC-1   : DataTariff - Not Supoort TSS 2.0
06-14 23:09:58.756  3729  3729 D DNC-1   : Data evaluation: evaluation reason:NEW_REQUEST, Data disallowed reasons: RADIO_POWER_OFF NOT_IN_SERVICE DATA_NETWORK_TRANSPORT_NOT_ALLOWED DATA_DISABLED, candidate profile=null, time=23:09:58.754, network type=UNKNOWN, reg state=UNKNOWN, [NetworkRequest [ REQUEST id=171, [ Transports: SATELLITE Capabilities: INTERNET&NOT_RESTRICTED&TRUSTED&NOT_VCN_MANAGED Uid: 10091 RequestorUid: 1000 RequestorPkg: android UnderlyingNetworks: Null] ], mPriority=20, state=UNSATISFIED, mAttachedDataNetwork=null, isMetered=true, created time=23:09:58.746, evaluation result=Data evaluation: evaluation reason:NEW_REQUEST, Data disallowed reasons: RADIO_POWER_OFF NOT_IN_SERVICE DATA_NETWORK_TRANSPORT_NOT_ALLOWED DATA_DISABLED, candidate profile=null, time=23:09:58.754]
06-14 23:09:59.663  3729  3729 D TelephonyNetworkFactory[0]: got request NetworkRequest [ REQUEST id=173, [ Capabilities: INTERNET&NOT_RESTRICTED&TRUSTED&NOT_VCN_MANAGED&NOT_BANDWIDTH_CONSTRAINED Uid: 10250 RequestorUid: 1000 RequestorPkg: android UnderlyingNetworks: Null] ]
06-14 23:09:59.664  3729  3729 D TelephonyNetworkFactory[1]: got request NetworkRequest [ REQUEST id=173, [ Capabilities: INTERNET&NOT_RESTRICTED&TRUSTED&NOT_VCN_MANAGED&NOT_BANDWIDTH_CONSTRAINED Uid: 10250 RequestorUid: 1000 RequestorPkg: android UnderlyingNetworks: Null] ]
06-14 23:09:59.664  3729  3729 D TelephonyNetworkFactory[0]: handleMessage msg={ when=0 what=3 obj=NetworkRequest [ REQUEST id=173, [ Capabilities: INTERNET&NOT_RESTRICTED&TRUSTED&NOT_VCN_MANAGED&NOT_BANDWIDTH_CONSTRAINED Uid: 10250 RequestorUid: 1000 RequestorPkg: android UnderlyingNetworks: Null] ] target=com.android.internal.telephony.data.TelephonyNetworkFactory$InternalHandler }
06-14 23:09:59.664  3729  3729 D TelephonyNetworkFactory[0]: onNeedNetworkFor: preferredDataPhoneId isn't update. networkCapability : 12, wait onActivePhoneSwitch, needDdsChange : false
06-14 23:09:59.665  3729  3729 D TelephonyNetworkFactory[0]: onNeedNetworkFor [NetworkRequest [ REQUEST id=173, [ Capabilities: INTERNET&NOT_RESTRICTED&TRUSTED&NOT_VCN_MANAGED&NOT_BANDWIDTH_CONSTRAINED Uid: 10250 RequestorUid: 1000 RequestorPkg: android UnderlyingNetworks: Null] ], mPriority=20, state=UNSATISFIED, mAttachedDataNetwork=null, isMetered=true, created time=23:09:59.664, evaluation result=null] shouldApply false
06-14 23:09:59.665  3729  3729 D TelephonyNetworkFactory[1]: handleMessage msg={ when=-2ms what=3 obj=NetworkRequest [ REQUEST id=173, [ Capabilities: INTERNET&NOT_RESTRICTED&TRUSTED&NOT_VCN_MANAGED&NOT_BANDWIDTH_CONSTRAINED Uid: 10250 RequestorUid: 1000 RequestorPkg: android UnderlyingNetworks: Null] ] target=com.android.internal.telephony.data.TelephonyNetworkFactory$InternalHandler }
06-14 23:09:59.668  3729  3729 D TelephonyNetworkFactory[1]: onNeedNetworkFor [NetworkRequest [ REQUEST id=173, [ Capabilities: INTERNET&NOT_RESTRICTED&TRUSTED&NOT_VCN_MANAGED&NOT_BANDWIDTH_CONSTRAINED Uid: 10250 RequestorUid: 1000 RequestorPkg: android UnderlyingNetworks: Null] ], mPriority=20, state=UNSATISFIED, mAttachedDataNetwork=null, isMetered=true, created time=23:09:59.666, evaluation result=null] shouldApply true
06-14 23:09:59.668  3729  3729 D DNC-1   : onAddNetworkRequest: added [NetworkRequest [ REQUEST id=173, [ Capabilities: INTERNET&NOT_RESTRICTED&TRUSTED&NOT_VCN_MANAGED&NOT_BANDWIDTH_CONSTRAINED Uid: 10250 RequestorUid: 1000 RequestorPkg: android UnderlyingNetworks: Null] ], mPriority=20, state=UNSATISFIED, mAttachedDataNetwork=null, isMetered=true, created time=23:09:59.665, evaluation result=null]
06-14 23:09:59.673  3729  3729 D DNC-1   : isValidForEpdg: retValue=false
06-14 23:09:59.674  3729  3729 E DNC-1   : DataAllowPopup, necessary? apnType=17, disallowed_reason=true, home_disabled=true, roam_disabled=false
06-14 23:09:59.674  3729  3729 D DNC-1   : DataTariff - Not Supoort TSS 2.0
06-14 23:09:59.675  3729  3729 D DNC-1   : Data evaluation: evaluation reason:NEW_REQUEST, Data disallowed reasons: RADIO_POWER_OFF NOT_IN_SERVICE DATA_DISABLED, candidate profile=null, time=23:09:59.673, network type=UNKNOWN, reg state=UNKNOWN, [NetworkRequest [ REQUEST id=173, [ Capabilities: INTERNET&NOT_RESTRICTED&TRUSTED&NOT_VCN_MANAGED&NOT_BANDWIDTH_CONSTRAINED Uid: 10250 RequestorUid: 1000 RequestorPkg: android UnderlyingNetworks: Null] ], mPriority=20, state=UNSATISFIED, mAttachedDataNetwork=null, isMetered=true, created time=23:09:59.666, evaluation result=Data evaluation: evaluation reason:NEW_REQUEST, Data disallowed reasons: RADIO_POWER_OFF NOT_IN_SERVICE DATA_DISABLED, candidate profile=null, time=23:09:59.673]
06-14 23:09:59.832  3729  3729 D TelephonyNetworkFactory[1]: got request NetworkRequest [ REQUEST id=175, [ Capabilities: INTERNET&NOT_RESTRICTED&TRUSTED&NOT_VCN_MANAGED&NOT_BANDWIDTH_CONSTRAINED Uid: 10250 RequestorUid: 10250 RequestorPkg: br.com.timbrasil.meutim UnderlyingNetworks: Null] ]
06-14 23:09:59.833  3729  3729 D TelephonyNetworkFactory[0]: got request NetworkRequest [ REQUEST id=175, [ Capabilities: INTERNET&NOT_RESTRICTED&TRUSTED&NOT_VCN_MANAGED&NOT_BANDWIDTH_CONSTRAINED Uid: 10250 RequestorUid: 10250 RequestorPkg: br.com.timbrasil.meutim UnderlyingNetworks: Null] ]
06-14 23:09:59.833  3729  3729 D TelephonyNetworkFactory[1]: handleMessage msg={ when=0 what=3 obj=NetworkRequest [ REQUEST id=175, [ Capabilities: INTERNET&NOT_RESTRICTED&TRUSTED&NOT_VCN_MANAGED&NOT_BANDWIDTH_CONSTRAINED Uid: 10250 RequestorUid: 10250 RequestorPkg: br.com.timbrasil.meutim UnderlyingNetworks: Null] ] target=com.android.internal.telephony.data.TelephonyNetworkFactory$InternalHandler }
06-14 23:09:59.833  3729  3729 D TelephonyNetworkFactory[1]: onNeedNetworkFor [NetworkRequest [ REQUEST id=175, [ Capabilities: INTERNET&NOT_RESTRICTED&TRUSTED&NOT_VCN_MANAGED&NOT_BANDWIDTH_CONSTRAINED Uid: 10250 RequestorUid: 10250 RequestorPkg: br.com.timbrasil.meutim UnderlyingNetworks: Null] ], mPriority=20, state=UNSATISFIED, mAttachedDataNetwork=null, isMetered=true, created time=23:09:59.832, evaluation result=null] shouldApply true
06-14 23:09:59.834  3729  3729 D TelephonyNetworkFactory[0]: handleMessage msg={ when=-1ms what=3 obj=NetworkRequest [ REQUEST id=175, [ Capabilities: INTERNET&NOT_RESTRICTED&TRUSTED&NOT_VCN_MANAGED&NOT_BANDWIDTH_CONSTRAINED Uid: 10250 RequestorUid: 10250 RequestorPkg: br.com.timbrasil.meutim UnderlyingNetworks: Null] ] target=com.android.internal.telephony.data.TelephonyNetworkFactory$InternalHandler }
06-14 23:09:59.834  3729  3729 D TelephonyNetworkFactory[0]: onNeedNetworkFor: preferredDataPhoneId isn't update. networkCapability : 12, wait onActivePhoneSwitch, needDdsChange : false
