06-14 23:10:11.307  2523  5893 I power_partial_wake_state: [REL,9,*job*/@androidx.work.systemjobscheduler@com.samsung.android.providers.trash/androidx.work.impl.background.systemjob.SystemJobService:android]
06-14 23:10:11.313  2523  6080 I am_proc_died: [0,5958,com.google.android.photopicker,995,19,60,2084]
06-14 23:10:11.313  2523  6080 I am_uid_stopped: 10237
06-14 23:10:11.414  2523  2805 I power_partial_wake_state: [REL,115,*job*/@androidx.work.systemjobscheduler@com.samsung.android.providers.trash/androidx.work.impl.background.systemjob.SystemJobService:android]
06-14 23:10:11.431  2523  4044 I wm_finish_activity: [0,150266723,959,com.sidia.suframa.notification/.NotificationActivity,app-request]
06-14 23:10:11.432  2523  4044 I wm_task_moved: [1,1,0,1,2]
06-14 23:10:11.432  2523  4044 I wm_task_moved: [958,1,0,1,2147483647]
06-14 23:10:11.432  2523  4044 I wm_task_to_front: [0,958,0]
06-14 23:10:11.433  2523  4044 I wm_focused_root_task: [0,0,1,-1,finish-top adjustFocusToNextFocusableTask]
06-14 23:10:11.435  2523  4044 I wm_pause_activity: [0,150266723,com.sidia.suframa.notification/.NotificationActivity,userLeaving=false,finish]
06-14 23:10:11.453  7875  7875 I wm_on_top_resumed_lost_called: [150266723,com.sidia.suframa.notification.NotificationActivity,topStateChangedWhenResumed]
06-14 23:10:11.457  7875  7875 I wm_on_paused_called: [150266723,com.sidia.suframa.notification.NotificationActivity,performPause,0]
06-14 23:10:11.458  2523  4044 I wm_add_to_stopping: [0,150266723,com.sidia.suframa.notification/.NotificationActivity,completeFinishing]
06-14 23:10:11.459  2523  4044 I power_partial_wake_state: [CHG,23,*launch*:android]
06-14 23:10:11.477  2523  4044 I wm_set_resumed_activity: [0,com.sec.android.app.launcher/.activities.LauncherActivity,resumeTopActivity - onActivityStateChanged]
06-14 23:10:11.480  2523  4044 I wm_resume_activity: [0,194719742,958,com.sec.android.app.launcher/.activities.LauncherActivity]
06-14 23:10:11.482  2523  2625 I sysui_multi_action: [757,803,799,window_time_0,802,2]
06-14 23:10:11.495  4267  4267 I wm_on_resume_called: [194719742,com.sec.android.app.launcher.activities.LauncherActivity,RESUME_ACTIVITY,6]
06-14 23:10:11.497  4267  4267 I wm_on_top_resumed_gained_called: [194719742,com.sec.android.app.launcher.activities.LauncherActivity,topWhenResuming]
06-14 23:10:11.500  4267  4267 I wm_on_idle_called: {com.sec.android.app.launcher/com.sec.android.app.launcher.activities.LauncherActivity}
06-14 23:10:11.520  2523  2629 I dvm_lock_sample: [system_server,1,android.anim,52,qb/98211615 cf7b145fa1f6b8b22d4aca2ef97f52f62898cf97fb81fa54f2fbee984401cde3,10,void com.android.server.wm.WindowAnimator$$ExternalSyntheticLambda1.doFrame(long),-,34,void com.android.server.wm.ActivityClientController.activityPaused(android.os.IBinder),10]
06-14 23:10:11.521  2523  2629 I wm_dim_exit: [135,-,1,0]
06-14 23:10:11.521  2523  2629 I wm_dim_cancel_anim: [135,new target values]
06-14 23:10:11.521  2523  2629 I wm_dim_animate: [135,0.000000,0.000000]
06-14 23:10:11.532  2523  2628 I dvm_lock_sample: [system_server,1,android.display,70,qb/98211615 cf7b145fa1f6b8b22d4aca2ef97f52f62898cf97fb81fa54f2fbee984401cde3,15,android.app.ActivityTaskManager$RootTaskInfo com.android.server.wm.ActivityTaskManagerService.getFocusedRootTaskInfo(),-,34,void com.android.server.wm.ActivityClientController.activityPaused(android.os.IBinder),14]
06-14 23:10:11.535  2523  2629 I input_focus: [Focus request eb9840a com.sec.android.app.launcher/com.sec.android.app.launcher.activities.LauncherActivity,reason=UpdateInputWindows]
06-14 23:10:11.544  2523  2866 I input_focus: [Focus leaving 75e284a com.sidia.suframa.notification/com.sidia.suframa.notification.NotificationActivity (server),reason=NO_WINDOW]
06-14 23:10:11.547  2523  2866 I input_focus: [Focus entering eb9840a com.sec.android.app.launcher/com.sec.android.app.launcher.activities.LauncherActivity (server),reason=setFocusedWindow]
06-14 23:10:11.551  2523  5965 I wm_idle_activity: [0,194719742,com.sec.android.app.launcher/.activities.LauncherActivity]
06-14 23:10:11.551  2523  5965 I power_partial_wake_state: [REL,92,*launch*:android]
06-14 23:10:11.584  2523  2628 I am_kill : [0,6244,com.android.localtransport,995,empty #31,102356]
06-14 23:10:11.610  2523  2640 I am_proc_start: [0,8153,10183,com.google.android.projection.gearhead:shared,broadcast,{com.google.android.projection.gearhead/com.google.android.apps.auto.wireless.bluetooth.WifiBluetoothReceiver}]
06-14 23:10:11.633  2523  2805 I am_proc_died: [0,6244,com.android.localtransport,995,19,79,2062]
06-14 23:10:11.662  4267  8152 I jank_cuj_events_begin_request: [80,1781489411563748000,80504410332,80504411374,0@0@com.sec.android.app.launcher]
06-14 23:10:11.682  2523  2628 I wm_destroy_activity: [0,150266723,959,com.sidia.suframa.notification/.NotificationActivity,finish-imm:idle]
06-14 23:10:11.706  2523  5231 I am_proc_bound: [0,8153,com.google.android.projection.gearhead:shared]
06-14 23:10:11.711  7875  7875 I viewroot_draw_event: [VRI[NotificationActivity]@8311d8,Not drawing due to not visible. Reason=!mAppVisible && !mForceDecorViewVisibility]
06-14 23:10:11.730  2523  5231 I dvm_lock_sample: [system_server,1,binder:2523_12,10,BinderCallsStats.java,1178,java.lang.String com.android.internal.os.BinderCallsStats.getPackageName(int, int),-,447,void com.android.internal.os.BinderCallsStats.processCallEnded(com.android.internal.os.BinderInternal$CallSession, int, int, int),2]
06-14 23:10:11.730  2523  5967 I dvm_lock_sample: [system_server,1,binder:2523_18,14,BinderCallsStats.java,1143,java.lang.String com.android.internal.os.BinderCallsStats.getPackageName(int, int),-,447,void com.android.internal.os.BinderCallsStats.processCallEnded(com.android.internal.os.BinderInternal$CallSession, int, int, int),2]
06-14 23:10:11.736  7875  7875 I viewroot_draw_event: [VRI[NotificationActivity]@ac2976d,Not drawing due to not visible. Reason=!mAppVisible && !mForceDecorViewVisibility]
06-14 23:10:11.743  7875  7875 I wm_on_stop_called: [150266723,com.sidia.suframa.notification.NotificationActivity,LIFECYCLER_STOP_ACTIVITY,0]
06-14 23:10:11.745  2523  2629 I wm_dim_finish_anim: 135
06-14 23:10:11.745  2523  2629 I wm_dim_cancel_anim: [135,ready to remove]
06-14 23:10:11.745  2523  2629 I wm_dim_removed: 135
06-14 23:10:11.808  7875  7875 I wm_on_destroy_called: [150266723,com.sidia.suframa.notification.NotificationActivity,performDestroy,65]
06-14 23:10:11.883  4267  8152 I jank_cuj_events_end_request: [80,1781489411883459000,80824122416,80824124239]
06-14 23:10:11.928  2523  2629 I wm_task_removed: [959,959,0,removeChild, last child = ActivityRecord{8f4e363 u0 com.sidia.suframa.notification/.NotificationActivity t-1 f} isExiting} in Task{a7ca0de #959 type=standard A=10218:com.sidia.suframa.notification}]
06-14 23:10:12.021  2523  2639 I am_uid_running: 10096
06-14 23:10:12.060  2523  5965 I dvm_lock_sample: [system_server,1,binder:2523_17,48,qb/98211615 cf7b145fa1f6b8b22d4aca2ef97f52f62898cf97fb81fa54f2fbee984401cde3,6,boolean com.android.server.am.ActivityManagerService$LocalService.hasForegroundServiceNotification(java.lang.String, int, java.lang.String),,0,null,9]
06-14 23:10:12.064  2523  2523 I notification_cancel_all: [1000,2523,com.google.android.projection.gearhead,0,0,0,20,NULL]
06-14 23:10:12.065  2523  2523 I notification_cancel_all: [1000,2523,com.google.android.projection.gearhead,0,0,0,20,NULL]
06-14 23:10:12.065  2523  2523 I notification_cancel_all: [1000,2523,com.google.android.projection.gearhead,0,0,0,20,NULL]
06-14 23:10:12.091  2523  2640 I am_proc_start: [0,8199,10096,com.sec.android.gallery3d,broadcast,{com.sec.android.gallery3d/com.samsung.android.gallery.app.receiver.TrashUpdateReceiver}]
06-14 23:10:12.177  2523  2802 I am_proc_bound: [0,8199,com.sec.android.gallery3d]
06-14 23:10:12.201  2523  4044 I am_kill : [0,6196,com.google.android.as:captions,995,empty #31,123292]
06-14 23:10:12.222  3729  3729 D SmsDispatchersController: receive android.intent.action.BOOT_COMPLETED
06-14 23:10:12.252  3729  3729 D SemNitzStateMachineImpl: [0] Intent: android.intent.action.BOOT_COMPLETED
06-14 23:10:12.252  3729  3729 D SemNitzStateMachineImpl: [0] TIMEZONE: timezone empty or used for null
06-14 23:10:12.253  2523  5231 I am_proc_died: [0,6196,com.google.android.as:captions,995,19,144,2003]
06-14 23:10:12.268  3729  3729 D SmsDispatchersController: receive android.intent.action.BOOT_COMPLETED
06-14 23:10:12.280  3729  3729 D SemNitzStateMachineImpl: [1] Intent: android.intent.action.BOOT_COMPLETED
06-14 23:10:12.280  3729  3729 D SemNitzStateMachineImpl: [1] TIMEZONE: timezone empty or used for null
06-14 23:10:12.343  3729  3729 D DNC-0   : Intent.getAction() : android.intent.action.BOOT_COMPLETED
06-14 23:10:12.374  3729  3729 E DNC-0   : DataAllowPopup, activeNetwork null
06-14 23:10:12.374  3729  3729 D DNC-1   : Intent.getAction() : android.intent.action.BOOT_COMPLETED
06-14 23:10:12.379  3729  3729 E DNC-1   : DataAllowPopup, activeNetwork null
06-14 23:10:12.380  3729  3729 D SMSVC   : updateSubscriptionByCarrierConfig: phoneId=0, configPackageName=com.android.carrierconfig
06-14 23:10:12.381  3729  3729 E SMSVC   : calculateUsageSetting: Invalid usage setting!-1
06-14 23:10:12.381  3729  3729 D SMSVC   : updateSubscriptionByCarrierConfig: phoneId=1, configPackageName=com.android.carrierconfig
06-14 23:10:12.382  3729  3729 E SMSVC   : calculateUsageSetting: Invalid usage setting!-1
06-14 23:10:12.383  2523  5904 I power_partial_wake_state: [REL,67,CalendarReceiver_Provider:com.android.providers.calendar]
06-14 23:10:12.384  3729  3729 D SMSVC   : updateUserIdToAvailableSubs: {-10000=[1, 2]}
06-14 23:10:12.392  3729  4512 D TelephonyAnalyticsSubId: SubId = 2SlotIndex = 1
06-14 23:10:12.394  3729  3763 D TelephonyAnalyticsSubId: SubId = 1SlotIndex = 0
06-14 23:10:12.398  3729  3968 D ImsProvisioningController: MmTelFeatureListener[0] subId is not changed
06-14 23:10:12.398  3729  3968 D ImsProvisioningController: MmTelFeatureListener[1] subId is not changed
06-14 23:10:12.398  3729  3968 D ImsProvisioningController: RcsFeatureListener[0] subId is not changed
06-14 23:10:12.398  3729  3968 D ImsProvisioningController: RcsFeatureListener[1] subId is not changed
06-14 23:10:12.398  3729  3968 D ImsProvisioningController: ProvisioningCallbackManager[0] subId is not changed 
06-14 23:10:12.398  3729  3968 D ImsProvisioningController: ProvisioningCallbackManager[1] subId is not changed 
06-14 23:10:12.402  3729  3966 D ImsStateCallbackController: handleMessage: { when=0 what=1 target=com.android.phone.ImsStateCallbackController$MyHandler }
06-14 23:10:12.402  3729  3966 D ImsStateCallbackController: [0, MMTEL] setSubId mSubId=1, subId=1
06-14 23:10:12.402  3729  3966 D ImsStateCallbackController: [1, MMTEL] setSubId mSubId=2, subId=2
06-14 23:10:12.402  3729  3966 D ImsStateCallbackController: [0, RCS] setSubId mSubId=1, subId=1
06-14 23:10:12.402  3729  3966 D ImsStateCallbackController: [1, RCS] setSubId mSubId=2, subId=2
06-14 23:10:12.403  3729  3966 D ImsStateCallbackController: onSubChanged activeSubs=[1, 2]
06-14 23:10:12.408  2523  4032 W TelephonyRegistry: Pid 2523 has exceeded half the number of permissible registered listeners. Now at 58
06-14 23:10:12.419  2523  2639 I dvm_lock_sample: [system_server,1,ActivityManager,44,qb/98211615 cf7b145fa1f6b8b22d4aca2ef97f52f62898cf97fb81fa54f2fbee984401cde3,6,void com.android.server.am.BroadcastQueueModernImpl.updateRunningList(),,0,null,8]
06-14 23:10:12.419  2523  4032 W TelephonyRegistry: Pid 2523 has exceeded half the number of permissible registered listeners. Now at 58
06-14 23:10:12.424  5831  6071 E SignalStrength: getDbm - Invalid radio technology: 0
06-14 23:10:12.429  5831  6071 E SignalStrength: getDbm - Invalid radio technology: 0
06-14 23:10:12.451  2523  4047 W TelephonyRegistry: Pid 2523 has exceeded half the number of permissible registered listeners. Now at 57
06-14 23:10:12.467  3729  3729 D SMSVC   : updateUserIdToAvailableSubs: {-10000=[1, 2]}
06-14 23:10:12.526  2523  3155 I dvm_lock_sample: [system_server,1,AudioService,42,r8-map-id-bd8a188c72dcb420b3bf2c8bb5c3bcde85b40b6a76b9f502e6132e524d661836,-2,java.lang.Object[][] org.matrix.vector.nativebridge.HookBridge.callbackSnapshot(java.lang.Class, java.lang.reflect.Executable),,0,null,8]
06-14 23:10:12.527  2523  2523 I notification_cancel: [1000,2523,com.android.server.telecom,150,NULL,0,0,0,8,NULL]
06-14 23:10:12.548  3729  3968 D ImsProvisioningController: MmTelFeatureListener[0] subId is not changed
06-14 23:10:12.548  3729  3968 D ImsProvisioningController: MmTelFeatureListener[1] subId is not changed
06-14 23:10:12.548  3729  3968 D ImsProvisioningController: RcsFeatureListener[0] subId is not changed
06-14 23:10:12.548  3729  3966 D ImsStateCallbackController: handleMessage: { when=0 what=1 target=com.android.phone.ImsStateCallbackController$MyHandler }
06-14 23:10:12.548  3729  3968 D ImsProvisioningController: RcsFeatureListener[1] subId is not changed
06-14 23:10:12.548  3729  3968 D ImsProvisioningController: ProvisioningCallbackManager[0] subId is not changed 
06-14 23:10:12.548  3729  3968 D ImsProvisioningController: ProvisioningCallbackManager[1] subId is not changed 
06-14 23:10:12.549  2523  4047 W TelephonyRegistry: Pid 2523 has exceeded half the number of permissible registered listeners. Now at 58
06-14 23:10:12.550  3729  4470 D TelephonyAnalyticsSubId: SubId = 1SlotIndex = 0
06-14 23:10:12.552  3729  4504 D TelephonyAnalyticsSubId: SubId = 2SlotIndex = 1
06-14 23:10:12.553  2523  4047 D TelephonyManager: getAllCellInfo / caller PID: 2523, UID: 1000, TID: 4047
06-14 23:10:12.557  3729  3966 D ImsStateCallbackController: [0, MMTEL] setSubId mSubId=1, subId=1
06-14 23:10:12.558  3729  3966 D ImsStateCallbackController: [1, MMTEL] setSubId mSubId=2, subId=2
06-14 23:10:12.558  3729  3966 D ImsStateCallbackController: [0, RCS] setSubId mSubId=1, subId=1
06-14 23:10:12.558  3729  3966 D ImsStateCallbackController: [1, RCS] setSubId mSubId=2, subId=2
06-14 23:10:12.558  3729  3966 D ImsStateCallbackController: onSubChanged activeSubs=[1, 2]
06-14 23:10:12.566  2523  2639 I am_uid_active: 10189
06-14 23:10:12.575  3729  3729 D SST-SEM : [0] onSubscriptionInfoChanged - subId: 1
06-14 23:10:12.577  3729  3729 D SST     : [0] SubscriptionListener.onSubscriptionInfoChanged
06-14 23:10:12.579  3729  3729 D SST-SEM : [1] onSubscriptionInfoChanged - subId: 2
06-14 23:10:12.589  5831  6071 E SignalStrength: getDbm - Invalid radio technology: 0
06-14 23:10:12.592  2523  4032 W TelephonyRegistry: Pid 2523 has exceeded half the number of permissible registered listeners. Now at 59
06-14 23:10:12.594  5831  6071 E SignalStrength: getDbm - Invalid radio technology: 0
06-14 23:10:12.597  2523  4032 W TelephonyRegistry: Pid 2523 has exceeded half the number of permissible registered listeners. Now at 60
06-14 23:10:12.603  3729  3729 D Phone-1 : getCallForwardingIndicatorFromSharedPref: for subId 2= 0. serviceClass: 0x1
06-14 23:10:12.603  3729  3729 V Phone-1 : getCallForwardingIndicator: iccForwardingFlag=0, sharedPrefFlag=0
06-14 23:10:12.604  2523  4047 D TelephonyManager: getAllCellInfo / caller PID: 2523, UID: 1000, TID: 4047
06-14 23:10:12.618  2523  2523 I notification_cancel: [1001,3729,com.android.phone,4,2,0,0,33856,8,NULL]
06-14 23:10:12.624  2523  4047 D TelephonyManager: getAllCellInfo / caller PID: 2523, UID: 1000, TID: 4047
06-14 23:10:12.640  2523  4047 D TelephonyManager: getAllCellInfo / caller PID: 2523, UID: 1000, TID: 4047
06-14 23:10:12.670  3729  3729 D GsmCdmaPhone: [1] getVoiceMailNumber - number: length 6, source: SIM
06-14 23:10:12.676  2523  4047 W TelephonyRegistry: Pid 2523 has exceeded half the number of permissible registered listeners. Now at 57
06-14 23:10:12.701  2523  2523 I notification_enqueue: [1001,3729,com.android.phone,2,NULL,0,Notification(channel=SIM 2[SEC_SIM2] shortcut=null contentView=null vibrate=null sound=null defaults=0 flags=ONGOING_EVENT|ONLY_ALERT_ONCE|CAN_COLORIZE color=0xff2a56c6 groupKey=VOICE_MAIL_GROUP_KEY vis=PRIVATE semFlags=0x0 semPriority=0 semMissedCount=0),1,NULL]
06-14 23:10:12.706  3729  3729 D Phone-0 : getCallForwardingIndicatorFromSharedPref: for subId 1= 0. serviceClass: 0x1
06-14 23:10:12.706  3729  3729 D Phone-0 : getCallForwardingIndicatorFromSharedPref: for subId 1= 0. serviceClass: 0x1
06-14 23:10:12.706  3729  3729 V Phone-0 : getCallForwardingIndicator: iccForwardingFlag=-1, sharedPrefFlag=0
06-14 23:10:12.711  2523  2523 I notification_cancel: [1001,3729,com.android.phone,4,1,0,0,33856,8,NULL]
06-14 23:10:12.719  2523  4047 W TelephonyRegistry: Pid 2523 has exceeded half the number of permissible registered listeners. Now at 58
06-14 23:10:12.723  2523  4047 D TelephonyManager: getAllCellInfo / caller PID: 2523, UID: 1000, TID: 4047
06-14 23:10:12.725  2523  4047 D TelephonyManager: getAllCellInfo / caller PID: 2523, UID: 1000, TID: 4047
06-14 23:10:12.725  3729  3729 D GsmCdmaPhone: [0] getVoiceMailNumber - number: , source: 
06-14 23:10:12.737  2523  4047 D TelephonyManager: getAllCellInfo / caller PID: 2523, UID: 1000, TID: 4047
06-14 23:10:12.738  2523  4047 D TelephonyManager: getAllCellInfo / caller PID: 2523, UID: 1000, TID: 4047
06-14 23:10:12.740  2523  2639 I am_uid_running: 10247
06-14 23:10:12.742  2523  2523 I power_partial_wake_state: [REL,58,Prevent Sleep by AssistantDelay:android]
06-14 23:10:12.772  2523  2523 I notification_enqueue: [1001,3729,com.android.phone,3,NULL,0,Notification(channel=SIM 1 shortcut=null contentView=null vibrate=null sound=null defaults=0 flags=ONGOING_EVENT|ONLY_ALERT_ONCE|CAN_COLORIZE color=0xff2a56c6 groupKey=VOICE_MAIL_GROUP_KEY vis=PRIVATE semFlags=0x0 semPriority=0 semMissedCount=0),1,NULL]
06-14 23:10:12.780  2523  2640 I am_proc_start: [0,8267,10247,james.dsp,broadcast,{james.dsp/james.dsp.receiver.BootCompletedReceiver}]
06-14 23:10:12.814  3729  3729 D SST     : [1] SubscriptionListener.onSubscriptionInfoChanged
06-14 23:10:12.821  3729  3729 D SST     : [0] SubscriptionListener.onSubscriptionInfoChanged
06-14 23:10:12.821  3729  3729 D SST-SEM : [0] onSubscriptionInfoChanged - subId: 1
06-14 23:10:12.821  3729  3729 D SST-SEM : [1] onSubscriptionInfoChanged - subId: 2
06-14 23:10:12.833  3729  3729 D Phone-1 : getCallForwardingIndicatorFromSharedPref: for subId 2= 0. serviceClass: 0x1
06-14 23:10:12.833  3729  3729 V Phone-1 : getCallForwardingIndicator: iccForwardingFlag=0, sharedPrefFlag=0
06-14 23:10:12.835  2523  2523 I notification_cancel: [1001,3729,com.android.phone,4,2,0,0,33856,8,NULL]
06-14 23:10:12.853  3729  4452 D Phone-0 : isImsCapabilityAvailable, capability=1, regTech=0, isAvailable=false
06-14 23:10:12.856  3729  3729 D GsmCdmaPhone: [1] getVoiceMailNumber - number: length 6, source: SIM
06-14 23:10:12.883  2523  2523 I power_partial_wake_state: [REL,140,Prevent Sleep by AssistantDelay:android]
06-14 23:10:12.886  2523  2953 I service_manager_slow: [21,carrier_config]
06-14 23:10:12.888  3729  3762 D DPM-1   : Can't find any data profile that can satisfy [NetworkRequest [ NONE id=0, [ Capabilities: DUN&TRUSTED&NOT_VPN&NOT_VCN_MANAGED&NOT_BANDWIDTH_CONSTRAINED Uid: 1001 UnderlyingNetworks: Null] ], mPriority=30, state=UNSATISFIED, mAttachedDataNetwork=null, isMetered=true, created time=23:10:12.887, evaluation result=null]
06-14 23:10:12.888  3729  3762 D DPM-1   : Unable to find a data profile for [NetworkRequest [ NONE id=0, [ Capabilities: DUN&TRUSTED&NOT_VPN&NOT_VCN_MANAGED&NOT_BANDWIDTH_CONSTRAINED Uid: 1001 UnderlyingNetworks: Null] ], mPriority=30, state=UNSATISFIED, mAttachedDataNetwork=null, isMetered=true, created time=23:10:12.887, evaluation result=null]
06-14 23:10:12.891  2523  2523 I notification_enqueue: [1001,3729,com.android.phone,2,NULL,0,Notification(channel=SIM 2[SEC_SIM2] shortcut=null contentView=null vibrate=null sound=null defaults=0 flags=ONGOING_EVENT|ONLY_ALERT_ONCE|CAN_COLORIZE color=0xff2a56c6 groupKey=VOICE_MAIL_GROUP_KEY vis=PRIVATE semFlags=0x0 semPriority=0 semMissedCount=0),1,NULL]
06-14 23:10:12.893  3729  3729 D Phone-0 : getCallForwardingIndicatorFromSharedPref: for subId 1= 0. serviceClass: 0x1
06-14 23:10:12.893  3729  3729 D Phone-0 : getCallForwardingIndicatorFromSharedPref: for subId 1= 0. serviceClass: 0x1
06-14 23:10:12.893  3729  3729 V Phone-0 : getCallForwardingIndicator: iccForwardingFlag=-1, sharedPrefFlag=0
06-14 23:10:12.896  2523  2523 I notification_cancel: [1001,3729,com.android.phone,4,1,0,0,33856,8,NULL]
06-14 23:10:12.898  2523  2918 I commit_sys_config_file: [net-policy,8]
06-14 23:10:12.925  2523  2523 I sysui_multi_action: [757,199,758,1,759,0,793,36382,794,0,795,234,796,2,806,com.android.phone,857,SIM 2[SEC_SIM2],858,3,946,VOICE_MAIL_GROUP_KEY,947,0,1500,234,1688,1]
06-14 23:10:12.925  2523  2523 I notification_alert: [0|com.android.phone|2|null|1001,6,6,0,0]
06-14 23:10:12.926  2523  2953 I power_partial_wake_state: [REL,1,GnssVisibilityControl:android]
06-14 23:10:12.932  3729  4504 D Phone-1 : isImsCapabilityAvailable, capability=1, regTech=0, isAvailable=false
06-14 23:10:12.938  3729  3729 D GsmCdmaPhone: [0] getVoiceMailNumber - number: , source: 
06-14 23:10:12.978  2523  2523 I notification_cancel: [1000,2523,com.android.server.telecom,150,NULL,0,0,0,8,NULL]
06-14 23:10:12.979  2523  2523 I power_partial_wake_state: [REL,94,Prevent Sleep by AssistantDelay:android]
06-14 23:10:12.985  3729  3729 D SST     : [1] SubscriptionListener.onSubscriptionInfoChanged
06-14 23:10:12.985  3729  3729 D GsmCdmaPhone: [0] EVENT_SUBSCRIPTIONS_CHANGED
06-14 23:10:12.985  3729  3729 E Phone-0 : [0] Usage Setting is Supported but Preferred Setting Unknown!
06-14 23:10:12.985  3729  3729 I NullCipherNotifier: Ignoring setSubscriptionMapping. Notifier is disabled.
06-14 23:10:12.985  3729  3729 D GsmCdmaPhone: [1] EVENT_SUBSCRIPTIONS_CHANGED
06-14 23:10:12.985  3729  3729 E Phone-1 : [1] Usage Setting is Supported but Preferred Setting Unknown!
06-14 23:10:12.986  3729  3729 I NullCipherNotifier: Ignoring setSubscriptionMapping. Notifier is disabled.
06-14 23:10:12.986  3729  3729 D TelephonyNetworkFactory[0]: handleMessage msg={ when=-407ms what=2 target=com.android.internal.telephony.data.TelephonyNetworkFactory$InternalHandler }
06-14 23:10:12.986  3729  3729 D TelephonyNetworkFactory[1]: handleMessage msg={ when=-407ms what=2 target=com.android.internal.telephony.data.TelephonyNetworkFactory$InternalHandler }
06-14 23:10:12.987  3729  3729 D DDS-SemPhoneSwitcher: handleMessage msg={ when=-173ms what=102 target=com.android.internal.telephony.data.SemPhoneSwitcher }
06-14 23:10:12.987  3729  3729 D DDS-SemPhoneSwitcher: getRequestOverride : mNetworkRequestList.size() == 0
06-14 23:10:12.987  3729  3729 D DDS-SemPhoneSwitcher: getRequestOverride : RequestOverride(mState = NONE, mPhoneId = -1, mDelayReason = NONE)
06-14 23:10:12.987  3729  3729 D DDS-SemPhoneSwitcher: nRequestOverrideSubId : -1
06-14 23:10:12.987  3729  3729 D DDS-SemPhoneSwitcher: updatePreferredDataPhoneId: mPreferredDataPhoneId = 1(PRIMARYDATA)
06-14 23:10:12.987  3729  3729 D DDS-SemPhoneSwitcher: handleMessage msg={ when=-167ms what=102 target=com.android.internal.telephony.data.SemPhoneSwitcher }
06-14 23:10:12.987  3729  3729 D DDS-SemPhoneSwitcher: getRequestOverride : mNetworkRequestList.size() == 0
06-14 23:10:12.987  3729  3729 D DDS-SemPhoneSwitcher: getRequestOverride : RequestOverride(mState = NONE, mPhoneId = -1, mDelayReason = NONE)
06-14 23:10:12.987  3729  3729 D DDS-SemPhoneSwitcher: nRequestOverrideSubId : -1
06-14 23:10:12.988  3729  3729 D DDS-SemPhoneSwitcher: updatePreferredDataPhoneId: mPreferredDataPhoneId = 1(PRIMARYDATA)
06-14 23:10:12.988  3729  3729 D TelephonyNetworkFactory[1]: handleMessage msg={ when=-166ms what=2 target=com.android.internal.telephony.data.TelephonyNetworkFactory$InternalHandler }
06-14 23:10:12.988  3729  3729 D GsmCdmaPhone: [1] EVENT_SUBSCRIPTIONS_CHANGED
06-14 23:10:12.988  3729  3729 E Phone-1 : [1] Usage Setting is Supported but Preferred Setting Unknown!
06-14 23:10:12.988  3729  3729 I NullCipherNotifier: Ignoring setSubscriptionMapping. Notifier is disabled.
06-14 23:10:13.003  3729  3729 D ImsStateCallbackController: getImsManager subId = 1
06-14 23:10:13.004  3729  3729 D ImsManager [0]: Capability Callback registered for subscription.
06-14 23:10:13.012  3729  3729 D Phone-0 : isImsCapabilityAvailable, capability=1, regTech=0, isAvailable=false
06-14 23:10:13.012  3729  3729 D Phone-0 : isImsCapabilityAvailable, capability=1, regTech=1, isAvailable=false
06-14 23:10:13.013  3729  3729 D Phone-0 : isImsCapabilityAvailable, capability=1, regTech=2, isAvailable=false
06-14 23:10:13.017  3729  3729 D Phone-0 : getImsRegistrationTechnology =-1
06-14 23:10:13.045  2523  4962 I am_proc_bound: [0,8267,james.dsp]
06-14 23:10:13.054  3729  3729 D DNC-1   : isValidForEpdg: retValue=false
06-14 23:10:13.062  2523  2523 I sysui_multi_action: [757,199,758,1,759,0,793,35870,794,0,795,297,796,3,806,com.android.phone,857,SIM 1,858,3,946,VOICE_MAIL_GROUP_KEY,947,0,1500,297,1688,1]
06-14 23:10:13.062  2523  2523 I notification_alert: [0|com.android.phone|3|null|1001,6,6,0,0]
06-14 23:10:13.072  3729  3729 D GsmCdmaPhone: [0] mBroadcastReceiver: action android.telephony.action.CARRIER_CONFIG_CHANGED
06-14 23:10:13.097  2523  2805 I am_kill : [0,6411,com.samsung.android.dialer,975,empty #31,118968]
06-14 23:10:13.107  2523  2523 I power_partial_wake_state: [REL,426,NotificationManagerService:post:com.android.phone:android]
06-14 23:10:13.112  3729  3729 D TelephonyNetworkFactory[0]: got request NetworkRequest [ REQUEST id=197, [ Transports: SATELLITE Capabilities: INTERNET&NOT_RESTRICTED&TRUSTED&NOT_VCN_MANAGED Uid: 10294 RequestorUid: 10294 RequestorPkg: com.whatsapp UnderlyingNetworks: Null] ]
06-14 23:10:13.112  3729  3729 D TelephonyNetworkFactory[1]: got request NetworkRequest [ REQUEST id=197, [ Transports: SATELLITE Capabilities: INTERNET&NOT_RESTRICTED&TRUSTED&NOT_VCN_MANAGED Uid: 10294 RequestorUid: 10294 RequestorPkg: com.whatsapp UnderlyingNetworks: Null] ]
06-14 23:10:13.112  3729  3729 D TelephonyNetworkFactory[0]: handleMessage msg={ when=-128ms what=2 target=com.android.internal.telephony.data.TelephonyNetworkFactory$InternalHandler }
06-14 23:10:13.113  3729  3729 D GsmCdmaPhone: [0] EVENT_SUBSCRIPTIONS_CHANGED
06-14 23:10:13.113  3729  3729 E Phone-0 : [0] Usage Setting is Supported but Preferred Setting Unknown!
06-14 23:10:13.113  3729  3729 I NullCipherNotifier: Ignoring setSubscriptionMapping. Notifier is disabled.
06-14 23:10:13.114  3729  3729 D Phone-0 : getImsRegistrationTechnology =-1
06-14 23:10:13.127  2523  2523 I notification_enqueue: [1001,3729,com.android.phone,3,NULL,0,Notification(channel=SIM 1 shortcut=null contentView=null vibrate=null sound=null defaults=0 flags=ONGOING_EVENT|ONLY_ALERT_ONCE|CAN_COLORIZE color=0xff2a56c6 groupKey=VOICE_MAIL_GROUP_KEY vis=PRIVATE semFlags=0x0 semPriority=0 semMissedCount=0),1,NULL]
06-14 23:10:13.129  3729  3729 D Phone-1 : getCallForwardingIndicatorFromSharedPref: for subId 2= 0. serviceClass: 0x1
06-14 23:10:13.129  3729  3729 V Phone-1 : getCallForwardingIndicator: iccForwardingFlag=0, sharedPrefFlag=0
06-14 23:10:13.139  3729  3729 I service_manager_slow: [10,ImsBase]
06-14 23:10:13.143  2523  2523 I power_partial_wake_state: [REL,403,NotificationManagerService:post:com.android.phone:android]
06-14 23:10:13.165  2523  5967 I am_proc_died: [0,6411,com.samsung.android.dialer,975,19,116,2000]
06-14 23:10:13.166  2523  5967 I am_uid_stopped: 10093
06-14 23:10:13.173  3729  3729 D GsmCdmaPhone: [1] getVoiceMailNumber - number: length 6, source: SIM
06-14 23:10:13.182  3729  3762 D DPM-1   : Can't find any data profile that can satisfy [NetworkRequest [ NONE id=0, [ Capabilities: DUN&TRUSTED&NOT_VPN&NOT_VCN_MANAGED&NOT_BANDWIDTH_CONSTRAINED Uid: 1001 UnderlyingNetworks: Null] ], mPriority=30, state=UNSATISFIED, mAttachedDataNetwork=null, isMetered=true, created time=23:10:13.180, evaluation result=null]
06-14 23:10:13.182  3729  3762 D DPM-1   : Unable to find a data profile for [NetworkRequest [ NONE id=0, [ Capabilities: DUN&TRUSTED&NOT_VPN&NOT_VCN_MANAGED&NOT_BANDWIDTH_CONSTRAINED Uid: 1001 UnderlyingNetworks: Null] ], mPriority=30, state=UNSATISFIED, mAttachedDataNetwork=null, isMetered=true, created time=23:10:13.181, evaluation result=null]
06-14 23:10:13.183  2523  2523 I sysui_multi_action: [757,199,758,1,759,0,793,36640,794,0,795,314,796,2,806,com.android.phone,857,SIM 2[SEC_SIM2],858,3,946,VOICE_MAIL_GROUP_KEY,947,0,1500,314,1688,1]
06-14 23:10:13.183  2523  2523 I notification_alert: [0|com.android.phone|2|null|1001,6,6,0,0]
06-14 23:10:13.210  2523  2953 I power_partial_wake_state: [REL,3,GnssVisibilityControl:android]
06-14 23:10:13.224  2523  2523 I notification_cancel: [1001,3729,com.android.phone,4,2,0,0,33856,8,NULL]
06-14 23:10:13.229  3729  3729 D Phone-0 : getCallForwardingIndicatorFromSharedPref: for subId 1= 0. serviceClass: 0x1
06-14 23:10:13.229  3729  3729 D Phone-0 : getCallForwardingIndicatorFromSharedPref: for subId 1= 0. serviceClass: 0x1
06-14 23:10:13.229  3729  3729 V Phone-0 : getCallForwardingIndicator: iccForwardingFlag=-1, sharedPrefFlag=0
06-14 23:10:13.229  2523  2918 I commit_sys_config_file: [net-policy,65]
06-14 23:10:13.236  2523  2807 I power_partial_wake_state: [REL,314,wake:com.google.android.gms/.auth.account.be.accountstate.LoginAccountsChangedIntentService - 999:com.google.android.gms]
06-14 23:10:13.240  2523  2523 I power_partial_wake_state: [REL,255,Prevent Sleep by AssistantDelay:android]
06-14 23:10:13.251  2523  2523 I power_partial_wake_state: [REL,383,NotificationManagerService:post:com.android.phone:android]
06-14 23:10:13.255  2523  2523 I notification_enqueue: [1001,3729,com.android.phone,2,NULL,0,Notification(channel=SIM 2[SEC_SIM2] shortcut=null contentView=null vibrate=null sound=null defaults=0 flags=ONGOING_EVENT|ONLY_ALERT_ONCE|CAN_COLORIZE color=0xff2a56c6 groupKey=VOICE_MAIL_GROUP_KEY vis=PRIVATE semFlags=0x0 semPriority=0 semMissedCount=0),1,NULL]
06-14 23:10:13.313  2523  2523 I notification_cancel: [1001,3729,com.android.phone,4,1,0,0,33856,8,NULL]
06-14 23:10:13.317  3729  3729 D GsmCdmaPhone: [0] getVoiceMailNumber - number: , source: 
06-14 23:10:13.330  2523  2523 I power_partial_wake_state: [REL,88,Prevent Sleep by AssistantDelay:android]
06-14 23:10:13.341  2523  5986 W TelephonyRegistry: Pid 3729 has exceeded half the number of permissible registered listeners. Now at 100
06-14 23:10:13.358  2523  5986 W TelephonyRegistry: Pid 3729 has exceeded half the number of permissible registered listeners. Now at 101
06-14 23:10:13.364  2523  5986 I power_partial_wake_state: [CHG,0,*telephony-radio*:com.android.phone]
06-14 23:10:13.365  3729  3729 D RILJ    : [0367]> VOICE_RADIO_TECH [PHONE0]
06-14 23:10:13.366  3729  3729 D GsmCdmaPhone: [0] broadcastEmergencyCallStateChanges = false
06-14 23:10:13.366  3729  3729 E GsmCdmaPhone: [0] Invalid cdma_roaming_mode settings: -2
06-14 23:10:13.366  3729  3729 D GsmCdmaPhone: [0] VoNR setting from telephony.db:-1 ,vonr_enabled_bool:false ,vonr_on_by_default_bool:true
06-14 23:10:13.367  3729  3729 D Phone-0 : [0] SubId1,load allowed network types : value = user=316295,enable_2g=54223
06-14 23:10:13.366  1782  1782 E RILC    : responseInt: Invalid response
06-14 23:10:13.368  3729  3729 D RILJ    : [0368]> GET_RADIO_CAPABILITY [PHONE0]
06-14 23:10:13.369  3729  3729 D TelephonyNetworkFactory[0]: handleMessage msg={ when=-257ms what=3 obj=NetworkRequest [ REQUEST id=197, [ Transports: SATELLITE Capabilities: INTERNET&NOT_RESTRICTED&TRUSTED&NOT_VCN_MANAGED Uid: 10294 RequestorUid: 10294 RequestorPkg: com.whatsapp UnderlyingNetworks: Null] ] target=com.android.internal.telephony.data.TelephonyNetworkFactory$InternalHandler }
06-14 23:10:13.370  3729  3729 D TelephonyNetworkFactory[0]: onNeedNetworkFor: preferredDataPhoneId isn't update. networkCapability : 12, wait onActivePhoneSwitch, needDdsChange : false
06-14 23:10:13.370  3729  3743 D RILJ    : [0367]< VOICE_RADIO_TECH error 1 [PHONE0]
06-14 23:10:13.371  3729  3743 D RilRequest: [0367]< VOICE_RADIO_TECH error: com.android.internal.telephony.CommandException: RADIO_NOT_AVAILABLE ret={-1} result={ when=-1m22s311ms what=40 target=com.android.internal.telephony.SemGsmCdmaPhone }
06-14 23:10:13.371  3729  4470 D RILJ    : convertHalRadioCapability: session=0, phase=4, rat=316295, logicModemUuid=0, status=1, rcRil.raf=642574 [PHONE0]
06-14 23:10:13.371  3729  4470 D RILJ    : [0368]< GET_RADIO_CAPABILITY {mPhoneId = 0 mVersion=1 mSession=0 mPhase=4 mRadioAccessFamily=316295 mLogicModemId=0 mStatus=1} [PHONE0]
06-14 23:10:13.372  2523  5967 I power_partial_wake_state: [CHG,7,*telephony-radio*:com.android.phone]
06-14 23:10:13.373  2523  2802 I power_partial_wake_state: [REL,0,*telephony-radio*:com.android.phone]
06-14 23:10:13.374  3729  3729 D TelephonyNetworkFactory[0]: onNeedNetworkFor [NetworkRequest [ REQUEST id=197, [ Transports: SATELLITE Capabilities: INTERNET&NOT_RESTRICTED&TRUSTED&NOT_VCN_MANAGED Uid: 10294 RequestorUid: 10294 RequestorPkg: com.whatsapp UnderlyingNetworks: Null] ], mPriority=20, state=UNSATISFIED, mAttachedDataNetwork=null, isMetered=true, created time=23:10:13.369, evaluation result=null] shouldApply false
06-14 23:10:13.374  3729  3729 D TelephonyNetworkFactory[1]: handleMessage msg={ when=-262ms what=3 obj=NetworkRequest [ REQUEST id=197, [ Transports: SATELLITE Capabilities: INTERNET&NOT_RESTRICTED&TRUSTED&NOT_VCN_MANAGED Uid: 10294 RequestorUid: 10294 RequestorPkg: com.whatsapp UnderlyingNetworks: Null] ] target=com.android.internal.telephony.data.TelephonyNetworkFactory$InternalHandler }
06-14 23:10:13.375  3729  3729 D TelephonyNetworkFactory[1]: onNeedNetworkFor [NetworkRequest [ REQUEST id=197, [ Transports: SATELLITE Capabilities: INTERNET&NOT_RESTRICTED&TRUSTED&NOT_VCN_MANAGED Uid: 10294 RequestorUid: 10294 RequestorPkg: com.whatsapp UnderlyingNetworks: Null] ], mPriority=20, state=UNSATISFIED, mAttachedDataNetwork=null, isMetered=true, created time=23:10:13.375, evaluation result=null] shouldApply true
06-14 23:10:13.375  3729  3729 D GsmCdmaPhone: [1] mBroadcastReceiver: action android.telephony.action.CARRIER_CONFIG_CHANGED
06-14 23:10:13.376  3729  3729 D ImsStateCallbackController: notifyCarrierConfigChanged slotId=0
06-14 23:10:13.376  3729  3966 D ImsStateCallbackController: handleMessage: { when=0 what=4 target=com.android.phone.ImsStateCallbackController$MyHandler }
06-14 23:10:13.376  3729  3966 D ImsStateCallbackController: onCarrierConfigChanged slotId=0
06-14 23:10:13.376  2523  2523 I sysui_multi_action: [757,199,758,1,759,0,793,36184,794,0,795,427,796,3,806,com.android.phone,857,SIM 1,858,3,946,VOICE_MAIL_GROUP_KEY,947,0,1500,427,1688,1]
06-14 23:10:13.376  2523  2523 I notification_alert: [0|com.android.phone|3|null|1001,6,6,0,0]
06-14 23:10:13.380  3729  3729 D ImsStateCallbackController: notifyExternalRcsStateChanged slotId=0, ready=false, hasActiveFeatures=false
06-14 23:10:13.392  2523  2523 I notification_enqueue: [1001,3729,com.android.phone,3,NULL,0,Notification(channel=SIM 1 shortcut=null contentView=null vibrate=null sound=null defaults=0 flags=ONGOING_EVENT|ONLY_ALERT_ONCE|CAN_COLORIZE color=0xff2a56c6 groupKey=VOICE_MAIL_GROUP_KEY vis=PRIVATE semFlags=0x0 semPriority=0 semMissedCount=0),1,NULL]
06-14 23:10:13.395  2523  2523 I power_partial_wake_state: [REL,448,NotificationManagerService:post:com.android.phone:android]
06-14 23:10:13.415  2523  6261 I am_uid_active: 10247
06-14 23:10:13.423  2523  2639 I am_uid_running: 10181
06-14 23:10:13.461  3729  3966 D ImsStateCallbackController: verifyImsMmTelConfigured slotId=0, ret=true
06-14 23:10:13.472  2523  2523 I sysui_multi_action: [757,199,758,1,759,0,793,36929,794,0,795,284,796,2,806,com.android.phone,857,SIM 2[SEC_SIM2],858,3,946,VOICE_MAIL_GROUP_KEY,947,0,1500,284,1688,1]
06-14 23:10:13.473  2523  2523 I notification_alert: [0|com.android.phone|2|null|1001,6,6,0,0]
06-14 23:10:13.474  2523  2640 I am_proc_start: [0,8305,10181,com.google.android.apps.carrier.carrierwifi,broadcast,{com.google.android.apps.carrier.carrierwifi/com.google.android.apps.carrier.carrierwifi.CarrierWifiReceiver}]
06-14 23:10:13.488  3729  3729 D ImsStateCallbackController: getImsManager subId = 2
06-14 23:10:13.488  3729  3966 D ImsStateCallbackController: verifyImsRcsConfigured slotId=0, ret=false
06-14 23:10:13.488  3729  3966 D ImsStateCallbackController: handleMessage: { when=-108ms what=5 obj=com.android.phone.ImsStateCallbackController$ExternalRcsFeatureState@fe3b7a2 target=com.android.phone.ImsStateCallbackController$MyHandler }
06-14 23:10:13.488  3729  3966 D ImsStateCallbackController: onExternalRcsStateChanged slotId=0, state=UNAVAILABLE, reason=NO_IMS_SERVICE_CONFIGURED
06-14 23:10:13.489  3729  3966 D ImsStateCallbackController: [0, RCS] notifyExternalRcsState state=UNAVAILABLE, reason=NO_IMS_SERVICE_CONFIGURED
06-14 23:10:13.489  3729  3729 D ImsManager [1]: Capability Callback registered for subscription.
06-14 23:10:13.492  3729  3729 D Phone-1 : isImsCapabilityAvailable, capability=1, regTech=0, isAvailable=false
06-14 23:10:13.492  3729  3729 D Phone-1 : isImsCapabilityAvailable, capability=1, regTech=1, isAvailable=false
06-14 23:10:13.493  3729  3729 D Phone-1 : isImsCapabilityAvailable, capability=1, regTech=2, isAvailable=false
06-14 23:10:13.499  3729  3729 D Phone-1 : getImsRegistrationTechnology =-1
06-14 23:10:13.504  4515  5149 I dvm_lock_sample: [com.google.android.gms.persisten,0,highpool[2],15,:com.google.android.gms@262031035@26.20.31 (260400-919905943),5,android.database.sqlite.SQLiteDatabase fdsf.k(),-,323,android.database.sqlite.SQLiteDatabase fdsf.k(),3]
06-14 23:10:13.533  2523  2595 I am_kill : [0,5756,com.android.printspooler,995,empty #31,102940]
06-14 23:10:13.535  2523  2523 I power_partial_wake_state: [REL,347,NotificationManagerService:post:com.android.phone:android]
06-14 23:10:13.551  3729  3729 D DNC-1   : isValidForEpdg: retValue=false
06-14 23:10:13.553  3729  3729 D GsmCdmaPhone: [0] mBroadcastReceiver: action android.telephony.action.CARRIER_CONFIG_CHANGED
06-14 23:10:13.553  3729  3729 D GsmCdmaPhone: [1] mBroadcastReceiver: action android.telephony.action.CARRIER_CONFIG_CHANGED
06-14 23:10:13.561  3729  3729 D ImsStateCallbackController: notifyCarrierConfigChanged slotId=1
06-14 23:10:13.561  3729  3966 D ImsStateCallbackController: handleMessage: { when=0 what=4 arg1=1 target=com.android.phone.ImsStateCallbackController$MyHandler }
06-14 23:10:13.561  3729  3966 D ImsStateCallbackController: onCarrierConfigChanged slotId=1
06-14 23:10:13.562  3729  3966 D ImsStateCallbackController: verifyImsMmTelConfigured slotId=1, ret=true
06-14 23:10:13.584  3729  3729 D ImsStateCallbackController: notifyExternalRcsStateChanged slotId=1, ready=false, hasActiveFeatures=false
06-14 23:10:13.585  3729  3966 D ImsStateCallbackController: verifyImsRcsConfigured slotId=1, ret=false
06-14 23:10:13.585  3729  3729 E GsmCdmaPhone: [0] EVENT_REQUEST_VOICE_RADIO_TECH_DONE: exception=com.android.internal.telephony.CommandException: RADIO_NOT_AVAILABLE
06-14 23:10:13.585  3729  3966 D ImsStateCallbackController: handleMessage: { when=-1ms what=5 obj=com.android.phone.ImsStateCallbackController$ExternalRcsFeatureState@d3ddbf0 target=com.android.phone.ImsStateCallbackController$MyHandler }
06-14 23:10:13.585  3729  3966 D ImsStateCallbackController: onExternalRcsStateChanged slotId=1, state=UNAVAILABLE, reason=NO_IMS_SERVICE_CONFIGURED
06-14 23:10:13.585  3729  3966 D ImsStateCallbackController: [1, RCS] notifyExternalRcsState state=UNAVAILABLE, reason=NO_IMS_SERVICE_CONFIGURED
06-14 23:10:13.585  3729  3729 E Phone-0 : [0] Usage Setting is Supported but Preferred Setting Unknown!
06-14 23:10:13.585  3729  3729 D GsmCdmaPhone: EVENT_GET_RADIO_CAPABILITY: phone rc: {mPhoneId = 0 mVersion=1 mSession=0 mPhase=4 mRadioAccessFamily=316295 mLogicModemId=0 mStatus=1}
06-14 23:10:13.586  3729  3729 D DNC-1   : onAddNetworkRequest: added [NetworkRequest [ REQUEST id=197, [ Transports: SATELLITE Capabilities: INTERNET&NOT_RESTRICTED&TRUSTED&NOT_VCN_MANAGED Uid: 10294 RequestorUid: 10294 RequestorPkg: com.whatsapp UnderlyingNetworks: Null] ], mPriority=20, state=UNSATISFIED, mAttachedDataNetwork=null, isMetered=true, created time=23:10:13.375, evaluation result=null]
06-14 23:10:13.589  3729  3729 D DNC-1   : isValidForEpdg: retValue=false
06-14 23:10:13.591  3729  3729 E DNC-1   : DataAllowPopup, necessary? apnType=17, disallowed_reason=true, home_disabled=true, roam_disabled=false
06-14 23:10:13.591  3729  3729 D DNC-1   : DataTariff - Not Supoort TSS 2.0
06-14 23:10:13.592  3729  3729 D DNC-1   : Data evaluation: evaluation reason:NEW_REQUEST, Data disallowed reasons: RADIO_POWER_OFF NOT_IN_SERVICE DATA_NETWORK_TRANSPORT_NOT_ALLOWED DATA_DISABLED, candidate profile=null, time=23:10:13.590, network type=UNKNOWN, reg state=UNKNOWN, [NetworkRequest [ REQUEST id=197, [ Transports: SATELLITE Capabilities: INTERNET&NOT_RESTRICTED&TRUSTED&NOT_VCN_MANAGED Uid: 10294 RequestorUid: 10294 RequestorPkg: com.whatsapp UnderlyingNetworks: Null] ], mPriority=20, state=UNSATISFIED, mAttachedDataNetwork=null, isMetered=true, created time=23:10:13.375, evaluation result=Data evaluation: evaluation reason:NEW_REQUEST, Data disallowed reasons: RADIO_POWER_OFF NOT_IN_SERVICE DATA_NETWORK_TRANSPORT_NOT_ALLOWED DATA_DISABLED, candidate profile=null, time=23:10:13.590]
06-14 23:10:13.598  3729  3729 D Phone-1 : getImsRegistrationTechnology =-1
06-14 23:10:13.609  2523  5986 I am_proc_died: [0,5756,com.android.printspooler,995,19,69,2021]
06-14 23:10:13.610  2523  5986 I am_uid_stopped: 10145
06-14 23:10:13.613  2523  2523 I sysui_multi_action: [757,199,758,1,759,0,793,36421,794,0,795,283,796,3,806,com.android.phone,857,SIM 1,858,3,946,VOICE_MAIL_GROUP_KEY,947,0,1500,283,1688,1]
06-14 23:10:13.613  2523  2523 I notification_alert: [0|com.android.phone|3|null|1001,6,6,0,0]
06-14 23:10:13.633  3729  3729 D Phone-1 : getCallForwardingIndicatorFromSharedPref: for subId 2= 0. serviceClass: 0x1
06-14 23:10:13.633  3729  3729 V Phone-1 : getCallForwardingIndicator: iccForwardingFlag=0, sharedPrefFlag=0
06-14 23:10:13.635  2523  2595 I power_partial_wake_state: [REL,482,GnpBroadcastReceiver:com.google.android.googlequicksearchbox]
06-14 23:10:13.651  2523  2523 I power_partial_wake_state: [REL,322,NotificationManagerService:post:com.android.phone:android]
06-14 23:10:13.662  2523  2523 I notification_cancel: [1001,3729,com.android.phone,4,2,0,0,33856,8,NULL]
06-14 23:10:13.705  2523  2807 I am_proc_bound: [0,8305,com.google.android.apps.carrier.carrierwifi]
06-14 23:10:13.713  3828  4005 I service_manager_slow: [77,carrier_config]
06-14 23:10:13.726  3729  3729 D GsmCdmaPhone: [1] getVoiceMailNumber - number: length 6, source: SIM
06-14 23:10:13.753  2523  2523 I power_partial_wake_state: [REL,423,Prevent Sleep by AssistantDelay:android]
06-14 23:10:13.761  2523  2639 I am_uid_active: 10092
06-14 23:10:13.773  2523  5986 I dvm_lock_sample: [system_server,1,binder:2523_1A,11,qb/98211615 cf7b145fa1f6b8b22d4aca2ef97f52f62898cf97fb81fa54f2fbee984401cde3,31,void com.android.server.am.ActivityManagerService$LocalService.setPendingIntentAllowBgActivityStarts(android.content.IIntentSender, android.os.IBinder, int),,0,null,2]
06-14 23:10:13.776  2523  2523 I notification_enqueue: [1001,3729,com.android.phone,2,NULL,0,Notification(channel=SIM 2[SEC_SIM2] shortcut=null contentView=null vibrate=null sound=null defaults=0 flags=ONGOING_EVENT|ONLY_ALERT_ONCE|CAN_COLORIZE color=0xff2a56c6 groupKey=VOICE_MAIL_GROUP_KEY vis=PRIVATE semFlags=0x0 semPriority=0 semMissedCount=0),1,NULL]
06-14 23:10:13.793  3729  3729 D Phone-0 : getCallForwardingIndicatorFromSharedPref: for subId 1= 0. serviceClass: 0x1
06-14 23:10:13.793  3729  3729 D Phone-0 : getCallForwardingIndicatorFromSharedPref: for subId 1= 0. serviceClass: 0x1
06-14 23:10:13.793  3729  3729 V Phone-0 : getCallForwardingIndicator: iccForwardingFlag=-1, sharedPrefFlag=0
06-14 23:10:13.818  2523  2523 I notification_cancel: [1001,3729,com.android.phone,4,1,0,0,33856,8,NULL]
06-14 23:10:13.828  3729  3729 D GsmCdmaPhone: [0] getVoiceMailNumber - number: , source: 
06-14 23:10:13.839  2523  2523 I power_partial_wake_state: [REL,85,Prevent Sleep by AssistantDelay:android]
06-14 23:10:13.840  2523  2807 I power_partial_wake_state: [REL,47,*job*/com.samsung.android.app.contacts/com.samsung.android.dialtacts.model.usagereportservice.UsageReportServiceModel$UsageReportJobIntentService:android]
06-14 23:10:13.845  2523  2523 I notification_enqueue: [1001,3729,com.android.phone,3,NULL,0,Notification(channel=SIM 1 shortcut=null contentView=null vibrate=null sound=null defaults=0 flags=ONGOING_EVENT|ONLY_ALERT_ONCE|CAN_COLORIZE color=0xff2a56c6 groupKey=VOICE_MAIL_GROUP_KEY vis=PRIVATE semFlags=0x0 semPriority=0 semMissedCount=0),1,NULL]
06-14 23:10:13.874  2523  2802 W TelephonyRegistry: Pid 3729 has exceeded half the number of permissible registered listeners. Now at 101
06-14 23:10:13.887  2523  2802 I am_kill : [0,6945,com.samsung.android.uds,975,empty #31,104940]
06-14 23:10:13.938  2523  6261 W TelephonyRegistry: Pid 3729 has exceeded half the number of permissible registered listeners. Now at 102
06-14 23:10:13.942  2523  6261 I power_partial_wake_state: [CHG,1,*telephony-radio*:com.android.phone]
06-14 23:10:13.943  3729  3729 D RILJ    : [0369]> VOICE_RADIO_TECH [PHONE1]
06-14 23:10:13.944  3729  3729 D GsmCdmaPhone: [1] broadcastEmergencyCallStateChanges = false
06-14 23:10:13.945  3729  3729 E GsmCdmaPhone: [1] Invalid cdma_roaming_mode settings: -2
06-14 23:10:13.944  1782  1782 E RILC    : responseInt: Invalid response
06-14 23:10:13.945  3729  3729 D GsmCdmaPhone: [1] VoNR setting from telephony.db:-1 ,vonr_enabled_bool:false ,vonr_on_by_default_bool:true
06-14 23:10:13.945  3729  3729 D Phone-1 : [1] SubId2,load allowed network types : value = user=316295,enable_2g=54223
06-14 23:10:13.946  2523  5986 I power_partial_wake_state: [REL,3008,clockPackage:AlarmReceiverWakeLock:com.sec.android.app.clockpackage]
06-14 23:10:13.953  3729  3729 D RILJ    : [0370]> GET_RADIO_CAPABILITY [PHONE1]
06-14 23:10:13.976  3729  4470 D RILJ    : convertHalRadioCapability: session=0, phase=4, rat=316295, logicModemUuid=1, status=1, rcRil.raf=642574 [PHONE1]
06-14 23:10:13.976  3729  4470 D RILJ    : [0370]< GET_RADIO_CAPABILITY {mPhoneId = 1 mVersion=1 mSession=0 mPhase=4 mRadioAccessFamily=316295 mLogicModemId=1 mStatus=1} [PHONE1]
06-14 23:10:13.992  3729  3729 D DNC-1   : isValidForEpdg: retValue=false
06-14 23:10:13.995  3729  3729 E Phone-1 : [1] Usage Setting is Supported but Preferred Setting Unknown!
06-14 23:10:13.995  3729  3729 D GsmCdmaPhone: EVENT_GET_RADIO_CAPABILITY: phone rc: {mPhoneId = 1 mVersion=1 mSession=0 mPhase=4 mRadioAccessFamily=316295 mLogicModemId=1 mStatus=1}
06-14 23:10:14.000  2523  2523 I sysui_multi_action: [757,199,758,1,759,0,793,37457,794,0,795,246,796,2,806,com.android.phone,857,SIM 2[SEC_SIM2],858,3,946,VOICE_MAIL_GROUP_KEY,947,0,1500,246,1688,1]
06-14 23:10:14.000  2523  2523 I notification_alert: [0|com.android.phone|2|null|1001,6,6,0,0]
06-14 23:10:14.001  3729  3743 D RILJ    : [0369]< VOICE_RADIO_TECH error 1 [PHONE1]
06-14 23:10:14.001  3729  3743 D RilRequest: [0369]< VOICE_RADIO_TECH error: com.android.internal.telephony.CommandException: RADIO_NOT_AVAILABLE ret={-1} result={ when=-1m22s942ms what=40 target=com.android.internal.telephony.SemGsmCdmaPhone }
06-14 23:10:14.005  3729  3729 E GsmCdmaPhone: [1] EVENT_REQUEST_VOICE_RADIO_TECH_DONE: exception=com.android.internal.telephony.CommandException: RADIO_NOT_AVAILABLE
06-14 23:10:14.006  2523  2805 I am_proc_died: [0,6945,com.samsung.android.uds,975,19,85,1995]
06-14 23:10:14.019  2523  2595 I power_partial_wake_state: [CHG,77,*telephony-radio*:com.android.phone]
06-14 23:10:14.024  2523  5986 I power_partial_wake_state: [REL,3,*telephony-radio*:com.android.phone]
06-14 23:10:14.030  2523  2523 I power_partial_wake_state: [REL,276,NotificationManagerService:post:com.android.phone:android]
06-14 23:10:14.039  2523  2802 I power_partial_wake_state: [REL,17,*job*/@androidx.work.systemjobscheduler@com.google.android.googlequicksearchbox/androidx.work.impl.background.systemjob.SystemJobService:android]
06-14 23:10:14.049  2523  2523 I notification_cancel: [10193,4515,com.google.android.gms,1,com.google.android.backup.notification.account.tag,0,0,33856,8,NULL]
06-14 23:10:14.077  2523  2523 I sysui_multi_action: [757,199,758,1,759,0,793,36885,794,0,795,235,796,3,806,com.android.phone,857,SIM 1,858,3,946,VOICE_MAIL_GROUP_KEY,947,0,1500,235,1688,1]
06-14 23:10:14.077  2523  2523 I notification_alert: [0|com.android.phone|3|null|1001,6,6,0,0]
06-14 23:10:14.103  2523  2523 I power_partial_wake_state: [REL,263,NotificationManagerService:post:com.android.phone:android]
06-14 23:10:14.109  2523  6290 I am_foreground_service_start: [0,james.dsp/.service.HeadsetService,0,BOOT_COMPLETED,29,29,0,0,0,1,UNKNOWN,0]
06-14 23:10:14.129  2523  2523 I power_partial_wake_state: [REL,289,Prevent Sleep by AssistantDelay:android]
06-14 23:10:14.140  2523  2639 I power_partial_wake_state: [REL,11,NotificationManagerService:post:james.dsp:android]
06-14 23:10:14.143  2523  6080 I am_uid_active: 10181
06-14 23:10:14.164  2523  4044 I power_partial_wake_state: [REL,370,*job*/com.samsung.android.app.contacts/com.samsung.android.dialtacts.model.usagereportservice.UsageReportServiceModel$UsageReportJobIntentService:android]
06-14 23:10:14.200  2523  2640 I am_proc_start: [0,8348,10190,com.google.android.apps.messaging,broadcast,{com.google.android.apps.messaging/com.google.android.apps.messaging.shared.receiver.RestoreReceiver}]
06-14 23:10:14.304  2523  5965 I am_proc_bound: [0,8348,com.google.android.apps.messaging]
